******************************************************************************
                  TI ARM Linker PC v20.2.7                     
******************************************************************************
>> Linked Tue Apr  8 17:02:28 2025

OUTPUT FILE NAME:   <Lab7(2).out>
ENTRY POINT SYMBOL: "_c_int00_noargs"  address: 00008215


MEMORY CONFIGURATION

         name            origin    length      used     unused   attr    fill
----------------------  --------  ---------  --------  --------  ----  --------
  FLASH                 00000000   00040000  0000884b  000377b5  R  X
  SRAM                  20000000   00008000  00002344  00005cbc  RW X


SEGMENT ALLOCATION MAP

run origin  load origin   length   init length attrs members
----------  ----------- ---------- ----------- ----- -------
00000000    00000000    00008850   00008850    r-x
  00000000    00000000    0000026c   0000026c    r-- .intvecs
  0000026c    0000026c    00008254   00008254    r-x .text
  000084c0    000084c0    00000323   00000323    r-- .const
  000087e8    000087e8    00000068   00000068    r-- .cinit
20000000    20000000    00002348   00000000    rw-
  20000000    20000000    0000026c   00000000    rw- .vtable
  20000270    20000270    00001000   00000000    rw- .stack
  20001270    20001270    00001000   00000000    rw- .sysmem
  20002270    20002270    00000070   00000000    rw- .bss
  200022e0    200022e0    00000068   00000000    rw- .data


SECTION ALLOCATION MAP

 output                                  attributes/
section   page    origin      length       input sections
--------  ----  ----------  ----------   ----------------
.intvecs   0    00000000    0000026c     
                  00000000    0000026c     tm4c123gh6pm_startup_ccs.obj (.intvecs)

.text      0    0000026c    00008254     
                  0000026c    00000c20     open_interface.obj (.text)
                  00000e8c    00000a4e     rtsv7M4_T_le_v4SPD16_eabi.lib : _printfi.c.obj (.text:__TI_printfi)
                  000018da    00000002                                   : _lock.c.obj (.text:_nop)
                  000018dc    000009d0                                   : e_pow.c.obj (.text:pow)
                  000022ac    00000738                                   : k_rem_pio2.c.obj (.text:__kernel_rem_pio2)
                  000029e4    0000072c     find_objects.obj (.text)
                  00003110    000006f0     main.obj (.text)
                  00003800    00000648     move.obj (.text)
                  00003e48    000005e0     rtsv7M4_T_le_v4SPD16_eabi.lib : s_sin.c.obj (.text:sin)
                  00004428    000005dc                                   : s_cos.c.obj (.text:cos)
                  00004a04    00000508                                   : s_tan.c.obj (.text:tan)
                  00004f0c    0000041c                                   : e_acos.c.obj (.text:acos)
                  00005328    00000328     lcd.obj (.text)
                  00005650    0000031c     rtsv7M4_T_le_v4SPD16_eabi.lib : k_tan.c.obj (.text:__kernel_tan)
                  0000596c    000002e0     servo.obj (.text)
                  00005c4c    000002ac     ping.obj (.text)
                  00005ef8    00000270     rtsv7M4_T_le_v4SPD16_eabi.lib : _printfi.c.obj (.text:_pconv_a)
                  00006168    0000024c     uart-interrupt.obj (.text)
                  000063b4    00000248     Timer.obj (.text)
                  000065fc    000001d0     rtsv7M4_T_le_v4SPD16_eabi.lib : _printfi.c.obj (.text:_pconv_g)
                  000067cc    000001b6                                   : fd_add_t2.asm.obj (.text)
                  00006982    00000002                                   : div0.asm.obj (.text)
                  00006984    00000174                                   : k_sin.c.obj (.text:__kernel_sin)
                  00006af8    00000170                                   : k_cos.c.obj (.text:__kernel_cos)
                  00006c68    00000158                                   : e_sqrt.c.obj (.text:sqrt)
                  00006dc0    00000148     adc.obj (.text)
                  00006f08    0000013c     rtsv7M4_T_le_v4SPD16_eabi.lib : _printfi.c.obj (.text:_pconv_e)
                  00007044    00000136                                   : fd_div_t2.asm.obj (.text)
                  0000717a    00000002     --HOLE-- [fill = 0]
                  0000717c    00000124                                   : _printfi.c.obj (.text:fcvt)
                  000072a0    00000110                                   : s_scalbn.c.obj (.text:scalbn)
                  000073b0    00000100                                   : memory.c.obj (.text:aligned_alloc)
                  000074b0    000000fc                                   : fd_mul_t2.asm.obj (.text)
                  000075ac    000000f8                                   : s_floor.c.obj (.text:floor)
                  000076a4    000000e4                                   : memory.c.obj (.text:free)
                  00007788    000000e4                                   : memory.c.obj (.text:realloc)
                  0000786c    000000b1                                   : _printfi.c.obj (.text:_ltostr)
                  0000791d    00000003     --HOLE-- [fill = 0]
                  00007920    000000a4     button.obj (.text)
                  000079c4    0000009c     rtsv7M4_T_le_v4SPD16_eabi.lib : memcpy_t2.asm.obj (.text)
                  00007a60    00000096                                   : ull_div_t2.asm.obj (.text)
                  00007af6    00000086                                   : fd_cmp_t2.asm.obj (.text:__aeabi_cdcmple)
                  00007b7c    00000086                                   : fd_cmp_t2.asm.obj (.text:__aeabi_cdrcmple)
                  00007c02    0000007a                                   : memset_t2.asm.obj (.text)
                  00007c7c    00000070                                   : memory.c.obj (.text:split)
                  00007cec    0000006e                                   : _printfi.c.obj (.text:_mcpy)
                  00007d5a    0000006e                                   : fd_tos_t2.asm.obj (.text)
                  00007dc8    00000068                                   : copy_decompress_lzss.c.obj (.text:decompress:lzss:__TI_decompress_lzss)
                  00007e30    00000064                                   : s_frexp.c.obj (.text:frexp)
                  00007e94    00000056                                   : _printfi.c.obj (.text:_pconv_f)
                  00007eea    00000054                                   : _ltoa.c.obj (.text:__TI_ltoa)
                  00007f3e    00000052                                   : _printfi.c.obj (.text:_ecpy)
                  00007f90    0000004c                                   : atoi.c.obj (.text:atoi)
                  00007fdc    0000004c                                   : snprintf.c.obj (.text:snprintf)
                  00008028    00000048                                   : fd_toi_t2.asm.obj (.text)
                  00008070    00000044                                   : autoinit.c.obj (.text:__TI_auto_init_nobinit_nopinit:__TI_auto_init_nobinit_nopinit)
                  000080b4    00000040                                   : vsnprintf.c.obj (.text:vsnprintf)
                  000080f4    0000003e                                   : _printfi.c.obj (.text:_fcpy)
                  00008132    0000003c     cyBot_Scan.obj (.text)
                  0000816e    00000002     --HOLE-- [fill = 0]
                  00008170    00000038     rtsv7M4_T_le_v4SPD16_eabi.lib : memory.c.obj (.text:calloc)
                  000081a8    00000038                                   : fs_tod_t2.asm.obj (.text)
                  000081e0    00000034     driverlib.lib : interrupt.obj (.text:IntRegister)
                  00008214    00000034     rtsv7M4_T_le_v4SPD16_eabi.lib : boot_cortex_m.c.obj (.text:_c_int00_noargs:_c_int00_noargs)
                  00008248    00000030                                   : snprintf.c.obj (.text:_outs)
                  00008278    00000030                                   : vsnprintf.c.obj (.text:_outs)
                  000082a8    0000002e                                   : i_tofd_t2.asm.obj (.text)
                  000082d6    00000002     --HOLE-- [fill = 0]
                  000082d8    00000028                                   : memory.c.obj (.text:free_list_insert)
                  00008300    00000024     move.obj (.text:turned_right)
                  00008324    00000020     rtsv7M4_T_le_v4SPD16_eabi.lib : u_tofd_t2.asm.obj (.text)
                  00008344    0000001c                                   : copy_zero_init.c.obj (.text:decompress:ZI:__TI_zero_init_nomemset:__TI_zero_init_nomemset)
                  00008360    0000001c                                   : memory.c.obj (.text:free_list_remove)
                  0000837c    0000001c                                   : memccpy.c.obj (.text:memccpy)
                  00008398    0000001a                                   : s_copysign.c.obj (.text:copysign)
                  000083b2    00000018                                   : snprintf.c.obj (.text:_outc)
                  000083ca    00000018                                   : vsnprintf.c.obj (.text:_outc)
                  000083e2    00000018     open_interface.obj (.text:oi_parseInt)
                  000083fa    00000018     rtsv7M4_T_le_v4SPD16_eabi.lib : strcmp.c.obj (.text:strcmp)
                  00008412    00000016                                   : strchr.c.obj (.text:strchr)
                  00008428    00000014                                   : strcpy.c.obj (.text:strcpy)
                  0000843c    00000014                                   : strlen.c.obj (.text:strlen)
                  00008450    00000012                                   : wcslen.c.obj (.text:wcslen)
                  00008462    00000010     driverlib.lib : interrupt.obj (.text:IntMasterEnable)
                  00008472    00000010     lcd.obj (.text:lcd_clear)
                  00008482    0000000e     rtsv7M4_T_le_v4SPD16_eabi.lib : copy_decompress_none.c.obj (.text:decompress:none:__TI_decompress_none)
                  00008490    0000000c     driverlib.lib : cpu.obj (.text:CPUcpsie)
                  0000849c    0000000c     tm4c123gh6pm_startup_ccs.obj (.text)
                  000084a8    00000008     rtsv7M4_T_le_v4SPD16_eabi.lib : errno.c.obj (.text:__aeabi_errno_addr)
                  000084b0    00000008                                   : memory.c.obj (.text:malloc)
                  000084b8    00000004                                   : pre_init.c.obj (.text:_system_pre_init)
                  000084bc    00000004                                   : exit.c.obj (.text:abort:abort)

.const     0    000084c0    00000323     
                  000084c0    00000158     rtsv7M4_T_le_v4SPD16_eabi.lib : k_rem_pio2.c.obj (.const:$O1$$)
                  00008618    00000101                                   : ctype.c.obj (.const:.string:_ctypes_)
                  00008719    00000004     lcd.obj (.const:.string:lineAddress$1)
                  0000871d    00000003     --HOLE-- [fill = 0]
                  00008720    00000080     rtsv7M4_T_le_v4SPD16_eabi.lib : k_tan.c.obj (.const:xxx)
                  000087a0    00000030                                   : e_pow.c.obj (.const:$O1$$)
                  000087d0    0000000f     open_interface.obj (.const:.string:$P$T0$3)
                  000087df    00000004     lcd.obj (.const:.string:lineAddresses$2)

.cinit     0    000087e8    00000068     
                  000087e8    00000031     (.cinit..data.load) [load image, compression = lzss]
                  00008819    00000003     --HOLE-- [fill = 0]
                  0000881c    0000000c     (__TI_handler_table)
                  00008828    00000008     (.cinit..bss.load) [load image, compression = zero_init]
                  00008830    00000008     (.cinit..vtable.load) [load image, compression = zero_init]
                  00008838    00000018     (__TI_cinit_table)

.init_array 
*          0    00000000    00000000     UNINITIALIZED

.vtable    0    20000000    0000026c     UNINITIALIZED
                  20000000    0000026c     driverlib.lib : interrupt.obj (.vtable)

.stack     0    20000270    00001000     UNINITIALIZED
                  20000270    00000004     rtsv7M4_T_le_v4SPD16_eabi.lib : boot_cortex_m.c.obj (.stack)
                  20000274    00000ffc     --HOLE--

.sysmem    0    20001270    00001000     UNINITIALIZED
                  20001270    00000010     rtsv7M4_T_le_v4SPD16_eabi.lib : memory.c.obj (.sysmem)
                  20001280    00000ff0     --HOLE--

.bss       0    20002270    00000070     UNINITIALIZED
                  20002270    00000054     lcd.obj (.bss:lastbuffer$3)
                  200022c4    00000018     open_interface.obj (.bss:firmware$2)
                  200022dc    00000004     (.common:_timeout_ticks)

.data      0    200022e0    00000068     UNINITIALIZED
                  200022e0    00000020     open_interface.obj (.data)
                  20002300    0000000a     ping.obj (.data)
                  2000230a    00000001     Timer.obj (.data)
                  2000230b    00000001     button.obj (.data)
                  2000230c    00000008     rtsv7M4_T_le_v4SPD16_eabi.lib : _lock.c.obj (.data:$O1$$)
                  20002314    00000008                                   : memory.c.obj (.data:$O1$$)
                  2000231c    00000008     move.obj (.data:current_coord)
                  20002324    00000008     move.obj (.data)
                  2000232c    00000008     servo.obj (.data)
                  20002334    00000008     move.obj (.data:target_coord)
                  2000233c    00000008     uart-interrupt.obj (.data)
                  20002344    00000004     rtsv7M4_T_le_v4SPD16_eabi.lib : errno.c.obj (.data)

__llvm_prf_cnts 
*          0    20000000    00000000     UNINITIALIZED

MODULE SUMMARY

       Module                         code    ro data   rw data
       ------                         ----    -------   -------
    .\
       open_interface.obj             3128    15        56     
       find_objects.obj               1836    0         0      
       main.obj                       1776    0         0      
       move.obj                       1644    0         24     
       lcd.obj                        824     8         84     
       servo.obj                      736     0         8      
       ping.obj                       684     0         10     
       tm4c123gh6pm_startup_ccs.obj   12      620       0      
       uart-interrupt.obj             588     0         8      
       Timer.obj                      584     0         5      
       adc.obj                        328     0         0      
       button.obj                     164     0         1      
       cyBot_Scan.obj                 60      0         0      
    +--+------------------------------+-------+---------+---------+
       Total:                         12364   643       196    
                                                               
    C:/ti/TivaWare_C_Series-2.2.0.295/driverlib/ccs/Debug/driverlib.lib
       interrupt.obj                  68      0         620    
       cpu.obj                        12      0         0      
    +--+------------------------------+-------+---------+---------+
       Total:                         80      0         620    
                                                               
    C:\ti\ccs1271\ccs\tools\compiler\ti-cgt-arm_20.2.7.LTS\lib\rtsv7M4_T_le_v4SPD16_eabi.lib
       _printfi.c.obj                 4851    0         0      
       e_pow.c.obj                    2512    48        0      
       k_rem_pio2.c.obj               1848    344       0      
       s_sin.c.obj                    1504    0         0      
       s_cos.c.obj                    1500    0         0      
       s_tan.c.obj                    1288    0         0      
       e_acos.c.obj                   1052    0         0      
       memory.c.obj                   956     0         8      
       k_tan.c.obj                    796     128       0      
       fd_add_t2.asm.obj              438     0         0      
       k_sin.c.obj                    372     0         0      
       k_cos.c.obj                    368     0         0      
       e_sqrt.c.obj                   344     0         0      
       fd_div_t2.asm.obj              310     0         0      
       s_scalbn.c.obj                 272     0         0      
       fd_cmp_t2.asm.obj              268     0         0      
       ctype.c.obj                    0       257       0      
       fd_mul_t2.asm.obj              252     0         0      
       s_floor.c.obj                  248     0         0      
       memcpy_t2.asm.obj              156     0         0      
       ull_div_t2.asm.obj             150     0         0      
       snprintf.c.obj                 148     0         0      
       vsnprintf.c.obj                136     0         0      
       memset_t2.asm.obj              122     0         0      
       fd_tos_t2.asm.obj              110     0         0      
       copy_decompress_lzss.c.obj     104     0         0      
       s_frexp.c.obj                  100     0         0      
       _ltoa.c.obj                    84      0         0      
       atoi.c.obj                     76      0         0      
       fd_toi_t2.asm.obj              72      0         0      
       autoinit.c.obj                 68      0         0      
       fs_tod_t2.asm.obj              56      0         0      
       boot_cortex_m.c.obj            52      0         0      
       i_tofd_t2.asm.obj              46      0         0      
       u_tofd_t2.asm.obj              32      0         0      
       copy_zero_init.c.obj           28      0         0      
       memccpy.c.obj                  28      0         0      
       s_copysign.c.obj               26      0         0      
       strcmp.c.obj                   24      0         0      
       strchr.c.obj                   22      0         0      
       strcpy.c.obj                   20      0         0      
       strlen.c.obj                   20      0         0      
       wcslen.c.obj                   18      0         0      
       copy_decompress_none.c.obj     14      0         0      
       errno.c.obj                    8       0         4      
       _lock.c.obj                    2       0         8      
       exit.c.obj                     4       0         0      
       pre_init.c.obj                 4       0         0      
       div0.asm.obj                   2       0         0      
    +--+------------------------------+-------+---------+---------+
       Total:                         20911   777       20     
                                                               
       Heap:                          0       0         4096   
       Stack:                         0       0         4096   
       Linker Generated:              0       101       0      
    +--+------------------------------+-------+---------+---------+
       Grand Total:                   33355   1521      9028   


LINKER GENERATED COPY TABLES

__TI_cinit_table @ 00008838 records: 3, size/record: 8, table size: 24
	.data: load addr=000087e8, load size=00000031 bytes, run addr=200022e0, run size=00000068 bytes, compression=lzss
	.bss: load addr=00008828, load size=00000008 bytes, run addr=20002270, run size=00000070 bytes, compression=zero_init
	.vtable: load addr=00008830, load size=00000008 bytes, run addr=20000000, run size=0000026c bytes, compression=zero_init


LINKER GENERATED HANDLER TABLE

__TI_handler_table @ 0000881c records: 3, size/record: 4, table size: 12
	index: 0, handler: __TI_zero_init
	index: 1, handler: __TI_decompress_lzss
	index: 2, handler: __TI_decompress_none


GLOBAL SYMBOLS: SORTED ALPHABETICALLY BY Name 

address   name                          
-------   ----                          
000084bd  C$$EXIT                       
00008491  CPUcpsie                      
00000bc3  GPIOF_Handler                 
00008463  IntMasterEnable               
000081e1  IntRegister                   
0000849d  ResetISR                      
00005dc3  TIMER3B_Handler               
000062fb  UART1_Handler                 
20001270  __STACK_END                   
00001000  __STACK_SIZE                  
20000470  __STACK_TOP                   
00001000  __SYSMEM_SIZE                 
00008838  __TI_CINIT_Base               
00008850  __TI_CINIT_Limit              
0000881c  __TI_Handler_Table_Base       
00008828  __TI_Handler_Table_Limit      
00008071  __TI_auto_init_nobinit_nopinit
00007dc9  __TI_decompress_lzss          
00008483  __TI_decompress_none          
00007eeb  __TI_ltoa                     
ffffffff  __TI_pprof_out_hndl           
00000e8d  __TI_printfi                  
ffffffff  __TI_prof_data_size           
ffffffff  __TI_prof_data_start          
00000000  __TI_static_base__            
00008345  __TI_zero_init_nomemset       
00007af7  __aeabi_cdcmpeq               
00007af7  __aeabi_cdcmple               
00007b7d  __aeabi_cdrcmple              
00007d5b  __aeabi_d2f                   
00008029  __aeabi_d2iz                  
000067d7  __aeabi_dadd                  
00007045  __aeabi_ddiv                  
000074b1  __aeabi_dmul                  
000067cd  __aeabi_dsub                  
000084a9  __aeabi_errno_addr            
000081a9  __aeabi_f2d                   
000082a9  __aeabi_i2d                   
00006983  __aeabi_idiv0                 
00006983  __aeabi_ldiv0                 
00007c03  __aeabi_memclr                
00007c03  __aeabi_memclr4               
00007c03  __aeabi_memclr8               
000079c5  __aeabi_memcpy                
000079c5  __aeabi_memcpy4               
000079c5  __aeabi_memcpy8               
00007c05  __aeabi_memset                
00007c05  __aeabi_memset4               
00007c05  __aeabi_memset8               
00008325  __aeabi_ui2d                  
00007a61  __aeabi_uldivmod              
ffffffff  __binit__                     
ffffffff  __c_args__                    
00006af9  __kernel_cos                  
000022ad  __kernel_rem_pio2             
00006985  __kernel_sin                  
00005651  __kernel_tan                  
UNDEFED   __mpu_init                    
20000270  __stack                       
20000000  __start___llvm_prf_cnts       
20000000  __stop___llvm_prf_cnts        
00008215  _c_int00_noargs               
00008618  _ctypes_                      
2000230c  _lock                         
000018db  _nop                          
2000230a  _running                      
20001270  _sys_memory                   
UNDEFED   _system_post_cinit            
000084b9  _system_pre_init              
200022dc  _timeout_ticks                
20002310  _unlock                       
000084bd  abort                         
00004f0d  acos                          
00004f0d  acosl                         
00006dc1  adc_init                      
00006e8f  adc_read                      
00002df9  add_dataPoint                 
00002b6f  add_obj                       
000073b1  aligned_alloc                 
00005a3b  angle_to_cycles               
00003895  angle_to_target               
00007f91  atoi                          
000032a5  avg_obj_dist                  
00003307  batt_percent_charge           
ffffffff  binit                         
00007955  button_getButton              
00007921  button_init                   
00008171  calloc                        
2000233c  command_byte                  
20002340  command_flag                  
00008399  copysign                      
00008399  copysignl                     
00004429  cos                           
00004429  cosl                          
20002328  current_angle                 
2000231c  current_coord                 
00005a8d  cyBOT_SERVO_cal               
0000814b  cyBOT_Scan                    
00008133  cyBOT_init_Scan               
00003331  display_charge                
00003801  dist_to_target                
20002344  errno                         
00002ab7  findMax                       
00002b13  findMin                       
000029e5  findSmallestObj               
000075ad  floor                         
000075ad  floorl                        
000076a5  free                          
00002e9f  free_dataPoints               
00002ebb  free_objs                     
00007e31  frexp                         
00007e31  frexpl                        
20002304  g_end_time                    
20000000  g_pfnRAMVectors               
00000000  g_pfnVectors                  
20002300  g_start_time                  
20002308  g_state                       
00002f2d  getObjects                    
00003475  get_dest_coord                
00003367  get_obj_coord                 
00005e07  get_ping_dist                 
0000097f  go_charge                     
00002bed  ir_findObj                    
00008473  lcd_clear                     
000054fd  lcd_gotoLine                  
00005365  lcd_init                      
00005563  lcd_printf                    
00005425  lcd_putc                      
0000545d  lcd_puts                      
00005329  lcd_reverseNibble             
0000547b  lcd_sendCommand               
000054b9  lcd_sendNibble                
00005525  lcd_setCursorPos              
000072a1  ldexp                         
000072a1  ldexpl                        
20002330  left_calibration_value        
000035a5  main                          
000084b1  malloc                        
000073b1  memalign                      
0000837d  memccpy                       
000079c5  memcpy                        
00007c0b  memset                        
200022e0  motor_cal_factor_L            
200022e4  motor_cal_factor_R            
00003db5  move_backward                 
00003c81  move_forward                  
00003d4d  move_to_target_coord          
00002ed7  moving_avg                    
00002a55  obj_width                     
0000026d  oi_alloc                      
00000aa9  oi_checkFirmware              
000002c7  oi_close                      
00000279  oi_free                       
00000ded  oi_getMotorCalibrationLeft    
00000e01  oi_getMotorCalibrationRight   
000002b1  oi_init                       
00000289  oi_init_noupdate              
00000915  oi_loadSong                   
000083e3  oi_parseInt                   
0000032b  oi_parsePacket                
0000096b  oi_play_song                  
0000084b  oi_setLeds                    
00000db1  oi_setMotorCalibration        
0000088f  oi_setWheels                  
00000b51  oi_shutoff_init               
0000098d  oi_uartInit                   
00000a31  oi_uartReceive                
00000a77  oi_uartSendBuff               
00000a15  oi_uartSendChar               
00000a59  oi_uartSendStr                
000002d9  oi_update                     
00003135  on_bump                       
20002309  overflow                      
00005c4d  ping_init                     
00005d23  ping_trigger                  
000018dd  pow                           
000018dd  powl                          
00003217  print_objects                 
00007789  realloc                       
00003881  reset_origin                  
2000232c  right_calibration_value       
000072a1  scalbn                        
000072a1  scalbnl                       
00005985  servo_init                    
00006169  set_cmnd                      
0000596d  set_servo_calibration         
00003a21  set_speed                     
00003a35  set_target_coord              
00003e49  sin                           
00003e49  sinl                          
00007fdd  snprintf                      
20002324  spd                           
00006c69  sqrt                          
00006c69  sqrtl                         
00003111  stop_event                    
00008413  strchr                        
000083fb  strcmp                        
00008429  strcpy                        
0000843d  strlen                        
00004a05  tan                           
00004a05  tanl                          
20002334  target_coord                  
000064d3  timer_getMicros               
0000647b  timer_getMillis               
000063b5  timer_init                    
00006457  timer_pause                   
00006469  timer_resume                  
0000642d  timer_stop                    
0000652d  timer_waitMicros              
0000655f  timer_waitMillis              
00003b59  turn_left                     
00003bf5  turn_right                    
00005a67  turn_servo_to                 
00003d19  turn_to_target_coord          
00003a4f  turned_left                   
00008301  turned_right                  
00006183  uart_interrupt_init           
000062c9  uart_receive                  
000062ad  uart_sendChar                 
000062dd  uart_sendStr                  
00003a71  update_position               
000080b5  vsnprintf                     
00008451  wcslen                        


GLOBAL SYMBOLS: SORTED BY Symbol Address 

address   name                          
-------   ----                          
00000000  __TI_static_base__            
00000000  g_pfnVectors                  
0000026d  oi_alloc                      
00000279  oi_free                       
00000289  oi_init_noupdate              
000002b1  oi_init                       
000002c7  oi_close                      
000002d9  oi_update                     
0000032b  oi_parsePacket                
0000084b  oi_setLeds                    
0000088f  oi_setWheels                  
00000915  oi_loadSong                   
0000096b  oi_play_song                  
0000097f  go_charge                     
0000098d  oi_uartInit                   
00000a15  oi_uartSendChar               
00000a31  oi_uartReceive                
00000a59  oi_uartSendStr                
00000a77  oi_uartSendBuff               
00000aa9  oi_checkFirmware              
00000b51  oi_shutoff_init               
00000bc3  GPIOF_Handler                 
00000db1  oi_setMotorCalibration        
00000ded  oi_getMotorCalibrationLeft    
00000e01  oi_getMotorCalibrationRight   
00000e8d  __TI_printfi                  
00001000  __STACK_SIZE                  
00001000  __SYSMEM_SIZE                 
000018db  _nop                          
000018dd  pow                           
000018dd  powl                          
000022ad  __kernel_rem_pio2             
000029e5  findSmallestObj               
00002a55  obj_width                     
00002ab7  findMax                       
00002b13  findMin                       
00002b6f  add_obj                       
00002bed  ir_findObj                    
00002df9  add_dataPoint                 
00002e9f  free_dataPoints               
00002ebb  free_objs                     
00002ed7  moving_avg                    
00002f2d  getObjects                    
00003111  stop_event                    
00003135  on_bump                       
00003217  print_objects                 
000032a5  avg_obj_dist                  
00003307  batt_percent_charge           
00003331  display_charge                
00003367  get_obj_coord                 
00003475  get_dest_coord                
000035a5  main                          
00003801  dist_to_target                
00003881  reset_origin                  
00003895  angle_to_target               
00003a21  set_speed                     
00003a35  set_target_coord              
00003a4f  turned_left                   
00003a71  update_position               
00003b59  turn_left                     
00003bf5  turn_right                    
00003c81  move_forward                  
00003d19  turn_to_target_coord          
00003d4d  move_to_target_coord          
00003db5  move_backward                 
00003e49  sin                           
00003e49  sinl                          
00004429  cos                           
00004429  cosl                          
00004a05  tan                           
00004a05  tanl                          
00004f0d  acos                          
00004f0d  acosl                         
00005329  lcd_reverseNibble             
00005365  lcd_init                      
00005425  lcd_putc                      
0000545d  lcd_puts                      
0000547b  lcd_sendCommand               
000054b9  lcd_sendNibble                
000054fd  lcd_gotoLine                  
00005525  lcd_setCursorPos              
00005563  lcd_printf                    
00005651  __kernel_tan                  
0000596d  set_servo_calibration         
00005985  servo_init                    
00005a3b  angle_to_cycles               
00005a67  turn_servo_to                 
00005a8d  cyBOT_SERVO_cal               
00005c4d  ping_init                     
00005d23  ping_trigger                  
00005dc3  TIMER3B_Handler               
00005e07  get_ping_dist                 
00006169  set_cmnd                      
00006183  uart_interrupt_init           
000062ad  uart_sendChar                 
000062c9  uart_receive                  
000062dd  uart_sendStr                  
000062fb  UART1_Handler                 
000063b5  timer_init                    
0000642d  timer_stop                    
00006457  timer_pause                   
00006469  timer_resume                  
0000647b  timer_getMillis               
000064d3  timer_getMicros               
0000652d  timer_waitMicros              
0000655f  timer_waitMillis              
000067cd  __aeabi_dsub                  
000067d7  __aeabi_dadd                  
00006983  __aeabi_idiv0                 
00006983  __aeabi_ldiv0                 
00006985  __kernel_sin                  
00006af9  __kernel_cos                  
00006c69  sqrt                          
00006c69  sqrtl                         
00006dc1  adc_init                      
00006e8f  adc_read                      
00007045  __aeabi_ddiv                  
000072a1  ldexp                         
000072a1  ldexpl                        
000072a1  scalbn                        
000072a1  scalbnl                       
000073b1  aligned_alloc                 
000073b1  memalign                      
000074b1  __aeabi_dmul                  
000075ad  floor                         
000075ad  floorl                        
000076a5  free                          
00007789  realloc                       
00007921  button_init                   
00007955  button_getButton              
000079c5  __aeabi_memcpy                
000079c5  __aeabi_memcpy4               
000079c5  __aeabi_memcpy8               
000079c5  memcpy                        
00007a61  __aeabi_uldivmod              
00007af7  __aeabi_cdcmpeq               
00007af7  __aeabi_cdcmple               
00007b7d  __aeabi_cdrcmple              
00007c03  __aeabi_memclr                
00007c03  __aeabi_memclr4               
00007c03  __aeabi_memclr8               
00007c05  __aeabi_memset                
00007c05  __aeabi_memset4               
00007c05  __aeabi_memset8               
00007c0b  memset                        
00007d5b  __aeabi_d2f                   
00007dc9  __TI_decompress_lzss          
00007e31  frexp                         
00007e31  frexpl                        
00007eeb  __TI_ltoa                     
00007f91  atoi                          
00007fdd  snprintf                      
00008029  __aeabi_d2iz                  
00008071  __TI_auto_init_nobinit_nopinit
000080b5  vsnprintf                     
00008133  cyBOT_init_Scan               
0000814b  cyBOT_Scan                    
00008171  calloc                        
000081a9  __aeabi_f2d                   
000081e1  IntRegister                   
00008215  _c_int00_noargs               
000082a9  __aeabi_i2d                   
00008301  turned_right                  
00008325  __aeabi_ui2d                  
00008345  __TI_zero_init_nomemset       
0000837d  memccpy                       
00008399  copysign                      
00008399  copysignl                     
000083e3  oi_parseInt                   
000083fb  strcmp                        
00008413  strchr                        
00008429  strcpy                        
0000843d  strlen                        
00008451  wcslen                        
00008463  IntMasterEnable               
00008473  lcd_clear                     
00008483  __TI_decompress_none          
00008491  CPUcpsie                      
0000849d  ResetISR                      
000084a9  __aeabi_errno_addr            
000084b1  malloc                        
000084b9  _system_pre_init              
000084bd  C$$EXIT                       
000084bd  abort                         
00008618  _ctypes_                      
0000881c  __TI_Handler_Table_Base       
00008828  __TI_Handler_Table_Limit      
00008838  __TI_CINIT_Base               
00008850  __TI_CINIT_Limit              
20000000  __start___llvm_prf_cnts       
20000000  __stop___llvm_prf_cnts        
20000000  g_pfnRAMVectors               
20000270  __stack                       
20000470  __STACK_TOP                   
20001270  __STACK_END                   
20001270  _sys_memory                   
200022dc  _timeout_ticks                
200022e0  motor_cal_factor_L            
200022e4  motor_cal_factor_R            
20002300  g_start_time                  
20002304  g_end_time                    
20002308  g_state                       
20002309  overflow                      
2000230a  _running                      
2000230c  _lock                         
20002310  _unlock                       
2000231c  current_coord                 
20002324  spd                           
20002328  current_angle                 
2000232c  right_calibration_value       
20002330  left_calibration_value        
20002334  target_coord                  
2000233c  command_byte                  
20002340  command_flag                  
20002344  errno                         
ffffffff  __TI_pprof_out_hndl           
ffffffff  __TI_prof_data_size           
ffffffff  __TI_prof_data_start          
ffffffff  __binit__                     
ffffffff  __c_args__                    
ffffffff  binit                         
UNDEFED   __mpu_init                    
UNDEFED   _system_post_cinit            

[223 symbols]
