******************************************************************************
                  TI ARM Linker PC v20.2.7                     
******************************************************************************
>> Linked Fri Apr  4 21:21:00 2025

OUTPUT FILE NAME:   <Lab7.out>
ENTRY POINT SYMBOL: "_c_int00_noargs"  address: 00008131


MEMORY CONFIGURATION

         name            origin    length      used     unused   attr    fill
----------------------  --------  ---------  --------  --------  ----  --------
  FLASH                 00000000   00040000  0000875f  000378a1  R  X
  SRAM                  20000000   00008000  0000234e  00005cb2  RW X


SEGMENT ALLOCATION MAP

run origin  load origin   length   init length attrs members
----------  ----------- ---------- ----------- ----- -------
00000000    00000000    00008768   00008768    r-x
  00000000    00000000    0000026c   0000026c    r-- .intvecs
  0000026c    0000026c    00008170   00008170    r-x .text
  000083e0    000083e0    00000323   00000323    r-- .const
  00008708    00008708    00000060   00000060    r-- .cinit
20000000    20000000    00002355   00000000    rw-
  20000000    20000000    0000026c   00000000    rw- .vtable
  20000270    20000270    00001000   00000000    rw- .stack
  20001270    20001270    00001000   00000000    rw- .sysmem
  20002270    20002270    00000089   00000000    rw- .bss
  200022fc    200022fc    00000059   00000000    rw- .data


SECTION ALLOCATION MAP

 output                                  attributes/
section   page    origin      length       input sections
--------  ----  ----------  ----------   ----------------
.intvecs   0    00000000    0000026c     
                  00000000    0000026c     tm4c123gh6pm_startup_ccs.obj (.intvecs)

.text      0    0000026c    00008170     
                  0000026c    00000c20     open_interface.obj (.text)
                  00000e8c    00000a4e     rtsv7M4_T_le_v4SPD16_eabi.lib : _printfi.c.obj (.text:__TI_printfi)
                  000018da    00000002                                   : _lock.c.obj (.text:_nop)
                  000018dc    000009d0                                   : e_pow.c.obj (.text:pow)
                  000022ac    00000738                                   : k_rem_pio2.c.obj (.text:__kernel_rem_pio2)
                  000029e4    0000072c     find_objects.obj (.text)
                  00003110    00000704     main.obj (.text)
                  00003814    00000648     move.obj (.text)
                  00003e5c    000005e0     rtsv7M4_T_le_v4SPD16_eabi.lib : s_sin.c.obj (.text:sin)
                  0000443c    000005dc                                   : s_cos.c.obj (.text:cos)
                  00004a18    00000508                                   : s_tan.c.obj (.text:tan)
                  00004f20    0000041c                                   : e_acos.c.obj (.text:acos)
                  0000533c    00000328     lcd.obj (.text)
                  00005664    0000031c     rtsv7M4_T_le_v4SPD16_eabi.lib : k_tan.c.obj (.text:__kernel_tan)
                  00005980    00000270                                   : _printfi.c.obj (.text:_pconv_a)
                  00005bf0    00000260     libcybotScan.lib : cyBot_Scan.obj (.text)
                  00005e50    0000024c     uart-interrupt.obj (.text)
                  0000609c    00000248     Timer.obj (.text)
                  000062e4    000001ec     libcybotScan.lib : ping.obj (.text)
                  000064d0    000001d0     rtsv7M4_T_le_v4SPD16_eabi.lib : _printfi.c.obj (.text:_pconv_g)
                  000066a0    000001b6                                   : fd_add_t2.asm.obj (.text)
                  00006856    00000002                                   : div0.asm.obj (.text)
                  00006858    00000174                                   : k_sin.c.obj (.text:__kernel_sin)
                  000069cc    00000170                                   : k_cos.c.obj (.text:__kernel_cos)
                  00006b3c    00000158     libcybotScan.lib : servo.obj (.text)
                  00006c94    00000158     rtsv7M4_T_le_v4SPD16_eabi.lib : e_sqrt.c.obj (.text:sqrt)
                  00006dec    0000013c                                   : _printfi.c.obj (.text:_pconv_e)
                  00006f28    00000136                                   : fd_div_t2.asm.obj (.text)
                  0000705e    00000002     --HOLE-- [fill = 0]
                  00007060    00000124                                   : _printfi.c.obj (.text:fcvt)
                  00007184    00000118     libcybotScan.lib : ir.obj (.text)
                  0000729c    00000110     rtsv7M4_T_le_v4SPD16_eabi.lib : s_scalbn.c.obj (.text:scalbn)
                  000073ac    00000100                                   : memory.c.obj (.text:aligned_alloc)
                  000074ac    000000fc                                   : fd_mul_t2.asm.obj (.text)
                  000075a8    000000f8                                   : s_floor.c.obj (.text:floor)
                  000076a0    000000e4                                   : memory.c.obj (.text:free)
                  00007784    000000e4                                   : memory.c.obj (.text:realloc)
                  00007868    000000b1                                   : _printfi.c.obj (.text:_ltostr)
                  00007919    00000001     --HOLE-- [fill = 0]
                  0000791a    0000009c                                   : memcpy_t2.asm.obj (.text)
                  000079b6    00000096                                   : ull_div_t2.asm.obj (.text)
                  00007a4c    00000086                                   : fd_cmp_t2.asm.obj (.text:__aeabi_cdcmple)
                  00007ad2    00000086                                   : fd_cmp_t2.asm.obj (.text:__aeabi_cdrcmple)
                  00007b58    0000007a                                   : memset_t2.asm.obj (.text)
                  00007bd2    00000002     --HOLE-- [fill = 0]
                  00007bd4    00000070                                   : memory.c.obj (.text:split)
                  00007c44    0000006e                                   : _printfi.c.obj (.text:_mcpy)
                  00007cb2    0000006e                                   : fd_tos_t2.asm.obj (.text)
                  00007d20    00000068                                   : copy_decompress_lzss.c.obj (.text:decompress:lzss:__TI_decompress_lzss)
                  00007d88    00000064                                   : s_frexp.c.obj (.text:frexp)
                  00007dec    00000056                                   : _printfi.c.obj (.text:_pconv_f)
                  00007e42    00000054                                   : _ltoa.c.obj (.text:__TI_ltoa)
                  00007e96    00000052                                   : _printfi.c.obj (.text:_ecpy)
                  00007ee8    0000004c                                   : atoi.c.obj (.text:atoi)
                  00007f34    0000004c                                   : snprintf.c.obj (.text:snprintf)
                  00007f80    00000048                                   : fd_toi_t2.asm.obj (.text)
                  00007fc8    00000044                                   : autoinit.c.obj (.text:__TI_auto_init_nobinit_nopinit:__TI_auto_init_nobinit_nopinit)
                  0000800c    00000040                                   : vsnprintf.c.obj (.text:vsnprintf)
                  0000804c    0000003e                                   : _printfi.c.obj (.text:_fcpy)
                  0000808a    00000002     --HOLE-- [fill = 0]
                  0000808c    00000038                                   : memory.c.obj (.text:calloc)
                  000080c4    00000038                                   : fs_tod_t2.asm.obj (.text)
                  000080fc    00000034     driverlib.lib : interrupt.obj (.text:IntRegister)
                  00008130    00000034     rtsv7M4_T_le_v4SPD16_eabi.lib : boot_cortex_m.c.obj (.text:_c_int00_noargs:_c_int00_noargs)
                  00008164    00000030                                   : snprintf.c.obj (.text:_outs)
                  00008194    00000030                                   : vsnprintf.c.obj (.text:_outs)
                  000081c4    0000002e                                   : i_tofd_t2.asm.obj (.text)
                  000081f2    00000002     --HOLE-- [fill = 0]
                  000081f4    00000028                                   : memory.c.obj (.text:free_list_insert)
                  0000821c    00000024     move.obj (.text:turned_right)
                  00008240    00000020     rtsv7M4_T_le_v4SPD16_eabi.lib : u_tofd_t2.asm.obj (.text)
                  00008260    0000001c                                   : copy_zero_init.c.obj (.text:decompress:ZI:__TI_zero_init_nomemset:__TI_zero_init_nomemset)
                  0000827c    0000001c                                   : memory.c.obj (.text:free_list_remove)
                  00008298    0000001c                                   : memccpy.c.obj (.text:memccpy)
                  000082b4    0000001a                                   : s_copysign.c.obj (.text:copysign)
                  000082ce    00000018                                   : snprintf.c.obj (.text:_outc)
                  000082e6    00000018                                   : vsnprintf.c.obj (.text:_outc)
                  000082fe    00000018     open_interface.obj (.text:oi_parseInt)
                  00008316    00000018     rtsv7M4_T_le_v4SPD16_eabi.lib : strcmp.c.obj (.text:strcmp)
                  0000832e    00000016                                   : strchr.c.obj (.text:strchr)
                  00008344    00000014                                   : strcpy.c.obj (.text:strcpy)
                  00008358    00000014                                   : strlen.c.obj (.text:strlen)
                  0000836c    00000012                                   : wcslen.c.obj (.text:wcslen)
                  0000837e    00000010     driverlib.lib : interrupt.obj (.text:IntMasterEnable)
                  0000838e    00000010     lcd.obj (.text:lcd_clear)
                  0000839e    0000000e     rtsv7M4_T_le_v4SPD16_eabi.lib : copy_decompress_none.c.obj (.text:decompress:none:__TI_decompress_none)
                  000083ac    0000000c     driverlib.lib : cpu.obj (.text:CPUcpsie)
                  000083b8    0000000c     tm4c123gh6pm_startup_ccs.obj (.text)
                  000083c4    00000008     rtsv7M4_T_le_v4SPD16_eabi.lib : errno.c.obj (.text:__aeabi_errno_addr)
                  000083cc    00000008                                   : memory.c.obj (.text:malloc)
                  000083d4    00000004                                   : pre_init.c.obj (.text:_system_pre_init)
                  000083d8    00000004                                   : exit.c.obj (.text:abort:abort)

.const     0    000083e0    00000323     
                  000083e0    00000158     rtsv7M4_T_le_v4SPD16_eabi.lib : k_rem_pio2.c.obj (.const:$O1$$)
                  00008538    00000101                                   : ctype.c.obj (.const:.string:_ctypes_)
                  00008639    00000004     lcd.obj (.const:.string:lineAddress$1)
                  0000863d    00000003     --HOLE-- [fill = 0]
                  00008640    00000080     rtsv7M4_T_le_v4SPD16_eabi.lib : k_tan.c.obj (.const:xxx)
                  000086c0    00000030                                   : e_pow.c.obj (.const:$O1$$)
                  000086f0    0000000f     open_interface.obj (.const:.string:$P$T0$3)
                  000086ff    00000004     lcd.obj (.const:.string:lineAddresses$2)

.cinit     0    00008708    00000060     
                  00008708    0000002a     (.cinit..data.load) [load image, compression = lzss]
                  00008732    00000002     --HOLE-- [fill = 0]
                  00008734    0000000c     (__TI_handler_table)
                  00008740    00000008     (.cinit..bss.load) [load image, compression = zero_init]
                  00008748    00000008     (.cinit..vtable.load) [load image, compression = zero_init]
                  00008750    00000018     (__TI_cinit_table)

.init_array 
*          0    00000000    00000000     UNINITIALIZED

.vtable    0    20000000    0000026c     UNINITIALIZED
                  20000000    0000026c     driverlib.lib : interrupt.obj (.vtable)

.stack     0    20000270    00001000     UNINITIALIZED
                  20000270    00000004     rtsv7M4_T_le_v4SPD16_eabi.lib : boot_cortex_m.c.obj (.stack)
                  20000274    00000ffc     --HOLE--

.sysmem    0    20001270    00001000     UNINITIALIZED
                  20001270    00000010     rtsv7M4_T_le_v4SPD16_eabi.lib : memory.c.obj (.sysmem)
                  20001280    00000ff0     --HOLE--

.bss       0    20002270    00000089     UNINITIALIZED
                  20002270    00000054     lcd.obj (.bss:lastbuffer$3)
                  200022c4    00000018     open_interface.obj (.bss:firmware$2)
                  200022dc    00000004     (.common:_timeout_ticks)
                  200022e0    00000004     (.common:fallingEdge)
                  200022e4    00000004     (.common:isr_int_value)
                  200022e8    00000004     (.common:left_calibration_value)
                  200022ec    00000004     (.common:pulseLength)
                  200022f0    00000004     (.common:right_calibration_value)
                  200022f4    00000004     (.common:risingEdge)
                  200022f8    00000001     (.common:isRisingEdge)

.data      0    200022fc    00000059     UNINITIALIZED
                  200022fc    00000020     open_interface.obj (.data)
                  2000231c    00000008     rtsv7M4_T_le_v4SPD16_eabi.lib : _lock.c.obj (.data:$O1$$)
                  20002324    00000008                                   : memory.c.obj (.data:$O1$$)
                  2000232c    00000008     move.obj (.data:current_coord)
                  20002334    00000008     move.obj (.data)
                  2000233c    00000008     move.obj (.data:target_coord)
                  20002344    00000008     uart-interrupt.obj (.data)
                  2000234c    00000004     libcybotScan.lib : cyBot_Scan.obj (.data)
                  20002350    00000004     rtsv7M4_T_le_v4SPD16_eabi.lib : errno.c.obj (.data)
                  20002354    00000001     Timer.obj (.data)

__llvm_prf_cnts 
*          0    20000000    00000000     UNINITIALIZED

MODULE SUMMARY

       Module                         code    ro data   rw data
       ------                         ----    -------   -------
    .\
       open_interface.obj             3128    15        56     
       find_objects.obj               1836    0         8      
       main.obj                       1796    0         0      
       move.obj                       1644    0         24     
       lcd.obj                        824     8         84     
       tm4c123gh6pm_startup_ccs.obj   12      620       0      
       uart-interrupt.obj             588     0         8      
       Timer.obj                      584     0         5      
    +--+------------------------------+-------+---------+---------+
       Total:                         10412   643       185    
                                                               
    ../libcybotScan.lib
       cyBot_Scan.obj                 608     0         4      
       ping.obj                       492     0         13     
       servo.obj                      344     0         0      
       ir.obj                         280     0         4      
    +--+------------------------------+-------+---------+---------+
       Total:                         1724    0         21     
                                                               
    C:/ti/TivaWare_C_Series-2.2.0.295/driverlib/ccs/Debug/driverlib.lib
       interrupt.obj                  68      0         620    
       cpu.obj                        12      0         0      
    +--+------------------------------+-------+---------+---------+
       Total:                         80      0         620    
                                                               
    C:\ti\ccs1271\ccs\tools\compiler\ti-cgt-arm_20.2.7.LTS\lib\rtsv7M4_T_le_v4SPD16_eabi.lib
       _printfi.c.obj                 4851    0         0      
       e_pow.c.obj                    2512    48        0      
       k_rem_pio2.c.obj               1848    344       0      
       s_sin.c.obj                    1504    0         0      
       s_cos.c.obj                    1500    0         0      
       s_tan.c.obj                    1288    0         0      
       e_acos.c.obj                   1052    0         0      
       memory.c.obj                   956     0         8      
       k_tan.c.obj                    796     128       0      
       fd_add_t2.asm.obj              438     0         0      
       k_sin.c.obj                    372     0         0      
       k_cos.c.obj                    368     0         0      
       e_sqrt.c.obj                   344     0         0      
       fd_div_t2.asm.obj              310     0         0      
       s_scalbn.c.obj                 272     0         0      
       fd_cmp_t2.asm.obj              268     0         0      
       ctype.c.obj                    0       257       0      
       fd_mul_t2.asm.obj              252     0         0      
       s_floor.c.obj                  248     0         0      
       memcpy_t2.asm.obj              156     0         0      
       ull_div_t2.asm.obj             150     0         0      
       snprintf.c.obj                 148     0         0      
       vsnprintf.c.obj                136     0         0      
       memset_t2.asm.obj              122     0         0      
       fd_tos_t2.asm.obj              110     0         0      
       copy_decompress_lzss.c.obj     104     0         0      
       s_frexp.c.obj                  100     0         0      
       _ltoa.c.obj                    84      0         0      
       atoi.c.obj                     76      0         0      
       fd_toi_t2.asm.obj              72      0         0      
       autoinit.c.obj                 68      0         0      
       fs_tod_t2.asm.obj              56      0         0      
       boot_cortex_m.c.obj            52      0         0      
       i_tofd_t2.asm.obj              46      0         0      
       u_tofd_t2.asm.obj              32      0         0      
       copy_zero_init.c.obj           28      0         0      
       memccpy.c.obj                  28      0         0      
       s_copysign.c.obj               26      0         0      
       strcmp.c.obj                   24      0         0      
       strchr.c.obj                   22      0         0      
       strcpy.c.obj                   20      0         0      
       strlen.c.obj                   20      0         0      
       wcslen.c.obj                   18      0         0      
       copy_decompress_none.c.obj     14      0         0      
       errno.c.obj                    8       0         4      
       _lock.c.obj                    2       0         8      
       exit.c.obj                     4       0         0      
       pre_init.c.obj                 4       0         0      
       div0.asm.obj                   2       0         0      
    +--+------------------------------+-------+---------+---------+
       Total:                         20911   777       20     
                                                               
       Heap:                          0       0         4096   
       Stack:                         0       0         4096   
       Linker Generated:              0       94        0      
    +--+------------------------------+-------+---------+---------+
       Grand Total:                   33127   1514      9038   


LINKER GENERATED COPY TABLES

__TI_cinit_table @ 00008750 records: 3, size/record: 8, table size: 24
	.data: load addr=00008708, load size=0000002a bytes, run addr=200022fc, run size=00000059 bytes, compression=lzss
	.bss: load addr=00008740, load size=00000008 bytes, run addr=20002270, run size=00000089 bytes, compression=zero_init
	.vtable: load addr=00008748, load size=00000008 bytes, run addr=20000000, run size=0000026c bytes, compression=zero_init


LINKER GENERATED HANDLER TABLE

__TI_handler_table @ 00008734 records: 3, size/record: 4, table size: 12
	index: 0, handler: __TI_zero_init
	index: 1, handler: __TI_decompress_lzss
	index: 2, handler: __TI_decompress_none


GLOBAL SYMBOLS: SORTED ALPHABETICALLY BY Name 

address   name                          
-------   ----                          
0000721d  ADC0SS0_Handler               
000083d9  C$$EXIT                       
000083ad  CPUcpsie                      
00000bc3  GPIOF_Handler                 
0000837f  IntMasterEnable               
000080fd  IntRegister                   
000083b9  ResetISR                      
000063d5  TIMER3B_Handler               
00005fe3  UART1_Handler                 
20001270  __STACK_END                   
00001000  __STACK_SIZE                  
20000470  __STACK_TOP                   
00001000  __SYSMEM_SIZE                 
00008750  __TI_CINIT_Base               
00008768  __TI_CINIT_Limit              
00008734  __TI_Handler_Table_Base       
00008740  __TI_Handler_Table_Limit      
00007fc9  __TI_auto_init_nobinit_nopinit
00007d21  __TI_decompress_lzss          
0000839f  __TI_decompress_none          
00007e43  __TI_ltoa                     
ffffffff  __TI_pprof_out_hndl           
00000e8d  __TI_printfi                  
ffffffff  __TI_prof_data_size           
ffffffff  __TI_prof_data_start          
00000000  __TI_static_base__            
00008261  __TI_zero_init_nomemset       
00007a4d  __aeabi_cdcmpeq               
00007a4d  __aeabi_cdcmple               
00007ad3  __aeabi_cdrcmple              
00007cb3  __aeabi_d2f                   
00007f81  __aeabi_d2iz                  
000066ab  __aeabi_dadd                  
00006f29  __aeabi_ddiv                  
000074ad  __aeabi_dmul                  
000066a1  __aeabi_dsub                  
000083c5  __aeabi_errno_addr            
000080c5  __aeabi_f2d                   
000081c5  __aeabi_i2d                   
00006857  __aeabi_idiv0                 
00006857  __aeabi_ldiv0                 
00007b59  __aeabi_memclr                
00007b59  __aeabi_memclr4               
00007b59  __aeabi_memclr8               
0000791b  __aeabi_memcpy                
0000791b  __aeabi_memcpy4               
0000791b  __aeabi_memcpy8               
00007b5b  __aeabi_memset                
00007b5b  __aeabi_memset4               
00007b5b  __aeabi_memset8               
00008241  __aeabi_ui2d                  
000079b7  __aeabi_uldivmod              
ffffffff  __binit__                     
ffffffff  __c_args__                    
000069cd  __kernel_cos                  
000022ad  __kernel_rem_pio2             
00006859  __kernel_sin                  
00005665  __kernel_tan                  
UNDEFED   __mpu_init                    
20000270  __stack                       
20000000  __start___llvm_prf_cnts       
20000000  __stop___llvm_prf_cnts        
00008131  _c_int00_noargs               
00008538  _ctypes_                      
2000231c  _lock                         
000018db  _nop                          
20002354  _running                      
20001270  _sys_memory                   
UNDEFED   _system_post_cinit            
000083d5  _system_pre_init              
200022dc  _timeout_ticks                
20002320  _unlock                       
000083d9  abort                         
00004f21  acos                          
00004f21  acosl                         
00002df9  add_dataPoint                 
00002b6f  add_obj                       
000073ad  aligned_alloc                 
000038a9  angle_to_target               
00007ee9  atoi                          
000032a5  avg_obj_dist                  
00003307  batt_percent_charge           
ffffffff  binit                         
0000808d  calloc                        
20002344  command_byte                  
20002348  command_flag                  
000082b5  copysign                      
000082b5  copysignl                     
0000443d  cos                           
0000443d  cosl                          
20002338  current_angle                 
2000232c  current_coord                 
00005cc9  cyBOT_SERVO_cal               
00005c57  cyBOT_Scan                    
00005bff  cyBOT_init_Scan               
2000234c  cyBOT_scan_features           
00005bf1  cyBOT_scan_version            
00003331  display_charge                
00003815  dist_to_target                
20002350  errno                         
200022e0  fallingEdge                   
00002ab7  findMax                       
00002b13  findMin                       
000029e5  findSmallestObj               
000075a9  floor                         
000075a9  floorl                        
000076a1  free                          
00002e9f  free_dataPoints               
00002ebb  free_objs                     
00007d89  frexp                         
00007d89  frexpl                        
20000000  g_pfnRAMVectors               
00000000  g_pfnVectors                  
00002f2d  getObjects                    
00003475  get_dest_coord                
00003367  get_obj_coord                 
0000097f  go_charge                     
00007233  ir_enableInterrupt            
00002bed  ir_findObj                    
00007215  ir_getDistance                
000071ed  ir_getValue                   
00007185  ir_init                       
200022f8  isRisingEdge                  
200022e4  isr_int_value                 
0000838f  lcd_clear                     
00005511  lcd_gotoLine                  
00005379  lcd_init                      
00005577  lcd_printf                    
00005439  lcd_putc                      
00005471  lcd_puts                      
0000533d  lcd_reverseNibble             
0000548f  lcd_sendCommand               
000054cd  lcd_sendNibble                
00005539  lcd_setCursorPos              
0000729d  ldexp                         
0000729d  ldexpl                        
200022e8  left_calibration_value        
000035a5  main                          
000083cd  malloc                        
000073ad  memalign                      
00008299  memccpy                       
0000791b  memcpy                        
00007b61  memset                        
200022fc  motor_cal_factor_L            
20002300  motor_cal_factor_R            
00003dc9  move_backward                 
00003c95  move_forward                  
00003d61  move_to_target_coord          
00002ed7  moving_avg                    
00002a55  obj_width                     
0000026d  oi_alloc                      
00000aa9  oi_checkFirmware              
000002c7  oi_close                      
00000279  oi_free                       
00000ded  oi_getMotorCalibrationLeft    
00000e01  oi_getMotorCalibrationRight   
000002b1  oi_init                       
00000289  oi_init_noupdate              
00000915  oi_loadSong                   
000082ff  oi_parseInt                   
0000032b  oi_parsePacket                
0000096b  oi_play_song                  
0000084b  oi_setLeds                    
00000db1  oi_setMotorCalibration        
0000088f  oi_setWheels                  
00000b51  oi_shutoff_init               
0000098d  oi_uartInit                   
00000a31  oi_uartReceive                
00000a77  oi_uartSendBuff               
00000a15  oi_uartSendChar               
00000a59  oi_uartSendStr                
000002d9  oi_update                     
00003135  on_bump                       
00006427  ping_getDistance              
000062e5  ping_init                     
0000636b  ping_trigger                  
000018dd  pow                           
000018dd  powl                          
00003217  print_objects                 
200022ec  pulseLength                   
00007785  realloc                       
00003895  reset_origin                  
200022f0  right_calibration_value       
200022f4  risingEdge                    
0000729d  scalbn                        
0000729d  scalbnl                       
00006b3d  servo_init                    
00006bcd  servo_move                    
00006c2d  servo_setPWM                  
00006bc1  servo_stop                    
00005e51  set_cmnd                      
00003a35  set_speed                     
00003a49  set_target_coord              
00003e5d  sin                           
00003e5d  sinl                          
00007f35  snprintf                      
20002334  spd                           
00006c95  sqrt                          
00006c95  sqrtl                         
00003111  stop_event                    
0000832f  strchr                        
00008317  strcmp                        
00008345  strcpy                        
00008359  strlen                        
00004a19  tan                           
00004a19  tanl                          
2000233c  target_coord                  
000061bb  timer_getMicros               
00006163  timer_getMillis               
0000609d  timer_init                    
0000613f  timer_pause                   
00006151  timer_resume                  
00006115  timer_stop                    
00006215  timer_waitMicros              
00006247  timer_waitMillis              
00003b6d  turn_left                     
00003c09  turn_right                    
00003d2d  turn_to_target_coord          
00003a63  turned_left                   
0000821d  turned_right                  
00005e6b  uart_interrupt_init           
00005fb1  uart_receive                  
00005f95  uart_sendChar                 
00005fc5  uart_sendStr                  
00003a85  update_position               
0000800d  vsnprintf                     
0000836d  wcslen                        


GLOBAL SYMBOLS: SORTED BY Symbol Address 

address   name                          
-------   ----                          
00000000  __TI_static_base__            
00000000  g_pfnVectors                  
0000026d  oi_alloc                      
00000279  oi_free                       
00000289  oi_init_noupdate              
000002b1  oi_init                       
000002c7  oi_close                      
000002d9  oi_update                     
0000032b  oi_parsePacket                
0000084b  oi_setLeds                    
0000088f  oi_setWheels                  
00000915  oi_loadSong                   
0000096b  oi_play_song                  
0000097f  go_charge                     
0000098d  oi_uartInit                   
00000a15  oi_uartSendChar               
00000a31  oi_uartReceive                
00000a59  oi_uartSendStr                
00000a77  oi_uartSendBuff               
00000aa9  oi_checkFirmware              
00000b51  oi_shutoff_init               
00000bc3  GPIOF_Handler                 
00000db1  oi_setMotorCalibration        
00000ded  oi_getMotorCalibrationLeft    
00000e01  oi_getMotorCalibrationRight   
00000e8d  __TI_printfi                  
00001000  __STACK_SIZE                  
00001000  __SYSMEM_SIZE                 
000018db  _nop                          
000018dd  pow                           
000018dd  powl                          
000022ad  __kernel_rem_pio2             
000029e5  findSmallestObj               
00002a55  obj_width                     
00002ab7  findMax                       
00002b13  findMin                       
00002b6f  add_obj                       
00002bed  ir_findObj                    
00002df9  add_dataPoint                 
00002e9f  free_dataPoints               
00002ebb  free_objs                     
00002ed7  moving_avg                    
00002f2d  getObjects                    
00003111  stop_event                    
00003135  on_bump                       
00003217  print_objects                 
000032a5  avg_obj_dist                  
00003307  batt_percent_charge           
00003331  display_charge                
00003367  get_obj_coord                 
00003475  get_dest_coord                
000035a5  main                          
00003815  dist_to_target                
00003895  reset_origin                  
000038a9  angle_to_target               
00003a35  set_speed                     
00003a49  set_target_coord              
00003a63  turned_left                   
00003a85  update_position               
00003b6d  turn_left                     
00003c09  turn_right                    
00003c95  move_forward                  
00003d2d  turn_to_target_coord          
00003d61  move_to_target_coord          
00003dc9  move_backward                 
00003e5d  sin                           
00003e5d  sinl                          
0000443d  cos                           
0000443d  cosl                          
00004a19  tan                           
00004a19  tanl                          
00004f21  acos                          
00004f21  acosl                         
0000533d  lcd_reverseNibble             
00005379  lcd_init                      
00005439  lcd_putc                      
00005471  lcd_puts                      
0000548f  lcd_sendCommand               
000054cd  lcd_sendNibble                
00005511  lcd_gotoLine                  
00005539  lcd_setCursorPos              
00005577  lcd_printf                    
00005665  __kernel_tan                  
00005bf1  cyBOT_scan_version            
00005bff  cyBOT_init_Scan               
00005c57  cyBOT_Scan                    
00005cc9  cyBOT_SERVO_cal               
00005e51  set_cmnd                      
00005e6b  uart_interrupt_init           
00005f95  uart_sendChar                 
00005fb1  uart_receive                  
00005fc5  uart_sendStr                  
00005fe3  UART1_Handler                 
0000609d  timer_init                    
00006115  timer_stop                    
0000613f  timer_pause                   
00006151  timer_resume                  
00006163  timer_getMillis               
000061bb  timer_getMicros               
00006215  timer_waitMicros              
00006247  timer_waitMillis              
000062e5  ping_init                     
0000636b  ping_trigger                  
000063d5  TIMER3B_Handler               
00006427  ping_getDistance              
000066a1  __aeabi_dsub                  
000066ab  __aeabi_dadd                  
00006857  __aeabi_idiv0                 
00006857  __aeabi_ldiv0                 
00006859  __kernel_sin                  
000069cd  __kernel_cos                  
00006b3d  servo_init                    
00006bc1  servo_stop                    
00006bcd  servo_move                    
00006c2d  servo_setPWM                  
00006c95  sqrt                          
00006c95  sqrtl                         
00006f29  __aeabi_ddiv                  
00007185  ir_init                       
000071ed  ir_getValue                   
00007215  ir_getDistance                
0000721d  ADC0SS0_Handler               
00007233  ir_enableInterrupt            
0000729d  ldexp                         
0000729d  ldexpl                        
0000729d  scalbn                        
0000729d  scalbnl                       
000073ad  aligned_alloc                 
000073ad  memalign                      
000074ad  __aeabi_dmul                  
000075a9  floor                         
000075a9  floorl                        
000076a1  free                          
00007785  realloc                       
0000791b  __aeabi_memcpy                
0000791b  __aeabi_memcpy4               
0000791b  __aeabi_memcpy8               
0000791b  memcpy                        
000079b7  __aeabi_uldivmod              
00007a4d  __aeabi_cdcmpeq               
00007a4d  __aeabi_cdcmple               
00007ad3  __aeabi_cdrcmple              
00007b59  __aeabi_memclr                
00007b59  __aeabi_memclr4               
00007b59  __aeabi_memclr8               
00007b5b  __aeabi_memset                
00007b5b  __aeabi_memset4               
00007b5b  __aeabi_memset8               
00007b61  memset                        
00007cb3  __aeabi_d2f                   
00007d21  __TI_decompress_lzss          
00007d89  frexp                         
00007d89  frexpl                        
00007e43  __TI_ltoa                     
00007ee9  atoi                          
00007f35  snprintf                      
00007f81  __aeabi_d2iz                  
00007fc9  __TI_auto_init_nobinit_nopinit
0000800d  vsnprintf                     
0000808d  calloc                        
000080c5  __aeabi_f2d                   
000080fd  IntRegister                   
00008131  _c_int00_noargs               
000081c5  __aeabi_i2d                   
0000821d  turned_right                  
00008241  __aeabi_ui2d                  
00008261  __TI_zero_init_nomemset       
00008299  memccpy                       
000082b5  copysign                      
000082b5  copysignl                     
000082ff  oi_parseInt                   
00008317  strcmp                        
0000832f  strchr                        
00008345  strcpy                        
00008359  strlen                        
0000836d  wcslen                        
0000837f  IntMasterEnable               
0000838f  lcd_clear                     
0000839f  __TI_decompress_none          
000083ad  CPUcpsie                      
000083b9  ResetISR                      
000083c5  __aeabi_errno_addr            
000083cd  malloc                        
000083d5  _system_pre_init              
000083d9  C$$EXIT                       
000083d9  abort                         
00008538  _ctypes_                      
00008734  __TI_Handler_Table_Base       
00008740  __TI_Handler_Table_Limit      
00008750  __TI_CINIT_Base               
00008768  __TI_CINIT_Limit              
20000000  __start___llvm_prf_cnts       
20000000  __stop___llvm_prf_cnts        
20000000  g_pfnRAMVectors               
20000270  __stack                       
20000470  __STACK_TOP                   
20001270  __STACK_END                   
20001270  _sys_memory                   
200022dc  _timeout_ticks                
200022e0  fallingEdge                   
200022e4  isr_int_value                 
200022e8  left_calibration_value        
200022ec  pulseLength                   
200022f0  right_calibration_value       
200022f4  risingEdge                    
200022f8  isRisingEdge                  
200022fc  motor_cal_factor_L            
20002300  motor_cal_factor_R            
2000231c  _lock                         
20002320  _unlock                       
2000232c  current_coord                 
20002334  spd                           
20002338  current_angle                 
2000233c  target_coord                  
20002344  command_byte                  
20002348  command_flag                  
2000234c  cyBOT_scan_features           
20002350  errno                         
20002354  _running                      
ffffffff  __TI_pprof_out_hndl           
ffffffff  __TI_prof_data_size           
ffffffff  __TI_prof_data_start          
ffffffff  __binit__                     
ffffffff  __c_args__                    
ffffffff  binit                         
UNDEFED   __mpu_init                    
UNDEFED   _system_post_cinit            

[227 symbols]
