******************************************************************************
                  TI ARM Linker PC v20.2.7                     
******************************************************************************
>> Linked Tue Feb 18 13:04:02 2025

OUTPUT FILE NAME:   <Lab3.out>
ENTRY POINT SYMBOL: "_c_int00_noargs"  address: 00006d6d


MEMORY CONFIGURATION

         name            origin    length      used     unused   attr    fill
----------------------  --------  ---------  --------  --------  ----  --------
  FLASH                 00000000   00040000  00007463  00038b9d  R  X
  SRAM                  20000000   00008000  00002704  000058fc  RW X


SEGMENT ALLOCATION MAP

run origin  load origin   length   init length attrs members
----------  ----------- ---------- ----------- ----- -------
00000000    00000000    00007468   00007468    r-x
  00000000    00000000    0000026c   0000026c    r-- .intvecs
  0000026c    0000026c    00006e2c   00006e2c    r-x .text
  00007098    00007098    00000323   00000323    r-- .const
  000073c0    000073c0    000000a8   000000a8    r-- .cinit
20000000    20000000    0000270b   00000000    rw-
  20000000    20000000    0000026c   00000000    rw- .vtable
  20000270    20000270    00001000   00000000    rw- .stack
  20001270    20001270    00001000   00000000    rw- .sysmem
  20002270    20002270    00000285   00000000    rw- .bss
  200024f8    200024f8    00000213   00000000    rw- .data


SECTION ALLOCATION MAP

 output                                  attributes/
section   page    origin      length       input sections
--------  ----  ----------  ----------   ----------------
.intvecs   0    00000000    0000026c     
                  00000000    0000026c     tm4c123gh6pm_startup_ccs.obj (.intvecs)

.text      0    0000026c    00006e2c     
                  0000026c    00000c20     open_interface.obj (.text)
                  00000e8c    00000a4e     rtsv7M4_T_le_v4SPD16_eabi.lib : _printfi.c.obj (.text:__TI_printfi)
                  000018da    00000002                                   : _lock.c.obj (.text:_nop)
                  000018dc    000009d0                                   : e_pow.c.obj (.text:pow)
                  000022ac    000007f4     find_objects.obj (.text)
                  00002aa0    00000738     rtsv7M4_T_le_v4SPD16_eabi.lib : k_rem_pio2.c.obj (.text:__kernel_rem_pio2)
                  000031d8    00000508                                   : s_tan.c.obj (.text:tan)
                  000036e0    00000328     lcd.obj (.text)
                  00003a08    0000031c     rtsv7M4_T_le_v4SPD16_eabi.lib : k_tan.c.obj (.text:__kernel_tan)
                  00003d24    00000270                                   : _printfi.c.obj (.text:_pconv_a)
                  00003f94    00000260     libcybotScan.lib : cyBot_Scan.obj (.text)
                  000041f4    00000248     Timer.obj (.text)
                  0000443c    000001ec     libcybotScan.lib : ping.obj (.text)
                  00004628    000001ec     main.obj (.text)
                  00004814    000001e8     move.obj (.text)
                  000049fc    000001d0     rtsv7M4_T_le_v4SPD16_eabi.lib : _printfi.c.obj (.text:_pconv_g)
                  00004bcc    000001b6                                   : fd_add_t2.asm.obj (.text)
                  00004d82    00000002                                   : div0.asm.obj (.text)
                  00004d84    0000015c     libcybotUART.lib : uart.obj (.text)
                  00004ee0    00000158     libcybotScan.lib : servo.obj (.text)
                  00005038    00000158     rtsv7M4_T_le_v4SPD16_eabi.lib : e_sqrt.c.obj (.text:sqrt)
                  00005190    0000013c                                   : _printfi.c.obj (.text:_pconv_e)
                  000052cc    00000136                                   : fd_div_t2.asm.obj (.text)
                  00005402    00000002     --HOLE-- [fill = 0]
                  00005404    00000124                                   : _printfi.c.obj (.text:fcvt)
                  00005528    00000118     libcybotScan.lib : ir.obj (.text)
                  00005640    00000114     rtsv7M4_T_le_v4SPD16_eabi.lib : fputs.c.obj (.text:fputs)
                  00005754    00000110                                   : s_scalbn.c.obj (.text:scalbn)
                  00005864    00000100                                   : memory.c.obj (.text:aligned_alloc)
                  00005964    000000fc                                   : fd_mul_t2.asm.obj (.text)
                  00005a60    000000f8                                   : s_floor.c.obj (.text:floor)
                  00005b58    000000e4                                   : memory.c.obj (.text:free)
                  00005c3c    000000e4                                   : memory.c.obj (.text:realloc)
                  00005d20    000000dc                                   : setvbuf.c.obj (.text:setvbuf)
                  00005dfc    000000b1                                   : _printfi.c.obj (.text:_ltostr)
                  00005ead    00000001     --HOLE-- [fill = 0]
                  00005eae    0000009c                                   : memcpy_t2.asm.obj (.text)
                  00005f4a    00000096                                   : ull_div_t2.asm.obj (.text)
                  00005fe0    0000008c                                   : fputc.c.obj (.text:fputc)
                  0000606c    00000086                                   : fd_cmp_t2.asm.obj (.text:__aeabi_cdcmple)
                  000060f2    00000086                                   : fd_cmp_t2.asm.obj (.text:__aeabi_cdrcmple)
                  00006178    0000007a                                   : memset_t2.asm.obj (.text)
                  000061f2    00000002     --HOLE-- [fill = 0]
                  000061f4    00000074                                   : fclose.c.obj (.text:__TI_closefile)
                  00006268    00000070                                   : memory.c.obj (.text:split)
                  000062d8    0000006e                                   : _printfi.c.obj (.text:_mcpy)
                  00006346    0000006e                                   : fd_tos_t2.asm.obj (.text)
                  000063b4    0000006c                                   : hostrename.c.obj (.text:HOSTrename)
                  00006420    00000068                                   : hostlseek.c.obj (.text:HOSTlseek)
                  00006488    00000068                                   : copy_decompress_lzss.c.obj (.text:decompress:lzss:__TI_decompress_lzss)
                  000064f0    00000068                                   : printf.c.obj (.text:printf)
                  00006558    00000064                                   : s_frexp.c.obj (.text:frexp)
                  000065bc    00000064                                   : fseek.c.obj (.text:fseek)
                  00006620    00000062                                   : _io_perm.c.obj (.text:__TI_wrt_ok)
                  00006682    00000002     --HOLE-- [fill = 0]
                  00006684    00000060                                   : hostopen.c.obj (.text:HOSTopen)
                  000066e4    0000005c                                   : close.c.obj (.text:close)
                  00006740    00000058                                   : hostread.c.obj (.text:HOSTread)
                  00006798    00000058                                   : hostwrite.c.obj (.text:HOSTwrite)
                  000067f0    00000056                                   : _printfi.c.obj (.text:_pconv_f)
                  00006846    00000054                                   : _ltoa.c.obj (.text:__TI_ltoa)
                  0000689a    00000052                                   : _printfi.c.obj (.text:_ecpy)
                  000068ec    0000004c                                   : fflush.c.obj (.text:__TI_doflush)
                  00006938    0000004c                                   : atoi.c.obj (.text:atoi)
                  00006984    0000004c                                   : snprintf.c.obj (.text:snprintf)
                  000069d0    00000048                                   : exit.c.obj (.text:exit)
                  00006a18    00000048                                   : fd_toi_t2.asm.obj (.text)
                  00006a60    00000044                                   : hostclose.c.obj (.text:HOSTclose)
                  00006aa4    00000044                                   : hostunlink.c.obj (.text:HOSTunlink)
                  00006ae8    00000044                                   : autoinit.c.obj (.text:__TI_auto_init_nobinit_nopinit:__TI_auto_init_nobinit_nopinit)
                  00006b2c    00000044                                   : getdevice.c.obj (.text:getdevice)
                  00006b70    00000040                                   : vsnprintf.c.obj (.text:vsnprintf)
                  00006bb0    0000003e                                   : _printfi.c.obj (.text:_fcpy)
                  00006bee    00000002     --HOLE-- [fill = 0]
                  00006bf0    00000038                                   : trgmsg.c.obj (.text:__TI_writemsg)
                  00006c28    00000038                                   : memory.c.obj (.text:calloc)
                  00006c60    00000038                                   : fs_tod_t2.asm.obj (.text)
                  00006c98    00000036                                   : strncpy.c.obj (.text:strncpy)
                  00006cce    00000002     --HOLE-- [fill = 0]
                  00006cd0    00000034     driverlib.lib : interrupt.obj (.text:IntRegister)
                  00006d04    00000034     rtsv7M4_T_le_v4SPD16_eabi.lib : fopen.c.obj (.text:__TI_cleanup)
                  00006d38    00000034                                   : trgmsg.c.obj (.text:__TI_readmsg)
                  00006d6c    00000034                                   : boot_cortex_m.c.obj (.text:_c_int00_noargs:_c_int00_noargs)
                  00006da0    00000030                                   : snprintf.c.obj (.text:_outs)
                  00006dd0    00000030                                   : vsnprintf.c.obj (.text:_outs)
                  00006e00    00000030                                   : getdevice.c.obj (.text:finddevice)
                  00006e30    0000002e                                   : i_tofd_t2.asm.obj (.text)
                  00006e5e    00000002     --HOLE-- [fill = 0]
                  00006e60    0000002c                                   : unlink.c.obj (.text:unlink)
                  00006e8c    00000028                                   : memory.c.obj (.text:free_list_insert)
                  00006eb4    00000028                                   : lseek.c.obj (.text:lseek)
                  00006edc    00000028                                   : write.c.obj (.text:write)
                  00006f04    00000020                                   : memchr.c.obj (.text:memchr)
                  00006f24    0000001c                                   : memory.c.obj (.text:free_list_remove)
                  00006f40    0000001c                                   : memccpy.c.obj (.text:memccpy)
                  00006f5c    0000001a                                   : s_copysign.c.obj (.text:copysign)
                  00006f76    00000018                                   : snprintf.c.obj (.text:_outc)
                  00006f8e    00000018                                   : vsnprintf.c.obj (.text:_outc)
                  00006fa6    00000018     open_interface.obj (.text:oi_parseInt)
                  00006fbe    00000018     rtsv7M4_T_le_v4SPD16_eabi.lib : strcmp.c.obj (.text:strcmp)
                  00006fd6    00000016                                   : strchr.c.obj (.text:strchr)
                  00006fec    00000014                                   : strcpy.c.obj (.text:strcpy)
                  00007000    00000014                                   : strlen.c.obj (.text:strlen)
                  00007014    00000012                                   : wcslen.c.obj (.text:wcslen)
                  00007026    00000010     driverlib.lib : interrupt.obj (.text:IntMasterEnable)
                  00007036    00000010     lcd.obj (.text:lcd_clear)
                  00007046    0000000e     rtsv7M4_T_le_v4SPD16_eabi.lib : copy_decompress_none.c.obj (.text:decompress:none:__TI_decompress_none)
                  00007054    0000000c     driverlib.lib : cpu.obj (.text:CPUcpsie)
                  00007060    0000000c     rtsv7M4_T_le_v4SPD16_eabi.lib : copy_zero_init.c.obj (.text:decompress:ZI:__TI_zero_init)
                  0000706c    0000000c     tm4c123gh6pm_startup_ccs.obj (.text)
                  00007078    00000008     rtsv7M4_T_le_v4SPD16_eabi.lib : errno.c.obj (.text:__aeabi_errno_addr)
                  00007080    00000008                                   : memory.c.obj (.text:malloc)
                  00007088    00000004                                   : printf.c.obj (.text:_outc)
                  0000708c    00000004                                   : printf.c.obj (.text:_outs)
                  00007090    00000004                                   : pre_init.c.obj (.text:_system_pre_init)
                  00007094    00000004                                   : exit.c.obj (.text:abort:abort)

.const     0    00007098    00000323     
                  00007098    00000158     rtsv7M4_T_le_v4SPD16_eabi.lib : k_rem_pio2.c.obj (.const:$O1$$)
                  000071f0    00000101                                   : ctype.c.obj (.const:.string:_ctypes_)
                  000072f1    00000004     lcd.obj (.const:.string:lineAddress$1)
                  000072f5    00000003     --HOLE-- [fill = 0]
                  000072f8    00000080     rtsv7M4_T_le_v4SPD16_eabi.lib : k_tan.c.obj (.const:xxx)
                  00007378    00000030                                   : e_pow.c.obj (.const:$O1$$)
                  000073a8    0000000f     open_interface.obj (.const:.string:$P$T0$3)
                  000073b7    00000004     lcd.obj (.const:.string:lineAddresses$2)

.cinit     0    000073c0    000000a8     
                  000073c0    00000073     (.cinit..data.load) [load image, compression = lzss]
                  00007433    00000001     --HOLE-- [fill = 0]
                  00007434    0000000c     (__TI_handler_table)
                  00007440    00000008     (.cinit..bss.load) [load image, compression = zero_init]
                  00007448    00000008     (.cinit..vtable.load) [load image, compression = zero_init]
                  00007450    00000018     (__TI_cinit_table)

.init_array 
*          0    00000000    00000000     UNINITIALIZED

.vtable    0    20000000    0000026c     UNINITIALIZED
                  20000000    0000026c     driverlib.lib : interrupt.obj (.vtable)

.stack     0    20000270    00001000     UNINITIALIZED
                  20000270    00000004     rtsv7M4_T_le_v4SPD16_eabi.lib : boot_cortex_m.c.obj (.stack)
                  20000274    00000ffc     --HOLE--

.sysmem    0    20001270    00001000     UNINITIALIZED
                  20001270    00000010     rtsv7M4_T_le_v4SPD16_eabi.lib : memory.c.obj (.sysmem)
                  20001280    00000ff0     --HOLE--

.bss       0    20002270    00000285     UNINITIALIZED
                  20002270    00000120     rtsv7M4_T_le_v4SPD16_eabi.lib : trgmsg.c.obj (.bss:_CIOBUF_)
                  20002390    000000a0     (.common:__TI_tmpnams)
                  20002430    00000054     lcd.obj (.bss:lastbuffer$3)
                  20002484    00000034     (.common:isr_char_buffer)
                  200024b8    00000018     open_interface.obj (.bss:firmware$2)
                  200024d0    00000008     (.common:parmbuf)
                  200024d8    00000004     (.common:_timeout_ticks)
                  200024dc    00000004     (.common:fallingEdge)
                  200024e0    00000004     (.common:isr_int_value)
                  200024e4    00000004     (.common:left_calibration_value)
                  200024e8    00000004     (.common:pulseLength)
                  200024ec    00000004     (.common:right_calibration_value)
                  200024f0    00000004     (.common:risingEdge)
                  200024f4    00000001     (.common:isRisingEdge)

.data      0    200024f8    00000213     UNINITIALIZED
                  200024f8    000000f0     rtsv7M4_T_le_v4SPD16_eabi.lib : defs.c.obj (.data:_ftable)
                  200025e8    00000078                                   : host_device.c.obj (.data:_device)
                  20002660    00000050                                   : host_device.c.obj (.data:_stream)
                  200026b0    00000020     open_interface.obj (.data)
                  200026d0    00000010     rtsv7M4_T_le_v4SPD16_eabi.lib : defs.c.obj (.data)
                  200026e0    0000000c                                   : exit.c.obj (.data:$O1$$)
                  200026ec    00000008                                   : _lock.c.obj (.data:$O1$$)
                  200026f4    00000008                                   : memory.c.obj (.data:$O1$$)
                  200026fc    00000004     libcybotScan.lib : cyBot_Scan.obj (.data)
                  20002700    00000004     libcybotUART.lib : uart.obj (.data)
                  20002704    00000004     rtsv7M4_T_le_v4SPD16_eabi.lib : errno.c.obj (.data)
                  20002708    00000002     move.obj (.data)
                  2000270a    00000001     Timer.obj (.data)

__llvm_prf_cnts 
*          0    20000000    00000000     UNINITIALIZED

MODULE SUMMARY

       Module                         code    ro data   rw data
       ------                         ----    -------   -------
    .\
       open_interface.obj             3128    15        56     
       find_objects.obj               2036    0         8      
       lcd.obj                        824     8         84     
       tm4c123gh6pm_startup_ccs.obj   12      620       0      
       Timer.obj                      584     0         5      
       main.obj                       492     0         0      
       move.obj                       488     0         2      
    +--+------------------------------+-------+---------+---------+
       Total:                         7564    643       155    
                                                               
    ../libcybotScan.lib
       cyBot_Scan.obj                 608     0         4      
       ping.obj                       492     0         13     
       servo.obj                      344     0         0      
       ir.obj                         280     0         4      
    +--+------------------------------+-------+---------+---------+
       Total:                         1724    0         21     
                                                               
    ../libcybotUART.lib
       uart.obj                       348     0         56     
    +--+------------------------------+-------+---------+---------+
       Total:                         348     0         56     
                                                               
    C:/ti/TivaWare_C_Series-2.2.0.295/driverlib/ccs/Debug/driverlib.lib
       interrupt.obj                  68      0         620    
       cpu.obj                        12      0         0      
    +--+------------------------------+-------+---------+---------+
       Total:                         80      0         620    
                                                               
    C:\ti\ccs1271\ccs\tools\compiler\ti-cgt-arm_20.2.7.LTS\lib\rtsv7M4_T_le_v4SPD16_eabi.lib
       _printfi.c.obj                 4851    0         0      
       e_pow.c.obj                    2512    48        0      
       k_rem_pio2.c.obj               1848    344       0      
       s_tan.c.obj                    1288    0         0      
       memory.c.obj                   956     0         8      
       k_tan.c.obj                    796     128       0      
       fd_add_t2.asm.obj              438     0         0      
       defs.c.obj                     0       0         416    
       trgmsg.c.obj                   108     0         288    
       e_sqrt.c.obj                   344     0         0      
       fd_div_t2.asm.obj              310     0         0      
       fputs.c.obj                    276     0         0      
       s_scalbn.c.obj                 272     0         0      
       fd_cmp_t2.asm.obj              268     0         0      
       ctype.c.obj                    0       257       0      
       fd_mul_t2.asm.obj              252     0         0      
       s_floor.c.obj                  248     0         0      
       setvbuf.c.obj                  220     0         0      
       host_device.c.obj              0       0         200    
       memcpy_t2.asm.obj              156     0         0      
       ull_div_t2.asm.obj             150     0         0      
       snprintf.c.obj                 148     0         0      
       fputc.c.obj                    140     0         0      
       vsnprintf.c.obj                136     0         0      
       memset_t2.asm.obj              122     0         0      
       fclose.c.obj                   116     0         0      
       getdevice.c.obj                116     0         0      
       printf.c.obj                   112     0         0      
       fd_tos_t2.asm.obj              110     0         0      
       hostrename.c.obj               108     0         0      
       copy_decompress_lzss.c.obj     104     0         0      
       hostlseek.c.obj                104     0         0      
       hostopen.c.obj                 96      0         8      
       fseek.c.obj                    100     0         0      
       s_frexp.c.obj                  100     0         0      
       _io_perm.c.obj                 98      0         0      
       close.c.obj                    92      0         0      
       exit.c.obj                     76      0         12     
       hostread.c.obj                 88      0         0      
       hostwrite.c.obj                88      0         0      
       _ltoa.c.obj                    84      0         0      
       atoi.c.obj                     76      0         0      
       fflush.c.obj                   76      0         0      
       fd_toi_t2.asm.obj              72      0         0      
       autoinit.c.obj                 68      0         0      
       hostclose.c.obj                68      0         0      
       hostunlink.c.obj               68      0         0      
       fs_tod_t2.asm.obj              56      0         0      
       strncpy.c.obj                  54      0         0      
       boot_cortex_m.c.obj            52      0         0      
       fopen.c.obj                    52      0         0      
       i_tofd_t2.asm.obj              46      0         0      
       unlink.c.obj                   44      0         0      
       lseek.c.obj                    40      0         0      
       write.c.obj                    40      0         0      
       memchr.c.obj                   32      0         0      
       memccpy.c.obj                  28      0         0      
       s_copysign.c.obj               26      0         0      
       strcmp.c.obj                   24      0         0      
       strchr.c.obj                   22      0         0      
       strcpy.c.obj                   20      0         0      
       strlen.c.obj                   20      0         0      
       wcslen.c.obj                   18      0         0      
       copy_decompress_none.c.obj     14      0         0      
       copy_zero_init.c.obj           12      0         0      
       errno.c.obj                    8       0         4      
       _lock.c.obj                    2       0         8      
       pre_init.c.obj                 4       0         0      
       div0.asm.obj                   2       0         0      
    +--+------------------------------+-------+---------+---------+
       Total:                         18475   777       944    
                                                               
       Heap:                          0       0         4096   
       Stack:                         0       0         4096   
       Linker Generated:              0       167       0      
    +--+------------------------------+-------+---------+---------+
       Grand Total:                   28191   1587      9988   


LINKER GENERATED COPY TABLES

__TI_cinit_table @ 00007450 records: 3, size/record: 8, table size: 24
	.data: load addr=000073c0, load size=00000073 bytes, run addr=200024f8, run size=00000213 bytes, compression=lzss
	.bss: load addr=00007440, load size=00000008 bytes, run addr=20002270, run size=00000285 bytes, compression=zero_init
	.vtable: load addr=00007448, load size=00000008 bytes, run addr=20000000, run size=0000026c bytes, compression=zero_init


LINKER GENERATED HANDLER TABLE

__TI_handler_table @ 00007434 records: 3, size/record: 4, table size: 12
	index: 0, handler: __TI_zero_init
	index: 1, handler: __TI_decompress_lzss
	index: 2, handler: __TI_decompress_none


GLOBAL SYMBOLS: SORTED ALPHABETICALLY BY Name 

address   name                           
-------   ----                           
000055c1  ADC0SS0_Handler                
00007095  C$$EXIT                        
00006c1f  C$$IO$$                        
00007055  CPUcpsie                       
00000bc3  GPIOF_Handler                  
00006a61  HOSTclose                      
00006421  HOSTlseek                      
00006685  HOSTopen                       
00006741  HOSTread                       
000063b5  HOSTrename                     
00006aa5  HOSTunlink                     
00006799  HOSTwrite                      
00007027  IntMasterEnable                
00006cd1  IntRegister                    
0000706d  ResetISR                       
0000452d  TIMER3B_Handler                
20002270  __CIOBUF_                      
20001270  __STACK_END                    
00001000  __STACK_SIZE                   
20000470  __STACK_TOP                    
00001000  __SYSMEM_SIZE                  
00007450  __TI_CINIT_Base                
00007468  __TI_CINIT_Limit               
00007434  __TI_Handler_Table_Base        
00007440  __TI_Handler_Table_Limit       
00006ae9  __TI_auto_init_nobinit_nopinit 
00006d05  __TI_cleanup                   
200026e0  __TI_cleanup_ptr               
000061f5  __TI_closefile                 
00006489  __TI_decompress_lzss           
00007047  __TI_decompress_none           
000068ed  __TI_doflush                   
200026e4  __TI_dtors_ptr                 
200026e8  __TI_enable_exit_profile_output
200026d0  __TI_ft_end                    
00006847  __TI_ltoa                      
ffffffff  __TI_pprof_out_hndl            
00000e8d  __TI_printfi                   
ffffffff  __TI_prof_data_size            
ffffffff  __TI_prof_data_start           
00006d39  __TI_readmsg                   
00000000  __TI_static_base__             
20002390  __TI_tmpnams                   
00006bf1  __TI_writemsg                  
00006621  __TI_wrt_ok                    
00007061  __TI_zero_init                 
0000606d  __aeabi_cdcmpeq                
0000606d  __aeabi_cdcmple                
000060f3  __aeabi_cdrcmple               
00006347  __aeabi_d2f                    
00006a19  __aeabi_d2iz                   
00004bd7  __aeabi_dadd                   
000052cd  __aeabi_ddiv                   
00005965  __aeabi_dmul                   
00004bcd  __aeabi_dsub                   
00007079  __aeabi_errno_addr             
00006c61  __aeabi_f2d                    
00006e31  __aeabi_i2d                    
00004d83  __aeabi_idiv0                  
00004d83  __aeabi_ldiv0                  
00006179  __aeabi_memclr                 
00006179  __aeabi_memclr4                
00006179  __aeabi_memclr8                
00005eaf  __aeabi_memcpy                 
00005eaf  __aeabi_memcpy4                
00005eaf  __aeabi_memcpy8                
0000617b  __aeabi_memset                 
0000617b  __aeabi_memset4                
0000617b  __aeabi_memset8                
200026dc  __aeabi_stderr                 
200026d4  __aeabi_stdin                  
200026d8  __aeabi_stdout                 
00005f4b  __aeabi_uldivmod               
ffffffff  __binit__                      
ffffffff  __c_args__                     
00002aa1  __kernel_rem_pio2              
00003a09  __kernel_tan                   
UNDEFED   __mpu_init                     
20000270  __stack                        
20000000  __start___llvm_prf_cnts        
20000000  __stop___llvm_prf_cnts         
00006d6d  _c_int00_noargs                
000071f0  _ctypes_                       
200025e8  _device                        
200024f8  _ftable                        
200026ec  _lock                          
000018db  _nop                           
2000270a  _running                       
20002660  _stream                        
20001270  _sys_memory                    
UNDEFED   _system_post_cinit             
00007091  _system_pre_init               
200024d8  _timeout_ticks                 
200026f0  _unlock                        
00007095  abort                          
00002649  add_dataPoint                  
0000270b  add_obj                        
00005865  aligned_alloc                  
00006939  atoi                           
ffffffff  binit                          
00006c29  calloc                         
000066e5  close                          
00006f5d  copysign                       
00006f5d  copysignl                      
0000406d  cyBOT_SERVO_cal                
00003ffb  cyBOT_Scan                     
00003fa3  cyBOT_init_Scan                
200026fc  cyBOT_scan_features            
00003f95  cyBOT_scan_version             
00004e8d  cyBot_UART1_Handler            
00004e73  cyBot_getByte                  
00004d85  cyBot_sendByte                 
00004e55  cyBot_uart_flush               
00004dc3  cyBot_uart_init                
00004dab  cyBot_uart_sendBuffer          
00004d91  cyBot_uart_sendStr             
20002704  errno                          
000069d1  exit                           
200024dc  fallingEdge                    
0000232d  findMax                        
00002389  findMin                        
00004629  findSmallestObj                
00006e01  finddevice                     
00005a61  floor                          
00005a61  floorl                         
00005fe1  fputc                          
00005641  fputs                          
00005b59  free                           
000026ef  free_dataPoints                
00002779  free_objs                      
00006559  frexp                          
00006559  frexpl                         
000065bd  fseek                          
20000000  g_pfnRAMVectors                
00000000  g_pfnVectors                   
000027ad  getObjects                     
00006b2d  getdevice                      
0000097f  go_charge                      
000055d7  ir_enableInterrupt             
000023e5  ir_findObj                     
000055b9  ir_getDistance                 
00005591  ir_getValue                    
00005529  ir_init                        
200024f4  isRisingEdge                   
20002484  isr_char_buffer                
20002700  isr_counter                    
200024e0  isr_int_value                  
00007037  lcd_clear                      
000038b5  lcd_gotoLine                   
0000371d  lcd_init                       
0000391b  lcd_printf                     
000037dd  lcd_putc                       
00003815  lcd_puts                       
000036e1  lcd_reverseNibble              
00003833  lcd_sendCommand                
00003871  lcd_sendNibble                 
000038dd  lcd_setCursorPos               
00005755  ldexp                          
00005755  ldexpl                         
200024e4  left_calibration_value         
00006eb5  lseek                          
000046bd  main                           
00007081  malloc                         
00005865  memalign                       
00006f41  memccpy                        
00006f05  memchr                         
00005eaf  memcpy                         
00006181  memset                         
200026b0  motor_cal_factor_L             
200026b4  motor_cal_factor_R             
0000497f  move_backward                  
0000490d  move_forward                   
000022cb  obj_width                      
0000026d  oi_alloc                       
00000aa9  oi_checkFirmware               
000002c7  oi_close                       
00000279  oi_free                        
00000ded  oi_getMotorCalibrationLeft     
00000e01  oi_getMotorCalibrationRight    
000002b1  oi_init                        
00000289  oi_init_noupdate               
00000915  oi_loadSong                    
00006fa7  oi_parseInt                    
0000032b  oi_parsePacket                 
0000096b  oi_play_song                   
0000084b  oi_setLeds                     
00000db1  oi_setMotorCalibration         
0000088f  oi_setWheels                   
00000b51  oi_shutoff_init                
0000098d  oi_uartInit                    
00000a31  oi_uartReceive                 
00000a77  oi_uartSendBuff                
00000a15  oi_uartSendChar                
00000a59  oi_uartSendStr                 
000002d9  oi_update                      
200024d0  parmbuf                        
0000457f  ping_getDistance               
0000443d  ping_init                      
000044c3  ping_trigger                   
000018dd  pow                            
000018dd  powl                           
000064f1  printf                         
200024e8  pulseLength                    
00005fe1  putc                           
000022ad  putty_puts                     
00005c3d  realloc                        
00006e61  remove                         
200024ec  right_calibration_value        
200024f0  risingEdge                     
00005755  scalbn                         
00005755  scalbnl                        
00004ee1  servo_init                     
00004f71  servo_move                     
00004fd1  servo_setPWM                   
00004f65  servo_stop                     
00004815  set_speed                      
00005d21  setvbuf                        
00006985  snprintf                       
20002708  spd                            
00005039  sqrt                           
00005039  sqrtl                          
00004699  stop_event                     
00006fd7  strchr                         
00006fbf  strcmp                         
00006fed  strcpy                         
00007001  strlen                         
00006c99  strncpy                        
000031d9  tan                            
000031d9  tanl                           
00004313  timer_getMicros                
000042bb  timer_getMillis                
000041f5  timer_init                     
00004297  timer_pause                    
000042a9  timer_resume                   
0000426d  timer_stop                     
0000436d  timer_waitMicros               
0000439f  timer_waitMillis               
00004829  turn_left                      
0000489b  turn_right                     
00006e61  unlink                         
00006b71  vsnprintf                      
00007015  wcslen                         
00006edd  write                          


GLOBAL SYMBOLS: SORTED BY Symbol Address 

address   name                           
-------   ----                           
00000000  __TI_static_base__             
00000000  g_pfnVectors                   
0000026d  oi_alloc                       
00000279  oi_free                        
00000289  oi_init_noupdate               
000002b1  oi_init                        
000002c7  oi_close                       
000002d9  oi_update                      
0000032b  oi_parsePacket                 
0000084b  oi_setLeds                     
0000088f  oi_setWheels                   
00000915  oi_loadSong                    
0000096b  oi_play_song                   
0000097f  go_charge                      
0000098d  oi_uartInit                    
00000a15  oi_uartSendChar                
00000a31  oi_uartReceive                 
00000a59  oi_uartSendStr                 
00000a77  oi_uartSendBuff                
00000aa9  oi_checkFirmware               
00000b51  oi_shutoff_init                
00000bc3  GPIOF_Handler                  
00000db1  oi_setMotorCalibration         
00000ded  oi_getMotorCalibrationLeft     
00000e01  oi_getMotorCalibrationRight    
00000e8d  __TI_printfi                   
00001000  __STACK_SIZE                   
00001000  __SYSMEM_SIZE                  
000018db  _nop                           
000018dd  pow                            
000018dd  powl                           
000022ad  putty_puts                     
000022cb  obj_width                      
0000232d  findMax                        
00002389  findMin                        
000023e5  ir_findObj                     
00002649  add_dataPoint                  
000026ef  free_dataPoints                
0000270b  add_obj                        
00002779  free_objs                      
000027ad  getObjects                     
00002aa1  __kernel_rem_pio2              
000031d9  tan                            
000031d9  tanl                           
000036e1  lcd_reverseNibble              
0000371d  lcd_init                       
000037dd  lcd_putc                       
00003815  lcd_puts                       
00003833  lcd_sendCommand                
00003871  lcd_sendNibble                 
000038b5  lcd_gotoLine                   
000038dd  lcd_setCursorPos               
0000391b  lcd_printf                     
00003a09  __kernel_tan                   
00003f95  cyBOT_scan_version             
00003fa3  cyBOT_init_Scan                
00003ffb  cyBOT_Scan                     
0000406d  cyBOT_SERVO_cal                
000041f5  timer_init                     
0000426d  timer_stop                     
00004297  timer_pause                    
000042a9  timer_resume                   
000042bb  timer_getMillis                
00004313  timer_getMicros                
0000436d  timer_waitMicros               
0000439f  timer_waitMillis               
0000443d  ping_init                      
000044c3  ping_trigger                   
0000452d  TIMER3B_Handler                
0000457f  ping_getDistance               
00004629  findSmallestObj                
00004699  stop_event                     
000046bd  main                           
00004815  set_speed                      
00004829  turn_left                      
0000489b  turn_right                     
0000490d  move_forward                   
0000497f  move_backward                  
00004bcd  __aeabi_dsub                   
00004bd7  __aeabi_dadd                   
00004d83  __aeabi_idiv0                  
00004d83  __aeabi_ldiv0                  
00004d85  cyBot_sendByte                 
00004d91  cyBot_uart_sendStr             
00004dab  cyBot_uart_sendBuffer          
00004dc3  cyBot_uart_init                
00004e55  cyBot_uart_flush               
00004e73  cyBot_getByte                  
00004e8d  cyBot_UART1_Handler            
00004ee1  servo_init                     
00004f65  servo_stop                     
00004f71  servo_move                     
00004fd1  servo_setPWM                   
00005039  sqrt                           
00005039  sqrtl                          
000052cd  __aeabi_ddiv                   
00005529  ir_init                        
00005591  ir_getValue                    
000055b9  ir_getDistance                 
000055c1  ADC0SS0_Handler                
000055d7  ir_enableInterrupt             
00005641  fputs                          
00005755  ldexp                          
00005755  ldexpl                         
00005755  scalbn                         
00005755  scalbnl                        
00005865  aligned_alloc                  
00005865  memalign                       
00005965  __aeabi_dmul                   
00005a61  floor                          
00005a61  floorl                         
00005b59  free                           
00005c3d  realloc                        
00005d21  setvbuf                        
00005eaf  __aeabi_memcpy                 
00005eaf  __aeabi_memcpy4                
00005eaf  __aeabi_memcpy8                
00005eaf  memcpy                         
00005f4b  __aeabi_uldivmod               
00005fe1  fputc                          
00005fe1  putc                           
0000606d  __aeabi_cdcmpeq                
0000606d  __aeabi_cdcmple                
000060f3  __aeabi_cdrcmple               
00006179  __aeabi_memclr                 
00006179  __aeabi_memclr4                
00006179  __aeabi_memclr8                
0000617b  __aeabi_memset                 
0000617b  __aeabi_memset4                
0000617b  __aeabi_memset8                
00006181  memset                         
000061f5  __TI_closefile                 
00006347  __aeabi_d2f                    
000063b5  HOSTrename                     
00006421  HOSTlseek                      
00006489  __TI_decompress_lzss           
000064f1  printf                         
00006559  frexp                          
00006559  frexpl                         
000065bd  fseek                          
00006621  __TI_wrt_ok                    
00006685  HOSTopen                       
000066e5  close                          
00006741  HOSTread                       
00006799  HOSTwrite                      
00006847  __TI_ltoa                      
000068ed  __TI_doflush                   
00006939  atoi                           
00006985  snprintf                       
000069d1  exit                           
00006a19  __aeabi_d2iz                   
00006a61  HOSTclose                      
00006aa5  HOSTunlink                     
00006ae9  __TI_auto_init_nobinit_nopinit 
00006b2d  getdevice                      
00006b71  vsnprintf                      
00006bf1  __TI_writemsg                  
00006c1f  C$$IO$$                        
00006c29  calloc                         
00006c61  __aeabi_f2d                    
00006c99  strncpy                        
00006cd1  IntRegister                    
00006d05  __TI_cleanup                   
00006d39  __TI_readmsg                   
00006d6d  _c_int00_noargs                
00006e01  finddevice                     
00006e31  __aeabi_i2d                    
00006e61  remove                         
00006e61  unlink                         
00006eb5  lseek                          
00006edd  write                          
00006f05  memchr                         
00006f41  memccpy                        
00006f5d  copysign                       
00006f5d  copysignl                      
00006fa7  oi_parseInt                    
00006fbf  strcmp                         
00006fd7  strchr                         
00006fed  strcpy                         
00007001  strlen                         
00007015  wcslen                         
00007027  IntMasterEnable                
00007037  lcd_clear                      
00007047  __TI_decompress_none           
00007055  CPUcpsie                       
00007061  __TI_zero_init                 
0000706d  ResetISR                       
00007079  __aeabi_errno_addr             
00007081  malloc                         
00007091  _system_pre_init               
00007095  C$$EXIT                        
00007095  abort                          
000071f0  _ctypes_                       
00007434  __TI_Handler_Table_Base        
00007440  __TI_Handler_Table_Limit       
00007450  __TI_CINIT_Base                
00007468  __TI_CINIT_Limit               
20000000  __start___llvm_prf_cnts        
20000000  __stop___llvm_prf_cnts         
20000000  g_pfnRAMVectors                
20000270  __stack                        
20000470  __STACK_TOP                    
20001270  __STACK_END                    
20001270  _sys_memory                    
20002270  __CIOBUF_                      
20002390  __TI_tmpnams                   
20002484  isr_char_buffer                
200024d0  parmbuf                        
200024d8  _timeout_ticks                 
200024dc  fallingEdge                    
200024e0  isr_int_value                  
200024e4  left_calibration_value         
200024e8  pulseLength                    
200024ec  right_calibration_value        
200024f0  risingEdge                     
200024f4  isRisingEdge                   
200024f8  _ftable                        
200025e8  _device                        
20002660  _stream                        
200026b0  motor_cal_factor_L             
200026b4  motor_cal_factor_R             
200026d0  __TI_ft_end                    
200026d4  __aeabi_stdin                  
200026d8  __aeabi_stdout                 
200026dc  __aeabi_stderr                 
200026e0  __TI_cleanup_ptr               
200026e4  __TI_dtors_ptr                 
200026e8  __TI_enable_exit_profile_output
200026ec  _lock                          
200026f0  _unlock                        
200026fc  cyBOT_scan_features            
20002700  isr_counter                    
20002704  errno                          
20002708  spd                            
2000270a  _running                       
ffffffff  __TI_pprof_out_hndl            
ffffffff  __TI_prof_data_size            
ffffffff  __TI_prof_data_start           
ffffffff  __binit__                      
ffffffff  __c_args__                     
ffffffff  binit                          
UNDEFED   __mpu_init                     
UNDEFED   _system_post_cinit             

[243 symbols]
