<?xml version="1.0" encoding="ISO-8859-1" ?>
<link_info>
   <banner>TI ARM Linker PC v20.2.7.LTS</banner>
   <copyright>Copyright (c) 1996-2018 Texas Instruments Incorporated</copyright>
   <link_time>0x67b4d9a2</link_time>
   <link_errors>0x0</link_errors>
   <output_file>Lab3.out</output_file>
   <entry_point>
      <name>_c_int00_noargs</name>
      <address>0x6d6d</address>
   </entry_point>
   <input_file_list>
      <input_file id="fl-2">
         <path>.\</path>
         <kind>object</kind>
         <file>Timer.obj</file>
         <name>Timer.obj</name>
      </input_file>
      <input_file id="fl-3">
         <path>.\</path>
         <kind>object</kind>
         <file>calibrate_servo.obj</file>
         <name>calibrate_servo.obj</name>
      </input_file>
      <input_file id="fl-4">
         <path>.\</path>
         <kind>object</kind>
         <file>find_objects.obj</file>
         <name>find_objects.obj</name>
      </input_file>
      <input_file id="fl-5">
         <path>.\</path>
         <kind>object</kind>
         <file>ir_calibrate.obj</file>
         <name>ir_calibrate.obj</name>
      </input_file>
      <input_file id="fl-6">
         <path>.\</path>
         <kind>object</kind>
         <file>lcd.obj</file>
         <name>lcd.obj</name>
      </input_file>
      <input_file id="fl-7">
         <path>.\</path>
         <kind>object</kind>
         <file>main.obj</file>
         <name>main.obj</name>
      </input_file>
      <input_file id="fl-8">
         <path>.\</path>
         <kind>object</kind>
         <file>move.obj</file>
         <name>move.obj</name>
      </input_file>
      <input_file id="fl-9">
         <path>.\</path>
         <kind>object</kind>
         <file>open_interface.obj</file>
         <name>open_interface.obj</name>
      </input_file>
      <input_file id="fl-a">
         <path>.\</path>
         <kind>object</kind>
         <file>ping_calibrate.obj</file>
         <name>ping_calibrate.obj</name>
      </input_file>
      <input_file id="fl-b">
         <path>.\</path>
         <kind>object</kind>
         <file>tm4c123gh6pm_startup_ccs.obj</file>
         <name>tm4c123gh6pm_startup_ccs.obj</name>
      </input_file>
      <input_file id="fl-12">
         <kind>object</kind>
         <file>&lt;internal&gt;</file>
         <name>&lt;internal&gt;</name>
      </input_file>
      <input_file id="fl-13">
         <path>..\</path>
         <kind>archive</kind>
         <file>libcybotScan.lib</file>
         <name>cyBot_Scan.obj</name>
      </input_file>
      <input_file id="fl-14">
         <path>..\</path>
         <kind>archive</kind>
         <file>libcybotScan.lib</file>
         <name>ir.obj</name>
      </input_file>
      <input_file id="fl-15">
         <path>..\</path>
         <kind>archive</kind>
         <file>libcybotScan.lib</file>
         <name>ping.obj</name>
      </input_file>
      <input_file id="fl-16">
         <path>..\</path>
         <kind>archive</kind>
         <file>libcybotScan.lib</file>
         <name>servo.obj</name>
      </input_file>
      <input_file id="fl-17">
         <path>..\</path>
         <kind>archive</kind>
         <file>libcybotUART.lib</file>
         <name>uart.obj</name>
      </input_file>
      <input_file id="fl-cd">
         <path>C:\ti\ccs1271\ccs\tools\compiler\ti-cgt-arm_20.2.7.LTS\lib\</path>
         <kind>archive</kind>
         <file>rtsv7M4_T_le_v4SPD16_eabi.lib</file>
         <name>e_pow.c.obj</name>
      </input_file>
      <input_file id="fl-ce">
         <path>C:\ti\ccs1271\ccs\tools\compiler\ti-cgt-arm_20.2.7.LTS\lib\</path>
         <kind>archive</kind>
         <file>rtsv7M4_T_le_v4SPD16_eabi.lib</file>
         <name>e_sqrt.c.obj</name>
      </input_file>
      <input_file id="fl-cf">
         <path>C:\ti\ccs1271\ccs\tools\compiler\ti-cgt-arm_20.2.7.LTS\lib\</path>
         <kind>archive</kind>
         <file>rtsv7M4_T_le_v4SPD16_eabi.lib</file>
         <name>s_scalbn.c.obj</name>
      </input_file>
      <input_file id="fl-d0">
         <path>C:\ti\ccs1271\ccs\tools\compiler\ti-cgt-arm_20.2.7.LTS\lib\</path>
         <kind>archive</kind>
         <file>rtsv7M4_T_le_v4SPD16_eabi.lib</file>
         <name>s_tan.c.obj</name>
      </input_file>
      <input_file id="fl-d1">
         <path>C:\ti\ccs1271\ccs\tools\compiler\ti-cgt-arm_20.2.7.LTS\lib\</path>
         <kind>archive</kind>
         <file>rtsv7M4_T_le_v4SPD16_eabi.lib</file>
         <name>printf.c.obj</name>
      </input_file>
      <input_file id="fl-d2">
         <path>C:\ti\ccs1271\ccs\tools\compiler\ti-cgt-arm_20.2.7.LTS\lib\</path>
         <kind>archive</kind>
         <file>rtsv7M4_T_le_v4SPD16_eabi.lib</file>
         <name>_printfi.c.obj</name>
      </input_file>
      <input_file id="fl-d3">
         <path>C:\ti\ccs1271\ccs\tools\compiler\ti-cgt-arm_20.2.7.LTS\lib\</path>
         <kind>archive</kind>
         <file>rtsv7M4_T_le_v4SPD16_eabi.lib</file>
         <name>snprintf.c.obj</name>
      </input_file>
      <input_file id="fl-d4">
         <path>C:\ti\ccs1271\ccs\tools\compiler\ti-cgt-arm_20.2.7.LTS\lib\</path>
         <kind>archive</kind>
         <file>rtsv7M4_T_le_v4SPD16_eabi.lib</file>
         <name>vsnprintf.c.obj</name>
      </input_file>
      <input_file id="fl-d5">
         <path>C:\ti\ccs1271\ccs\tools\compiler\ti-cgt-arm_20.2.7.LTS\lib\</path>
         <kind>archive</kind>
         <file>rtsv7M4_T_le_v4SPD16_eabi.lib</file>
         <name>fputc.c.obj</name>
      </input_file>
      <input_file id="fl-d6">
         <path>C:\ti\ccs1271\ccs\tools\compiler\ti-cgt-arm_20.2.7.LTS\lib\</path>
         <kind>archive</kind>
         <file>rtsv7M4_T_le_v4SPD16_eabi.lib</file>
         <name>fputs.c.obj</name>
      </input_file>
      <input_file id="fl-d7">
         <path>C:\ti\ccs1271\ccs\tools\compiler\ti-cgt-arm_20.2.7.LTS\lib\</path>
         <kind>archive</kind>
         <file>rtsv7M4_T_le_v4SPD16_eabi.lib</file>
         <name>_io_perm.c.obj</name>
      </input_file>
      <input_file id="fl-d8">
         <path>C:\ti\ccs1271\ccs\tools\compiler\ti-cgt-arm_20.2.7.LTS\lib\</path>
         <kind>archive</kind>
         <file>rtsv7M4_T_le_v4SPD16_eabi.lib</file>
         <name>setvbuf.c.obj</name>
      </input_file>
      <input_file id="fl-d9">
         <path>C:\ti\ccs1271\ccs\tools\compiler\ti-cgt-arm_20.2.7.LTS\lib\</path>
         <kind>archive</kind>
         <file>rtsv7M4_T_le_v4SPD16_eabi.lib</file>
         <name>fd_add_t2.asm.obj</name>
      </input_file>
      <input_file id="fl-da">
         <path>C:\ti\ccs1271\ccs\tools\compiler\ti-cgt-arm_20.2.7.LTS\lib\</path>
         <kind>archive</kind>
         <file>rtsv7M4_T_le_v4SPD16_eabi.lib</file>
         <name>fd_cmp_t2.asm.obj</name>
      </input_file>
      <input_file id="fl-db">
         <path>C:\ti\ccs1271\ccs\tools\compiler\ti-cgt-arm_20.2.7.LTS\lib\</path>
         <kind>archive</kind>
         <file>rtsv7M4_T_le_v4SPD16_eabi.lib</file>
         <name>fd_div_t2.asm.obj</name>
      </input_file>
      <input_file id="fl-dc">
         <path>C:\ti\ccs1271\ccs\tools\compiler\ti-cgt-arm_20.2.7.LTS\lib\</path>
         <kind>archive</kind>
         <file>rtsv7M4_T_le_v4SPD16_eabi.lib</file>
         <name>fd_mul_t2.asm.obj</name>
      </input_file>
      <input_file id="fl-dd">
         <path>C:\ti\ccs1271\ccs\tools\compiler\ti-cgt-arm_20.2.7.LTS\lib\</path>
         <kind>archive</kind>
         <file>rtsv7M4_T_le_v4SPD16_eabi.lib</file>
         <name>fd_toi_t2.asm.obj</name>
      </input_file>
      <input_file id="fl-de">
         <path>C:\ti\ccs1271\ccs\tools\compiler\ti-cgt-arm_20.2.7.LTS\lib\</path>
         <kind>archive</kind>
         <file>rtsv7M4_T_le_v4SPD16_eabi.lib</file>
         <name>fd_tos_t2.asm.obj</name>
      </input_file>
      <input_file id="fl-df">
         <path>C:\ti\ccs1271\ccs\tools\compiler\ti-cgt-arm_20.2.7.LTS\lib\</path>
         <kind>archive</kind>
         <file>rtsv7M4_T_le_v4SPD16_eabi.lib</file>
         <name>fs_tod_t2.asm.obj</name>
      </input_file>
      <input_file id="fl-e0">
         <path>C:\ti\ccs1271\ccs\tools\compiler\ti-cgt-arm_20.2.7.LTS\lib\</path>
         <kind>archive</kind>
         <file>rtsv7M4_T_le_v4SPD16_eabi.lib</file>
         <name>i_tofd_t2.asm.obj</name>
      </input_file>
      <input_file id="fl-e1">
         <path>C:\ti\ccs1271\ccs\tools\compiler\ti-cgt-arm_20.2.7.LTS\lib\</path>
         <kind>archive</kind>
         <file>rtsv7M4_T_le_v4SPD16_eabi.lib</file>
         <name>memcpy_t2.asm.obj</name>
      </input_file>
      <input_file id="fl-e2">
         <path>C:\ti\ccs1271\ccs\tools\compiler\ti-cgt-arm_20.2.7.LTS\lib\</path>
         <kind>archive</kind>
         <file>rtsv7M4_T_le_v4SPD16_eabi.lib</file>
         <name>memset_t2.asm.obj</name>
      </input_file>
      <input_file id="fl-e3">
         <path>C:\ti\ccs1271\ccs\tools\compiler\ti-cgt-arm_20.2.7.LTS\lib\</path>
         <kind>archive</kind>
         <file>rtsv7M4_T_le_v4SPD16_eabi.lib</file>
         <name>ull_div_t2.asm.obj</name>
      </input_file>
      <input_file id="fl-e4">
         <path>C:\ti\ccs1271\ccs\tools\compiler\ti-cgt-arm_20.2.7.LTS\lib\</path>
         <kind>archive</kind>
         <file>rtsv7M4_T_le_v4SPD16_eabi.lib</file>
         <name>copy_zero_init.c.obj</name>
      </input_file>
      <input_file id="fl-e5">
         <path>C:\ti\ccs1271\ccs\tools\compiler\ti-cgt-arm_20.2.7.LTS\lib\</path>
         <kind>archive</kind>
         <file>rtsv7M4_T_le_v4SPD16_eabi.lib</file>
         <name>copy_decompress_none.c.obj</name>
      </input_file>
      <input_file id="fl-e6">
         <path>C:\ti\ccs1271\ccs\tools\compiler\ti-cgt-arm_20.2.7.LTS\lib\</path>
         <kind>archive</kind>
         <file>rtsv7M4_T_le_v4SPD16_eabi.lib</file>
         <name>copy_decompress_lzss.c.obj</name>
      </input_file>
      <input_file id="fl-e7">
         <path>C:\ti\ccs1271\ccs\tools\compiler\ti-cgt-arm_20.2.7.LTS\lib\</path>
         <kind>archive</kind>
         <file>rtsv7M4_T_le_v4SPD16_eabi.lib</file>
         <name>exit.c.obj</name>
      </input_file>
      <input_file id="fl-e8">
         <path>C:\ti\ccs1271\ccs\tools\compiler\ti-cgt-arm_20.2.7.LTS\lib\</path>
         <kind>archive</kind>
         <file>rtsv7M4_T_le_v4SPD16_eabi.lib</file>
         <name>_lock.c.obj</name>
      </input_file>
      <input_file id="fl-e9">
         <path>C:\ti\ccs1271\ccs\tools\compiler\ti-cgt-arm_20.2.7.LTS\lib\</path>
         <kind>archive</kind>
         <file>rtsv7M4_T_le_v4SPD16_eabi.lib</file>
         <name>_ltoa.c.obj</name>
      </input_file>
      <input_file id="fl-ea">
         <path>C:\ti\ccs1271\ccs\tools\compiler\ti-cgt-arm_20.2.7.LTS\lib\</path>
         <kind>archive</kind>
         <file>rtsv7M4_T_le_v4SPD16_eabi.lib</file>
         <name>atoi.c.obj</name>
      </input_file>
      <input_file id="fl-eb">
         <path>C:\ti\ccs1271\ccs\tools\compiler\ti-cgt-arm_20.2.7.LTS\lib\</path>
         <kind>archive</kind>
         <file>rtsv7M4_T_le_v4SPD16_eabi.lib</file>
         <name>ctype.c.obj</name>
      </input_file>
      <input_file id="fl-ec">
         <path>C:\ti\ccs1271\ccs\tools\compiler\ti-cgt-arm_20.2.7.LTS\lib\</path>
         <kind>archive</kind>
         <file>rtsv7M4_T_le_v4SPD16_eabi.lib</file>
         <name>defs.c.obj</name>
      </input_file>
      <input_file id="fl-ed">
         <path>C:\ti\ccs1271\ccs\tools\compiler\ti-cgt-arm_20.2.7.LTS\lib\</path>
         <kind>archive</kind>
         <file>rtsv7M4_T_le_v4SPD16_eabi.lib</file>
         <name>memccpy.c.obj</name>
      </input_file>
      <input_file id="fl-ee">
         <path>C:\ti\ccs1271\ccs\tools\compiler\ti-cgt-arm_20.2.7.LTS\lib\</path>
         <kind>archive</kind>
         <file>rtsv7M4_T_le_v4SPD16_eabi.lib</file>
         <name>memchr.c.obj</name>
      </input_file>
      <input_file id="fl-ef">
         <path>C:\ti\ccs1271\ccs\tools\compiler\ti-cgt-arm_20.2.7.LTS\lib\</path>
         <kind>archive</kind>
         <file>rtsv7M4_T_le_v4SPD16_eabi.lib</file>
         <name>memory.c.obj</name>
      </input_file>
      <input_file id="fl-f0">
         <path>C:\ti\ccs1271\ccs\tools\compiler\ti-cgt-arm_20.2.7.LTS\lib\</path>
         <kind>archive</kind>
         <file>rtsv7M4_T_le_v4SPD16_eabi.lib</file>
         <name>strchr.c.obj</name>
      </input_file>
      <input_file id="fl-f1">
         <path>C:\ti\ccs1271\ccs\tools\compiler\ti-cgt-arm_20.2.7.LTS\lib\</path>
         <kind>archive</kind>
         <file>rtsv7M4_T_le_v4SPD16_eabi.lib</file>
         <name>strcmp.c.obj</name>
      </input_file>
      <input_file id="fl-f2">
         <path>C:\ti\ccs1271\ccs\tools\compiler\ti-cgt-arm_20.2.7.LTS\lib\</path>
         <kind>archive</kind>
         <file>rtsv7M4_T_le_v4SPD16_eabi.lib</file>
         <name>strcpy.c.obj</name>
      </input_file>
      <input_file id="fl-f3">
         <path>C:\ti\ccs1271\ccs\tools\compiler\ti-cgt-arm_20.2.7.LTS\lib\</path>
         <kind>archive</kind>
         <file>rtsv7M4_T_le_v4SPD16_eabi.lib</file>
         <name>strlen.c.obj</name>
      </input_file>
      <input_file id="fl-f4">
         <path>C:\ti\ccs1271\ccs\tools\compiler\ti-cgt-arm_20.2.7.LTS\lib\</path>
         <kind>archive</kind>
         <file>rtsv7M4_T_le_v4SPD16_eabi.lib</file>
         <name>k_rem_pio2.c.obj</name>
      </input_file>
      <input_file id="fl-f5">
         <path>C:\ti\ccs1271\ccs\tools\compiler\ti-cgt-arm_20.2.7.LTS\lib\</path>
         <kind>archive</kind>
         <file>rtsv7M4_T_le_v4SPD16_eabi.lib</file>
         <name>boot_cortex_m.c.obj</name>
      </input_file>
      <input_file id="fl-f6">
         <path>C:\ti\ccs1271\ccs\tools\compiler\ti-cgt-arm_20.2.7.LTS\lib\</path>
         <kind>archive</kind>
         <file>rtsv7M4_T_le_v4SPD16_eabi.lib</file>
         <name>write.c.obj</name>
      </input_file>
      <input_file id="fl-f7">
         <path>C:\ti\ccs1271\ccs\tools\compiler\ti-cgt-arm_20.2.7.LTS\lib\</path>
         <kind>archive</kind>
         <file>rtsv7M4_T_le_v4SPD16_eabi.lib</file>
         <name>host_device.c.obj</name>
      </input_file>
      <input_file id="fl-f8">
         <path>C:\ti\ccs1271\ccs\tools\compiler\ti-cgt-arm_20.2.7.LTS\lib\</path>
         <kind>archive</kind>
         <file>rtsv7M4_T_le_v4SPD16_eabi.lib</file>
         <name>errno.c.obj</name>
      </input_file>
      <input_file id="fl-f9">
         <path>C:\ti\ccs1271\ccs\tools\compiler\ti-cgt-arm_20.2.7.LTS\lib\</path>
         <kind>archive</kind>
         <file>rtsv7M4_T_le_v4SPD16_eabi.lib</file>
         <name>wcslen.c.obj</name>
      </input_file>
      <input_file id="fl-fa">
         <path>C:\ti\ccs1271\ccs\tools\compiler\ti-cgt-arm_20.2.7.LTS\lib\</path>
         <kind>archive</kind>
         <file>rtsv7M4_T_le_v4SPD16_eabi.lib</file>
         <name>s_copysign.c.obj</name>
      </input_file>
      <input_file id="fl-fb">
         <path>C:\ti\ccs1271\ccs\tools\compiler\ti-cgt-arm_20.2.7.LTS\lib\</path>
         <kind>archive</kind>
         <file>rtsv7M4_T_le_v4SPD16_eabi.lib</file>
         <name>k_tan.c.obj</name>
      </input_file>
      <input_file id="fl-fc">
         <path>C:\ti\ccs1271\ccs\tools\compiler\ti-cgt-arm_20.2.7.LTS\lib\</path>
         <kind>archive</kind>
         <file>rtsv7M4_T_le_v4SPD16_eabi.lib</file>
         <name>s_floor.c.obj</name>
      </input_file>
      <input_file id="fl-fd">
         <path>C:\ti\ccs1271\ccs\tools\compiler\ti-cgt-arm_20.2.7.LTS\lib\</path>
         <kind>archive</kind>
         <file>rtsv7M4_T_le_v4SPD16_eabi.lib</file>
         <name>s_frexp.c.obj</name>
      </input_file>
      <input_file id="fl-fe">
         <path>C:\ti\ccs1271\ccs\tools\compiler\ti-cgt-arm_20.2.7.LTS\lib\</path>
         <kind>archive</kind>
         <file>rtsv7M4_T_le_v4SPD16_eabi.lib</file>
         <name>fflush.c.obj</name>
      </input_file>
      <input_file id="fl-ff">
         <path>C:\ti\ccs1271\ccs\tools\compiler\ti-cgt-arm_20.2.7.LTS\lib\</path>
         <kind>archive</kind>
         <file>rtsv7M4_T_le_v4SPD16_eabi.lib</file>
         <name>fopen.c.obj</name>
      </input_file>
      <input_file id="fl-100">
         <path>C:\ti\ccs1271\ccs\tools\compiler\ti-cgt-arm_20.2.7.LTS\lib\</path>
         <kind>archive</kind>
         <file>rtsv7M4_T_le_v4SPD16_eabi.lib</file>
         <name>fseek.c.obj</name>
      </input_file>
      <input_file id="fl-101">
         <path>C:\ti\ccs1271\ccs\tools\compiler\ti-cgt-arm_20.2.7.LTS\lib\</path>
         <kind>archive</kind>
         <file>rtsv7M4_T_le_v4SPD16_eabi.lib</file>
         <name>div0.asm.obj</name>
      </input_file>
      <input_file id="fl-102">
         <path>C:\ti\ccs1271\ccs\tools\compiler\ti-cgt-arm_20.2.7.LTS\lib\</path>
         <kind>archive</kind>
         <file>rtsv7M4_T_le_v4SPD16_eabi.lib</file>
         <name>autoinit.c.obj</name>
      </input_file>
      <input_file id="fl-103">
         <path>C:\ti\ccs1271\ccs\tools\compiler\ti-cgt-arm_20.2.7.LTS\lib\</path>
         <kind>archive</kind>
         <file>rtsv7M4_T_le_v4SPD16_eabi.lib</file>
         <name>pre_init.c.obj</name>
      </input_file>
      <input_file id="fl-104">
         <path>C:\ti\ccs1271\ccs\tools\compiler\ti-cgt-arm_20.2.7.LTS\lib\</path>
         <kind>archive</kind>
         <file>rtsv7M4_T_le_v4SPD16_eabi.lib</file>
         <name>cpy_tbl.c.obj</name>
      </input_file>
      <input_file id="fl-105">
         <path>C:\ti\ccs1271\ccs\tools\compiler\ti-cgt-arm_20.2.7.LTS\lib\</path>
         <kind>archive</kind>
         <file>rtsv7M4_T_le_v4SPD16_eabi.lib</file>
         <name>args_main.c.obj</name>
      </input_file>
      <input_file id="fl-106">
         <path>C:\ti\ccs1271\ccs\tools\compiler\ti-cgt-arm_20.2.7.LTS\lib\</path>
         <kind>archive</kind>
         <file>rtsv7M4_T_le_v4SPD16_eabi.lib</file>
         <name>hostclose.c.obj</name>
      </input_file>
      <input_file id="fl-107">
         <path>C:\ti\ccs1271\ccs\tools\compiler\ti-cgt-arm_20.2.7.LTS\lib\</path>
         <kind>archive</kind>
         <file>rtsv7M4_T_le_v4SPD16_eabi.lib</file>
         <name>hostlseek.c.obj</name>
      </input_file>
      <input_file id="fl-108">
         <path>C:\ti\ccs1271\ccs\tools\compiler\ti-cgt-arm_20.2.7.LTS\lib\</path>
         <kind>archive</kind>
         <file>rtsv7M4_T_le_v4SPD16_eabi.lib</file>
         <name>hostopen.c.obj</name>
      </input_file>
      <input_file id="fl-109">
         <path>C:\ti\ccs1271\ccs\tools\compiler\ti-cgt-arm_20.2.7.LTS\lib\</path>
         <kind>archive</kind>
         <file>rtsv7M4_T_le_v4SPD16_eabi.lib</file>
         <name>hostread.c.obj</name>
      </input_file>
      <input_file id="fl-10a">
         <path>C:\ti\ccs1271\ccs\tools\compiler\ti-cgt-arm_20.2.7.LTS\lib\</path>
         <kind>archive</kind>
         <file>rtsv7M4_T_le_v4SPD16_eabi.lib</file>
         <name>hostrename.c.obj</name>
      </input_file>
      <input_file id="fl-10b">
         <path>C:\ti\ccs1271\ccs\tools\compiler\ti-cgt-arm_20.2.7.LTS\lib\</path>
         <kind>archive</kind>
         <file>rtsv7M4_T_le_v4SPD16_eabi.lib</file>
         <name>hostunlink.c.obj</name>
      </input_file>
      <input_file id="fl-10c">
         <path>C:\ti\ccs1271\ccs\tools\compiler\ti-cgt-arm_20.2.7.LTS\lib\</path>
         <kind>archive</kind>
         <file>rtsv7M4_T_le_v4SPD16_eabi.lib</file>
         <name>hostwrite.c.obj</name>
      </input_file>
      <input_file id="fl-10d">
         <path>C:\ti\ccs1271\ccs\tools\compiler\ti-cgt-arm_20.2.7.LTS\lib\</path>
         <kind>archive</kind>
         <file>rtsv7M4_T_le_v4SPD16_eabi.lib</file>
         <name>trgmsg.c.obj</name>
      </input_file>
      <input_file id="fl-10e">
         <path>C:\ti\ccs1271\ccs\tools\compiler\ti-cgt-arm_20.2.7.LTS\lib\</path>
         <kind>archive</kind>
         <file>rtsv7M4_T_le_v4SPD16_eabi.lib</file>
         <name>open.c.obj</name>
      </input_file>
      <input_file id="fl-10f">
         <path>C:\ti\ccs1271\ccs\tools\compiler\ti-cgt-arm_20.2.7.LTS\lib\</path>
         <kind>archive</kind>
         <file>rtsv7M4_T_le_v4SPD16_eabi.lib</file>
         <name>lseek.c.obj</name>
      </input_file>
      <input_file id="fl-110">
         <path>C:\ti\ccs1271\ccs\tools\compiler\ti-cgt-arm_20.2.7.LTS\lib\</path>
         <kind>archive</kind>
         <file>rtsv7M4_T_le_v4SPD16_eabi.lib</file>
         <name>fclose.c.obj</name>
      </input_file>
      <input_file id="fl-111">
         <path>C:\ti\ccs1271\ccs\tools\compiler\ti-cgt-arm_20.2.7.LTS\lib\</path>
         <kind>archive</kind>
         <file>rtsv7M4_T_le_v4SPD16_eabi.lib</file>
         <name>getdevice.c.obj</name>
      </input_file>
      <input_file id="fl-112">
         <path>C:\ti\ccs1271\ccs\tools\compiler\ti-cgt-arm_20.2.7.LTS\lib\</path>
         <kind>archive</kind>
         <file>rtsv7M4_T_le_v4SPD16_eabi.lib</file>
         <name>strncpy.c.obj</name>
      </input_file>
      <input_file id="fl-113">
         <path>C:\ti\ccs1271\ccs\tools\compiler\ti-cgt-arm_20.2.7.LTS\lib\</path>
         <kind>archive</kind>
         <file>rtsv7M4_T_le_v4SPD16_eabi.lib</file>
         <name>remove.c.obj</name>
      </input_file>
      <input_file id="fl-114">
         <path>C:\ti\ccs1271\ccs\tools\compiler\ti-cgt-arm_20.2.7.LTS\lib\</path>
         <kind>archive</kind>
         <file>rtsv7M4_T_le_v4SPD16_eabi.lib</file>
         <name>close.c.obj</name>
      </input_file>
      <input_file id="fl-115">
         <path>C:\ti\ccs1271\ccs\tools\compiler\ti-cgt-arm_20.2.7.LTS\lib\</path>
         <kind>archive</kind>
         <file>rtsv7M4_T_le_v4SPD16_eabi.lib</file>
         <name>unlink.c.obj</name>
      </input_file>
      <input_file id="fl-116">
         <path>C:\ti\TivaWare_C_Series-2.2.0.295\driverlib\ccs\Debug\</path>
         <kind>archive</kind>
         <file>driverlib.lib</file>
         <name>interrupt.obj</name>
      </input_file>
      <input_file id="fl-117">
         <path>C:\ti\TivaWare_C_Series-2.2.0.295\driverlib\ccs\Debug\</path>
         <kind>archive</kind>
         <file>driverlib.lib</file>
         <name>cpu.obj</name>
      </input_file>
   </input_file_list>
   <object_component_list>
      <object_component id="oc-12">
         <name>.intvecs</name>
         <load_address>0x0</load_address>
         <run_address>0x0</run_address>
         <size>0x26c</size>
         <input_file_ref idref="fl-b"/>
      </object_component>
      <object_component id="oc-ef">
         <name>.text</name>
         <load_address>0x26c</load_address>
         <run_address>0x26c</run_address>
         <size>0xc20</size>
         <input_file_ref idref="fl-9"/>
      </object_component>
      <object_component id="oc-263">
         <name>.text:__TI_printfi</name>
         <load_address>0xe8c</load_address>
         <run_address>0xe8c</run_address>
         <size>0xa4e</size>
         <input_file_ref idref="fl-d2"/>
      </object_component>
      <object_component id="oc-326">
         <name>.text:_nop</name>
         <load_address>0x18da</load_address>
         <run_address>0x18da</run_address>
         <size>0x2</size>
         <input_file_ref idref="fl-e8"/>
      </object_component>
      <object_component id="oc-1f5">
         <name>.text:pow</name>
         <load_address>0x18dc</load_address>
         <run_address>0x18dc</run_address>
         <size>0x9d0</size>
         <input_file_ref idref="fl-cd"/>
      </object_component>
      <object_component id="oc-f5">
         <name>.text</name>
         <load_address>0x22ac</load_address>
         <run_address>0x22ac</run_address>
         <size>0x7f4</size>
         <input_file_ref idref="fl-4"/>
      </object_component>
      <object_component id="oc-2ca">
         <name>.text:__kernel_rem_pio2</name>
         <load_address>0x2aa0</load_address>
         <run_address>0x2aa0</run_address>
         <size>0x738</size>
         <input_file_ref idref="fl-f4"/>
      </object_component>
      <object_component id="oc-1e9">
         <name>.text:tan</name>
         <load_address>0x31d8</load_address>
         <run_address>0x31d8</run_address>
         <size>0x508</size>
         <input_file_ref idref="fl-d0"/>
      </object_component>
      <object_component id="oc-e3">
         <name>.text</name>
         <load_address>0x36e0</load_address>
         <run_address>0x36e0</run_address>
         <size>0x328</size>
         <input_file_ref idref="fl-6"/>
      </object_component>
      <object_component id="oc-2d0">
         <name>.text:__kernel_tan</name>
         <load_address>0x3a08</load_address>
         <run_address>0x3a08</run_address>
         <size>0x31c</size>
         <input_file_ref idref="fl-fb"/>
      </object_component>
      <object_component id="oc-37c">
         <name>.text:_pconv_a</name>
         <load_address>0x3d24</load_address>
         <run_address>0x3d24</run_address>
         <size>0x270</size>
         <input_file_ref idref="fl-d2"/>
      </object_component>
      <object_component id="oc-e9">
         <name>.text</name>
         <load_address>0x3f94</load_address>
         <run_address>0x3f94</run_address>
         <size>0x260</size>
         <input_file_ref idref="fl-13"/>
      </object_component>
      <object_component id="oc-d7">
         <name>.text</name>
         <load_address>0x41f4</load_address>
         <run_address>0x41f4</run_address>
         <size>0x248</size>
         <input_file_ref idref="fl-2"/>
      </object_component>
      <object_component id="oc-194">
         <name>.text</name>
         <load_address>0x443c</load_address>
         <run_address>0x443c</run_address>
         <size>0x1ec</size>
         <input_file_ref idref="fl-15"/>
      </object_component>
      <object_component id="oc-a2">
         <name>.text</name>
         <load_address>0x4628</load_address>
         <run_address>0x4628</run_address>
         <size>0x1ec</size>
         <input_file_ref idref="fl-7"/>
      </object_component>
      <object_component id="oc-105">
         <name>.text</name>
         <load_address>0x4814</load_address>
         <run_address>0x4814</run_address>
         <size>0x1e8</size>
         <input_file_ref idref="fl-8"/>
      </object_component>
      <object_component id="oc-36a">
         <name>.text:_pconv_g</name>
         <load_address>0x49fc</load_address>
         <run_address>0x49fc</run_address>
         <size>0x1d0</size>
         <input_file_ref idref="fl-d2"/>
      </object_component>
      <object_component id="oc-1d4">
         <name>.text</name>
         <load_address>0x4bcc</load_address>
         <run_address>0x4bcc</run_address>
         <size>0x1b6</size>
         <input_file_ref idref="fl-d9"/>
      </object_component>
      <object_component id="oc-4a2">
         <name>.text</name>
         <load_address>0x4d82</load_address>
         <run_address>0x4d82</run_address>
         <size>0x2</size>
         <input_file_ref idref="fl-101"/>
      </object_component>
      <object_component id="oc-dd">
         <name>.text</name>
         <load_address>0x4d84</load_address>
         <run_address>0x4d84</run_address>
         <size>0x15c</size>
         <input_file_ref idref="fl-17"/>
      </object_component>
      <object_component id="oc-18e">
         <name>.text</name>
         <load_address>0x4ee0</load_address>
         <run_address>0x4ee0</run_address>
         <size>0x158</size>
         <input_file_ref idref="fl-16"/>
      </object_component>
      <object_component id="oc-2f4">
         <name>.text:sqrt</name>
         <load_address>0x5038</load_address>
         <run_address>0x5038</run_address>
         <size>0x158</size>
         <input_file_ref idref="fl-ce"/>
      </object_component>
      <object_component id="oc-376">
         <name>.text:_pconv_e</name>
         <load_address>0x5190</load_address>
         <run_address>0x5190</run_address>
         <size>0x13c</size>
         <input_file_ref idref="fl-d2"/>
      </object_component>
      <object_component id="oc-1ca">
         <name>.text</name>
         <load_address>0x52cc</load_address>
         <run_address>0x52cc</run_address>
         <size>0x136</size>
         <input_file_ref idref="fl-db"/>
      </object_component>
      <object_component id="oc-432">
         <name>.text:fcvt</name>
         <load_address>0x5404</load_address>
         <run_address>0x5404</run_address>
         <size>0x124</size>
         <input_file_ref idref="fl-d2"/>
      </object_component>
      <object_component id="oc-19a">
         <name>.text</name>
         <load_address>0x5528</load_address>
         <run_address>0x5528</run_address>
         <size>0x118</size>
         <input_file_ref idref="fl-14"/>
      </object_component>
      <object_component id="oc-3db">
         <name>.text:fputs</name>
         <load_address>0x5640</load_address>
         <run_address>0x5640</run_address>
         <size>0x114</size>
         <input_file_ref idref="fl-d6"/>
      </object_component>
      <object_component id="oc-2fd">
         <name>.text:scalbn</name>
         <load_address>0x5754</load_address>
         <run_address>0x5754</run_address>
         <size>0x110</size>
         <input_file_ref idref="fl-cf"/>
      </object_component>
      <object_component id="oc-3a6">
         <name>.text:aligned_alloc</name>
         <load_address>0x5864</load_address>
         <run_address>0x5864</run_address>
         <size>0x100</size>
         <input_file_ref idref="fl-ef"/>
      </object_component>
      <object_component id="oc-1c5">
         <name>.text</name>
         <load_address>0x5964</load_address>
         <run_address>0x5964</run_address>
         <size>0xfc</size>
         <input_file_ref idref="fl-dc"/>
      </object_component>
      <object_component id="oc-3b5">
         <name>.text:floor</name>
         <load_address>0x5a60</load_address>
         <run_address>0x5a60</run_address>
         <size>0xf8</size>
         <input_file_ref idref="fl-fc"/>
      </object_component>
      <object_component id="oc-1af">
         <name>.text:free</name>
         <load_address>0x5b58</load_address>
         <run_address>0x5b58</run_address>
         <size>0xe4</size>
         <input_file_ref idref="fl-ef"/>
      </object_component>
      <object_component id="oc-1fb">
         <name>.text:realloc</name>
         <load_address>0x5c3c</load_address>
         <run_address>0x5c3c</run_address>
         <size>0xe4</size>
         <input_file_ref idref="fl-ef"/>
      </object_component>
      <object_component id="oc-4c8">
         <name>.text:setvbuf</name>
         <load_address>0x5d20</load_address>
         <run_address>0x5d20</run_address>
         <size>0xdc</size>
         <input_file_ref idref="fl-d8"/>
      </object_component>
      <object_component id="oc-364">
         <name>.text:_ltostr</name>
         <load_address>0x5dfc</load_address>
         <run_address>0x5dfc</run_address>
         <size>0xb1</size>
         <input_file_ref idref="fl-d2"/>
      </object_component>
      <object_component id="oc-3e">
         <name>.text</name>
         <load_address>0x5eae</load_address>
         <run_address>0x5eae</run_address>
         <size>0x9c</size>
         <input_file_ref idref="fl-e1"/>
      </object_component>
      <object_component id="oc-419">
         <name>.text</name>
         <load_address>0x5f4a</load_address>
         <run_address>0x5f4a</run_address>
         <size>0x96</size>
         <input_file_ref idref="fl-e3"/>
      </object_component>
      <object_component id="oc-3e2">
         <name>.text:fputc</name>
         <load_address>0x5fe0</load_address>
         <run_address>0x5fe0</run_address>
         <size>0x8c</size>
         <input_file_ref idref="fl-d5"/>
      </object_component>
      <object_component id="oc-2c5">
         <name>.text:__aeabi_cdcmple</name>
         <load_address>0x606c</load_address>
         <run_address>0x606c</run_address>
         <size>0x86</size>
         <input_file_ref idref="fl-da"/>
      </object_component>
      <object_component id="oc-100">
         <name>.text:__aeabi_cdrcmple</name>
         <load_address>0x60f2</load_address>
         <run_address>0x60f2</run_address>
         <size>0x86</size>
         <input_file_ref idref="fl-da"/>
      </object_component>
      <object_component id="oc-96">
         <name>.text</name>
         <load_address>0x6178</load_address>
         <run_address>0x6178</run_address>
         <size>0x7a</size>
         <input_file_ref idref="fl-e2"/>
      </object_component>
      <object_component id="oc-517">
         <name>.text:__TI_closefile</name>
         <load_address>0x61f4</load_address>
         <run_address>0x61f4</run_address>
         <size>0x74</size>
         <input_file_ref idref="fl-110"/>
      </object_component>
      <object_component id="oc-306">
         <name>.text:split</name>
         <load_address>0x6268</load_address>
         <run_address>0x6268</run_address>
         <size>0x70</size>
         <input_file_ref idref="fl-ef"/>
      </object_component>
      <object_component id="oc-42b">
         <name>.text:_mcpy</name>
         <load_address>0x62d8</load_address>
         <run_address>0x62d8</run_address>
         <size>0x6e</size>
         <input_file_ref idref="fl-d2"/>
      </object_component>
      <object_component id="oc-1dc">
         <name>.text</name>
         <load_address>0x6346</load_address>
         <run_address>0x6346</run_address>
         <size>0x6e</size>
         <input_file_ref idref="fl-de"/>
      </object_component>
      <object_component id="oc-547">
         <name>.text:HOSTrename</name>
         <load_address>0x63b4</load_address>
         <run_address>0x63b4</run_address>
         <size>0x6c</size>
         <input_file_ref idref="fl-10a"/>
      </object_component>
      <object_component id="oc-53b">
         <name>.text:HOSTlseek</name>
         <load_address>0x6420</load_address>
         <run_address>0x6420</run_address>
         <size>0x68</size>
         <input_file_ref idref="fl-107"/>
      </object_component>
      <object_component id="oc-15">
         <name>.text:decompress:lzss:__TI_decompress_lzss</name>
         <load_address>0x6488</load_address>
         <run_address>0x6488</run_address>
         <size>0x68</size>
         <input_file_ref idref="fl-e6"/>
      </object_component>
      <object_component id="oc-1ef">
         <name>.text:printf</name>
         <load_address>0x64f0</load_address>
         <run_address>0x64f0</run_address>
         <size>0x68</size>
         <input_file_ref idref="fl-d1"/>
      </object_component>
      <object_component id="oc-440">
         <name>.text:frexp</name>
         <load_address>0x6558</load_address>
         <run_address>0x6558</run_address>
         <size>0x64</size>
         <input_file_ref idref="fl-fd"/>
      </object_component>
      <object_component id="oc-4c2">
         <name>.text:fseek</name>
         <load_address>0x65bc</load_address>
         <run_address>0x65bc</run_address>
         <size>0x64</size>
         <input_file_ref idref="fl-100"/>
      </object_component>
      <object_component id="oc-47a">
         <name>.text:__TI_wrt_ok</name>
         <load_address>0x6620</load_address>
         <run_address>0x6620</run_address>
         <size>0x62</size>
         <input_file_ref idref="fl-d7"/>
      </object_component>
      <object_component id="oc-523">
         <name>.text:HOSTopen</name>
         <load_address>0x6684</load_address>
         <run_address>0x6684</run_address>
         <size>0x60</size>
         <input_file_ref idref="fl-108"/>
      </object_component>
      <object_component id="oc-553">
         <name>.text:close</name>
         <load_address>0x66e4</load_address>
         <run_address>0x66e4</run_address>
         <size>0x5c</size>
         <input_file_ref idref="fl-114"/>
      </object_component>
      <object_component id="oc-52f">
         <name>.text:HOSTread</name>
         <load_address>0x6740</load_address>
         <run_address>0x6740</run_address>
         <size>0x58</size>
         <input_file_ref idref="fl-109"/>
      </object_component>
      <object_component id="oc-535">
         <name>.text:HOSTwrite</name>
         <load_address>0x6798</load_address>
         <run_address>0x6798</run_address>
         <size>0x58</size>
         <input_file_ref idref="fl-10c"/>
      </object_component>
      <object_component id="oc-370">
         <name>.text:_pconv_f</name>
         <load_address>0x67f0</load_address>
         <run_address>0x67f0</run_address>
         <size>0x56</size>
         <input_file_ref idref="fl-d2"/>
      </object_component>
      <object_component id="oc-41f">
         <name>.text:__TI_ltoa</name>
         <load_address>0x6846</load_address>
         <run_address>0x6846</run_address>
         <size>0x54</size>
         <input_file_ref idref="fl-e9"/>
      </object_component>
      <object_component id="oc-425">
         <name>.text:_ecpy</name>
         <load_address>0x689a</load_address>
         <run_address>0x689a</run_address>
         <size>0x52</size>
         <input_file_ref idref="fl-d2"/>
      </object_component>
      <object_component id="oc-486">
         <name>.text:__TI_doflush</name>
         <load_address>0x68ec</load_address>
         <run_address>0x68ec</run_address>
         <size>0x4c</size>
         <input_file_ref idref="fl-fe"/>
      </object_component>
      <object_component id="oc-35e">
         <name>.text:atoi</name>
         <load_address>0x6938</load_address>
         <run_address>0x6938</run_address>
         <size>0x4c</size>
         <input_file_ref idref="fl-ea"/>
      </object_component>
      <object_component id="oc-201">
         <name>.text:snprintf</name>
         <load_address>0x6984</load_address>
         <run_address>0x6984</run_address>
         <size>0x4c</size>
         <input_file_ref idref="fl-d3"/>
      </object_component>
      <object_component id="oc-11f">
         <name>.text:exit</name>
         <load_address>0x69d0</load_address>
         <run_address>0x69d0</run_address>
         <size>0x48</size>
         <input_file_ref idref="fl-e7"/>
      </object_component>
      <object_component id="oc-2c0">
         <name>.text</name>
         <load_address>0x6a18</load_address>
         <run_address>0x6a18</run_address>
         <size>0x48</size>
         <input_file_ref idref="fl-dd"/>
      </object_component>
      <object_component id="oc-529">
         <name>.text:HOSTclose</name>
         <load_address>0x6a60</load_address>
         <run_address>0x6a60</run_address>
         <size>0x44</size>
         <input_file_ref idref="fl-106"/>
      </object_component>
      <object_component id="oc-541">
         <name>.text:HOSTunlink</name>
         <load_address>0x6aa4</load_address>
         <run_address>0x6aa4</run_address>
         <size>0x44</size>
         <input_file_ref idref="fl-10b"/>
      </object_component>
      <object_component id="oc-125">
         <name>.text:__TI_auto_init_nobinit_nopinit:__TI_auto_init_nobinit_nopinit</name>
         <load_address>0x6ae8</load_address>
         <run_address>0x6ae8</run_address>
         <size>0x44</size>
         <input_file_ref idref="fl-102"/>
      </object_component>
      <object_component id="oc-582">
         <name>.text:getdevice</name>
         <load_address>0x6b2c</load_address>
         <run_address>0x6b2c</run_address>
         <size>0x44</size>
         <input_file_ref idref="fl-111"/>
      </object_component>
      <object_component id="oc-172">
         <name>.text:vsnprintf</name>
         <load_address>0x6b70</load_address>
         <run_address>0x6b70</run_address>
         <size>0x40</size>
         <input_file_ref idref="fl-d4"/>
      </object_component>
      <object_component id="oc-438">
         <name>.text:_fcpy</name>
         <load_address>0x6bb0</load_address>
         <run_address>0x6bb0</run_address>
         <size>0x3e</size>
         <input_file_ref idref="fl-d2"/>
      </object_component>
      <object_component id="oc-564">
         <name>.text:__TI_writemsg</name>
         <load_address>0x6bf0</load_address>
         <run_address>0x6bf0</run_address>
         <size>0x38</size>
         <input_file_ref idref="fl-10d"/>
      </object_component>
      <object_component id="oc-1a9">
         <name>.text:calloc</name>
         <load_address>0x6c28</load_address>
         <run_address>0x6c28</run_address>
         <size>0x38</size>
         <input_file_ref idref="fl-ef"/>
      </object_component>
      <object_component id="oc-fb">
         <name>.text</name>
         <load_address>0x6c60</load_address>
         <run_address>0x6c60</run_address>
         <size>0x38</size>
         <input_file_ref idref="fl-df"/>
      </object_component>
      <object_component id="oc-5a2">
         <name>.text:strncpy</name>
         <load_address>0x6c98</load_address>
         <run_address>0x6c98</run_address>
         <size>0x36</size>
         <input_file_ref idref="fl-112"/>
      </object_component>
      <object_component id="oc-159">
         <name>.text:IntRegister</name>
         <load_address>0x6cd0</load_address>
         <run_address>0x6cd0</run_address>
         <size>0x34</size>
         <input_file_ref idref="fl-116"/>
      </object_component>
      <object_component id="oc-4ee">
         <name>.text:__TI_cleanup</name>
         <load_address>0x6d04</load_address>
         <run_address>0x6d04</run_address>
         <size>0x34</size>
         <input_file_ref idref="fl-ff"/>
      </object_component>
      <object_component id="oc-56a">
         <name>.text:__TI_readmsg</name>
         <load_address>0x6d38</load_address>
         <run_address>0x6d38</run_address>
         <size>0x34</size>
         <input_file_ref idref="fl-10d"/>
      </object_component>
      <object_component id="oc-5c">
         <name>.text:_c_int00_noargs:_c_int00_noargs</name>
         <load_address>0x6d6c</load_address>
         <run_address>0x6d6c</run_address>
         <size>0x34</size>
         <input_file_ref idref="fl-f5"/>
      </object_component>
      <object_component id="oc-30d">
         <name>.text:_outs</name>
         <load_address>0x6da0</load_address>
         <run_address>0x6da0</run_address>
         <size>0x30</size>
         <input_file_ref idref="fl-d3"/>
      </object_component>
      <object_component id="oc-269">
         <name>.text:_outs</name>
         <load_address>0x6dd0</load_address>
         <run_address>0x6dd0</run_address>
         <size>0x30</size>
         <input_file_ref idref="fl-d4"/>
      </object_component>
      <object_component id="oc-5a8">
         <name>.text:finddevice</name>
         <load_address>0x6e00</load_address>
         <run_address>0x6e00</run_address>
         <size>0x30</size>
         <input_file_ref idref="fl-111"/>
      </object_component>
      <object_component id="oc-1cf">
         <name>.text</name>
         <load_address>0x6e30</load_address>
         <run_address>0x6e30</run_address>
         <size>0x2e</size>
         <input_file_ref idref="fl-e0"/>
      </object_component>
      <object_component id="oc-559">
         <name>.text:unlink</name>
         <load_address>0x6e60</load_address>
         <run_address>0x6e60</run_address>
         <size>0x2c</size>
         <input_file_ref idref="fl-115"/>
      </object_component>
      <object_component id="oc-2a7">
         <name>.text:free_list_insert</name>
         <load_address>0x6e8c</load_address>
         <run_address>0x6e8c</run_address>
         <size>0x28</size>
         <input_file_ref idref="fl-ef"/>
      </object_component>
      <object_component id="oc-4e6">
         <name>.text:lseek</name>
         <load_address>0x6eb4</load_address>
         <run_address>0x6eb4</run_address>
         <size>0x28</size>
         <input_file_ref idref="fl-10f"/>
      </object_component>
      <object_component id="oc-48c">
         <name>.text:write</name>
         <load_address>0x6edc</load_address>
         <run_address>0x6edc</run_address>
         <size>0x28</size>
         <input_file_ref idref="fl-f6"/>
      </object_component>
      <object_component id="oc-480">
         <name>.text:memchr</name>
         <load_address>0x6f04</load_address>
         <run_address>0x6f04</run_address>
         <size>0x20</size>
         <input_file_ref idref="fl-ee"/>
      </object_component>
      <object_component id="oc-2a1">
         <name>.text:free_list_remove</name>
         <load_address>0x6f24</load_address>
         <run_address>0x6f24</run_address>
         <size>0x1c</size>
         <input_file_ref idref="fl-ef"/>
      </object_component>
      <object_component id="oc-382">
         <name>.text:memccpy</name>
         <load_address>0x6f40</load_address>
         <run_address>0x6f40</run_address>
         <size>0x1c</size>
         <input_file_ref idref="fl-ed"/>
      </object_component>
      <object_component id="oc-3f4">
         <name>.text:copysign</name>
         <load_address>0x6f5c</load_address>
         <run_address>0x6f5c</run_address>
         <size>0x1a</size>
         <input_file_ref idref="fl-fa"/>
      </object_component>
      <object_component id="oc-313">
         <name>.text:_outc</name>
         <load_address>0x6f76</load_address>
         <run_address>0x6f76</run_address>
         <size>0x18</size>
         <input_file_ref idref="fl-d3"/>
      </object_component>
      <object_component id="oc-26f">
         <name>.text:_outc</name>
         <load_address>0x6f8e</load_address>
         <run_address>0x6f8e</run_address>
         <size>0x18</size>
         <input_file_ref idref="fl-d4"/>
      </object_component>
      <object_component id="oc-1b5">
         <name>.text:oi_parseInt</name>
         <load_address>0x6fa6</load_address>
         <run_address>0x6fa6</run_address>
         <size>0x18</size>
         <input_file_ref idref="fl-9"/>
      </object_component>
      <object_component id="oc-178">
         <name>.text:strcmp</name>
         <load_address>0x6fbe</load_address>
         <run_address>0x6fbe</run_address>
         <size>0x18</size>
         <input_file_ref idref="fl-f1"/>
      </object_component>
      <object_component id="oc-446">
         <name>.text:strchr</name>
         <load_address>0x6fd6</load_address>
         <run_address>0x6fd6</run_address>
         <size>0x16</size>
         <input_file_ref idref="fl-f0"/>
      </object_component>
      <object_component id="oc-17e">
         <name>.text:strcpy</name>
         <load_address>0x6fec</load_address>
         <run_address>0x6fec</run_address>
         <size>0x14</size>
         <input_file_ref idref="fl-f2"/>
      </object_component>
      <object_component id="oc-358">
         <name>.text:strlen</name>
         <load_address>0x7000</load_address>
         <run_address>0x7000</run_address>
         <size>0x14</size>
         <input_file_ref idref="fl-f3"/>
      </object_component>
      <object_component id="oc-388">
         <name>.text:wcslen</name>
         <load_address>0x7014</load_address>
         <run_address>0x7014</run_address>
         <size>0x12</size>
         <input_file_ref idref="fl-f9"/>
      </object_component>
      <object_component id="oc-1bc">
         <name>.text:IntMasterEnable</name>
         <load_address>0x7026</load_address>
         <run_address>0x7026</run_address>
         <size>0x10</size>
         <input_file_ref idref="fl-116"/>
      </object_component>
      <object_component id="oc-16b">
         <name>.text:lcd_clear</name>
         <load_address>0x7036</load_address>
         <run_address>0x7036</run_address>
         <size>0x10</size>
         <input_file_ref idref="fl-6"/>
      </object_component>
      <object_component id="oc-1b">
         <name>.text:decompress:none:__TI_decompress_none</name>
         <load_address>0x7046</load_address>
         <run_address>0x7046</run_address>
         <size>0xe</size>
         <input_file_ref idref="fl-e5"/>
      </object_component>
      <object_component id="oc-2ae">
         <name>.text:CPUcpsie</name>
         <load_address>0x7054</load_address>
         <run_address>0x7054</run_address>
         <size>0xc</size>
         <input_file_ref idref="fl-117"/>
      </object_component>
      <object_component id="oc-50">
         <name>.text:decompress:ZI:__TI_zero_init</name>
         <load_address>0x7060</load_address>
         <run_address>0x7060</run_address>
         <size>0xc</size>
         <input_file_ref idref="fl-e4"/>
      </object_component>
      <object_component id="oc-2a">
         <name>.text</name>
         <load_address>0x706c</load_address>
         <run_address>0x706c</run_address>
         <size>0xc</size>
         <input_file_ref idref="fl-b"/>
      </object_component>
      <object_component id="oc-2d6">
         <name>.text:__aeabi_errno_addr</name>
         <load_address>0x7078</load_address>
         <run_address>0x7078</run_address>
         <size>0x8</size>
         <input_file_ref idref="fl-f8"/>
      </object_component>
      <object_component id="oc-29a">
         <name>.text:malloc</name>
         <load_address>0x7080</load_address>
         <run_address>0x7080</run_address>
         <size>0x8</size>
         <input_file_ref idref="fl-ef"/>
      </object_component>
      <object_component id="oc-2ec">
         <name>.text:_outc</name>
         <load_address>0x7088</load_address>
         <run_address>0x7088</run_address>
         <size>0x4</size>
         <input_file_ref idref="fl-d1"/>
      </object_component>
      <object_component id="oc-2e6">
         <name>.text:_outs</name>
         <load_address>0x708c</load_address>
         <run_address>0x708c</run_address>
         <size>0x4</size>
         <input_file_ref idref="fl-d1"/>
      </object_component>
      <object_component id="oc-9c">
         <name>.text:_system_pre_init</name>
         <load_address>0x7090</load_address>
         <run_address>0x7090</run_address>
         <size>0x4</size>
         <input_file_ref idref="fl-103"/>
      </object_component>
      <object_component id="oc-119">
         <name>.text:abort:abort</name>
         <load_address>0x7094</load_address>
         <run_address>0x7094</run_address>
         <size>0x4</size>
         <input_file_ref idref="fl-e7"/>
      </object_component>
      <object_component id="oc-3bb">
         <name>.const:$O1$$</name>
         <load_address>0x7098</load_address>
         <run_address>0x7098</run_address>
         <size>0x158</size>
         <input_file_ref idref="fl-f4"/>
      </object_component>
      <object_component id="oc-414">
         <name>.const:.string:_ctypes_</name>
         <load_address>0x71f0</load_address>
         <run_address>0x71f0</run_address>
         <size>0x101</size>
         <input_file_ref idref="fl-eb"/>
      </object_component>
      <object_component id="oc-184">
         <name>.const:.string:lineAddress$1</name>
         <load_address>0x72f1</load_address>
         <run_address>0x72f1</run_address>
         <size>0x4</size>
         <input_file_ref idref="fl-6"/>
      </object_component>
      <object_component id="oc-3c6">
         <name>.const:xxx</name>
         <load_address>0x72f8</load_address>
         <run_address>0x72f8</run_address>
         <size>0x80</size>
         <input_file_ref idref="fl-fb"/>
      </object_component>
      <object_component id="oc-2fa">
         <name>.const:$O1$$</name>
         <load_address>0x7378</load_address>
         <run_address>0x7378</run_address>
         <size>0x30</size>
         <input_file_ref idref="fl-cd"/>
      </object_component>
      <object_component id="oc-1d9">
         <name>.const:.string:$P$T0$3</name>
         <load_address>0x73a8</load_address>
         <run_address>0x73a8</run_address>
         <size>0xf</size>
         <input_file_ref idref="fl-9"/>
      </object_component>
      <object_component id="oc-185">
         <name>.const:.string:lineAddresses$2</name>
         <load_address>0x73b7</load_address>
         <run_address>0x73b7</run_address>
         <size>0x4</size>
         <input_file_ref idref="fl-6"/>
      </object_component>
      <object_component id="oc-5ee">
         <name>.cinit..data.load</name>
         <load_address>0x73c0</load_address>
         <run_address>0x73c0</run_address>
         <size>0x73</size>
      </object_component>
      <object_component id="oc-5eb">
         <name>__TI_handler_table</name>
         <load_address>0x7434</load_address>
         <run_address>0x7434</run_address>
         <size>0xc</size>
      </object_component>
      <object_component id="oc-5ef">
         <name>.cinit..bss.load</name>
         <load_address>0x7440</load_address>
         <run_address>0x7440</run_address>
         <size>0x8</size>
      </object_component>
      <object_component id="oc-5ed">
         <name>.cinit..vtable.load</name>
         <load_address>0x7448</load_address>
         <run_address>0x7448</run_address>
         <size>0x8</size>
      </object_component>
      <object_component id="oc-5ec">
         <name>__TI_cinit_table</name>
         <load_address>0x7450</load_address>
         <run_address>0x7450</run_address>
         <size>0x18</size>
      </object_component>
      <object_component id="oc-249">
         <name>.vtable</name>
         <uninitialized>true</uninitialized>
         <run_address>0x20000000</run_address>
         <size>0x26c</size>
         <input_file_ref idref="fl-116"/>
      </object_component>
      <object_component id="oc-15f">
         <name>.data</name>
         <load_address>0x2000270a</load_address>
         <run_address>0x2000270a</run_address>
         <size>0x1</size>
         <input_file_ref idref="fl-2"/>
      </object_component>
      <object_component id="oc-20f">
         <name>.data</name>
         <load_address>0x20002708</load_address>
         <run_address>0x20002708</run_address>
         <size>0x2</size>
         <input_file_ref idref="fl-8"/>
      </object_component>
      <object_component id="oc-1c2">
         <name>.data</name>
         <load_address>0x200026b0</load_address>
         <run_address>0x200026b0</run_address>
         <size>0x20</size>
         <input_file_ref idref="fl-9"/>
      </object_component>
      <object_component id="oc-1a0">
         <name>.data</name>
         <load_address>0x200026fc</load_address>
         <run_address>0x200026fc</run_address>
         <size>0x4</size>
         <input_file_ref idref="fl-13"/>
      </object_component>
      <object_component id="oc-167">
         <name>.data</name>
         <load_address>0x20002700</load_address>
         <run_address>0x20002700</run_address>
         <size>0x4</size>
         <input_file_ref idref="fl-17"/>
      </object_component>
      <object_component id="oc-22a">
         <name>.data:$O1$$</name>
         <load_address>0x200026e0</load_address>
         <run_address>0x200026e0</run_address>
         <size>0xc</size>
         <input_file_ref idref="fl-e7"/>
      </object_component>
      <object_component id="oc-22d">
         <name>.data:$O1$$</name>
         <load_address>0x200026ec</load_address>
         <run_address>0x200026ec</run_address>
         <size>0x8</size>
         <input_file_ref idref="fl-e8"/>
      </object_component>
      <object_component id="oc-2e3">
         <name>.data:_ftable</name>
         <load_address>0x200024f8</load_address>
         <run_address>0x200024f8</run_address>
         <size>0xf0</size>
         <input_file_ref idref="fl-ec"/>
      </object_component>
      <object_component id="oc-51d">
         <name>.data</name>
         <load_address>0x200026d0</load_address>
         <run_address>0x200026d0</run_address>
         <size>0x10</size>
         <input_file_ref idref="fl-ec"/>
      </object_component>
      <object_component id="oc-3ad">
         <name>.data:$O1$$</name>
         <load_address>0x200026f4</load_address>
         <run_address>0x200026f4</run_address>
         <size>0x8</size>
         <input_file_ref idref="fl-ef"/>
      </object_component>
      <object_component id="oc-501">
         <name>.data:_device</name>
         <load_address>0x200025e8</load_address>
         <run_address>0x200025e8</run_address>
         <size>0x78</size>
         <input_file_ref idref="fl-f7"/>
      </object_component>
      <object_component id="oc-4d4">
         <name>.data:_stream</name>
         <load_address>0x20002660</load_address>
         <run_address>0x20002660</run_address>
         <size>0x50</size>
         <input_file_ref idref="fl-f7"/>
      </object_component>
      <object_component id="oc-3cb">
         <name>.data</name>
         <load_address>0x20002704</load_address>
         <run_address>0x20002704</run_address>
         <size>0x4</size>
         <input_file_ref idref="fl-f8"/>
      </object_component>
      <object_component id="oc-186">
         <name>.bss:lastbuffer$3</name>
         <uninitialized>true</uninitialized>
         <run_address>0x20002430</run_address>
         <size>0x54</size>
         <input_file_ref idref="fl-6"/>
      </object_component>
      <object_component id="oc-1e1">
         <name>.bss:firmware$2</name>
         <uninitialized>true</uninitialized>
         <run_address>0x200024b8</run_address>
         <size>0x18</size>
         <input_file_ref idref="fl-9"/>
      </object_component>
      <object_component id="oc-58c">
         <name>.bss:_CIOBUF_</name>
         <uninitialized>true</uninitialized>
         <run_address>0x20002270</run_address>
         <size>0x120</size>
         <input_file_ref idref="fl-10d"/>
      </object_component>
      <object_component id="oc-162">
         <name>.common:_timeout_ticks</name>
         <uninitialized>true</uninitialized>
         <run_address>0x200024d8</run_address>
         <size>0x4</size>
      </object_component>
      <object_component id="oc-10b">
         <name>.common:right_calibration_value</name>
         <uninitialized>true</uninitialized>
         <run_address>0x200024ec</run_address>
         <size>0x4</size>
      </object_component>
      <object_component id="oc-112">
         <name>.common:left_calibration_value</name>
         <uninitialized>true</uninitialized>
         <run_address>0x200024e4</run_address>
         <size>0x4</size>
      </object_component>
      <object_component id="oc-294">
         <name>.common:isr_int_value</name>
         <uninitialized>true</uninitialized>
         <run_address>0x200024e0</run_address>
         <size>0x4</size>
      </object_component>
      <object_component id="oc-290">
         <name>.common:risingEdge</name>
         <uninitialized>true</uninitialized>
         <run_address>0x200024f0</run_address>
         <size>0x4</size>
      </object_component>
      <object_component id="oc-291">
         <name>.common:fallingEdge</name>
         <uninitialized>true</uninitialized>
         <run_address>0x200024dc</run_address>
         <size>0x4</size>
      </object_component>
      <object_component id="oc-292">
         <name>.common:pulseLength</name>
         <uninitialized>true</uninitialized>
         <run_address>0x200024e8</run_address>
         <size>0x4</size>
      </object_component>
      <object_component id="oc-28d">
         <name>.common:isRisingEdge</name>
         <uninitialized>true</uninitialized>
         <run_address>0x200024f4</run_address>
         <size>0x1</size>
      </object_component>
      <object_component id="oc-164">
         <name>.common:isr_char_buffer</name>
         <uninitialized>true</uninitialized>
         <run_address>0x20002484</run_address>
         <size>0x34</size>
      </object_component>
      <object_component id="oc-55f">
         <name>.common:__TI_tmpnams</name>
         <uninitialized>true</uninitialized>
         <run_address>0x20002390</run_address>
         <size>0xa0</size>
      </object_component>
      <object_component id="oc-570">
         <name>.common:parmbuf</name>
         <uninitialized>true</uninitialized>
         <run_address>0x200024d0</run_address>
         <size>0x8</size>
      </object_component>
      <object_component id="oc-24">
         <name>.sysmem</name>
         <uninitialized>true</uninitialized>
         <run_address>0x20001270</run_address>
         <size>0x10</size>
         <input_file_ref idref="fl-ef"/>
      </object_component>
      <object_component id="oc-5f2">
         <name>.sysmem</name>
         <uninitialized>true</uninitialized>
         <run_address>0x20001270</run_address>
         <size>0x0</size>
      </object_component>
      <object_component id="oc-27">
         <name>.stack</name>
         <uninitialized>true</uninitialized>
         <run_address>0x20000270</run_address>
         <size>0x4</size>
         <input_file_ref idref="fl-f5"/>
      </object_component>
      <object_component id="oc-5f1">
         <name>.stack</name>
         <uninitialized>true</uninitialized>
         <run_address>0x20000270</run_address>
         <size>0x0</size>
      </object_component>
      <object_component id="oc-c5">
         <name>.debug_info</name>
         <load_address>0x0</load_address>
         <run_address>0x0</run_address>
         <size>0x2b6</size>
         <input_file_ref idref="fl-2"/>
      </object_component>
      <object_component id="oc-160">
         <name>.debug_info</name>
         <load_address>0x2b6</load_address>
         <run_address>0x2b6</run_address>
         <size>0xc4</size>
         <input_file_ref idref="fl-2"/>
      </object_component>
      <object_component id="oc-d8">
         <name>.debug_info</name>
         <load_address>0x37a</load_address>
         <run_address>0x37a</run_address>
         <size>0x50c</size>
         <input_file_ref idref="fl-2"/>
      </object_component>
      <object_component id="oc-77">
         <name>.debug_info</name>
         <load_address>0x886</load_address>
         <run_address>0x886</run_address>
         <size>0x26b</size>
         <input_file_ref idref="fl-2"/>
      </object_component>
      <object_component id="oc-39">
         <name>.debug_info</name>
         <load_address>0xaf1</load_address>
         <run_address>0xaf1</run_address>
         <size>0x84</size>
         <input_file_ref idref="fl-2"/>
      </object_component>
      <object_component id="oc-c0">
         <name>.debug_info</name>
         <load_address>0xb75</load_address>
         <run_address>0xb75</run_address>
         <size>0x2a4</size>
         <input_file_ref idref="fl-2"/>
      </object_component>
      <object_component id="oc-7c">
         <name>.debug_info</name>
         <load_address>0xe19</load_address>
         <run_address>0xe19</run_address>
         <size>0xbb</size>
         <input_file_ref idref="fl-2"/>
      </object_component>
      <object_component id="oc-10c">
         <name>.debug_info</name>
         <load_address>0xed4</load_address>
         <run_address>0xed4</run_address>
         <size>0x4f1</size>
         <input_file_ref idref="fl-4"/>
      </object_component>
      <object_component id="oc-f6">
         <name>.debug_info</name>
         <load_address>0x13c5</load_address>
         <run_address>0x13c5</run_address>
         <size>0xe40</size>
         <input_file_ref idref="fl-4"/>
      </object_component>
      <object_component id="oc-208">
         <name>.debug_info</name>
         <load_address>0x2205</load_address>
         <run_address>0x2205</run_address>
         <size>0x9d</size>
         <input_file_ref idref="fl-4"/>
      </object_component>
      <object_component id="oc-114">
         <name>.debug_info</name>
         <load_address>0x22a2</load_address>
         <run_address>0x22a2</run_address>
         <size>0xd9</size>
         <input_file_ref idref="fl-4"/>
      </object_component>
      <object_component id="oc-21b">
         <name>.debug_info</name>
         <load_address>0x237b</load_address>
         <run_address>0x237b</run_address>
         <size>0x110</size>
         <input_file_ref idref="fl-4"/>
      </object_component>
      <object_component id="oc-222">
         <name>.debug_info</name>
         <load_address>0x248b</load_address>
         <run_address>0x248b</run_address>
         <size>0x5aa</size>
         <input_file_ref idref="fl-4"/>
      </object_component>
      <object_component id="oc-189">
         <name>.debug_info</name>
         <load_address>0x2a35</load_address>
         <run_address>0x2a35</run_address>
         <size>0x2c</size>
         <input_file_ref idref="fl-4"/>
      </object_component>
      <object_component id="oc-216">
         <name>.debug_info</name>
         <load_address>0x2a61</load_address>
         <run_address>0x2a61</run_address>
         <size>0x35</size>
         <input_file_ref idref="fl-4"/>
      </object_component>
      <object_component id="oc-188">
         <name>.debug_info</name>
         <load_address>0x2a96</load_address>
         <run_address>0x2a96</run_address>
         <size>0x384</size>
         <input_file_ref idref="fl-6"/>
      </object_component>
      <object_component id="oc-16c">
         <name>.debug_info</name>
         <load_address>0x2e1a</load_address>
         <run_address>0x2e1a</run_address>
         <size>0x119</size>
         <input_file_ref idref="fl-6"/>
      </object_component>
      <object_component id="oc-e4">
         <name>.debug_info</name>
         <load_address>0x2f33</load_address>
         <run_address>0x2f33</run_address>
         <size>0x8a5</size>
         <input_file_ref idref="fl-6"/>
      </object_component>
      <object_component id="oc-287">
         <name>.debug_info</name>
         <load_address>0x37d8</load_address>
         <run_address>0x37d8</run_address>
         <size>0xcc</size>
         <input_file_ref idref="fl-6"/>
      </object_component>
      <object_component id="oc-10e">
         <name>.debug_info</name>
         <load_address>0x38a4</load_address>
         <run_address>0x38a4</run_address>
         <size>0x5c4</size>
         <input_file_ref idref="fl-7"/>
      </object_component>
      <object_component id="oc-a3">
         <name>.debug_info</name>
         <load_address>0x3e68</load_address>
         <run_address>0x3e68</run_address>
         <size>0x44b</size>
         <input_file_ref idref="fl-7"/>
      </object_component>
      <object_component id="oc-213">
         <name>.debug_info</name>
         <load_address>0x42b3</load_address>
         <run_address>0x42b3</run_address>
         <size>0x2f2</size>
         <input_file_ref idref="fl-8"/>
      </object_component>
      <object_component id="oc-210">
         <name>.debug_info</name>
         <load_address>0x45a5</load_address>
         <run_address>0x45a5</run_address>
         <size>0xb4</size>
         <input_file_ref idref="fl-8"/>
      </object_component>
      <object_component id="oc-106">
         <name>.debug_info</name>
         <load_address>0x4659</load_address>
         <run_address>0x4659</run_address>
         <size>0x677</size>
         <input_file_ref idref="fl-8"/>
      </object_component>
      <object_component id="oc-1e3">
         <name>.debug_info</name>
         <load_address>0x4cd0</load_address>
         <run_address>0x4cd0</run_address>
         <size>0x401</size>
         <input_file_ref idref="fl-9"/>
      </object_component>
      <object_component id="oc-1c3">
         <name>.debug_info</name>
         <load_address>0x50d1</load_address>
         <run_address>0x50d1</run_address>
         <size>0x116</size>
         <input_file_ref idref="fl-9"/>
      </object_component>
      <object_component id="oc-1da">
         <name>.debug_info</name>
         <load_address>0x51e7</load_address>
         <run_address>0x51e7</run_address>
         <size>0xcb</size>
         <input_file_ref idref="fl-9"/>
      </object_component>
      <object_component id="oc-1b6">
         <name>.debug_info</name>
         <load_address>0x52b2</load_address>
         <run_address>0x52b2</run_address>
         <size>0x143</size>
         <input_file_ref idref="fl-9"/>
      </object_component>
      <object_component id="oc-f0">
         <name>.debug_info</name>
         <load_address>0x53f5</load_address>
         <run_address>0x53f5</run_address>
         <size>0x198d</size>
         <input_file_ref idref="fl-9"/>
      </object_component>
      <object_component id="oc-1e4">
         <name>.debug_info</name>
         <load_address>0x6d82</load_address>
         <run_address>0x6d82</run_address>
         <size>0x8b</size>
         <input_file_ref idref="fl-9"/>
      </object_component>
      <object_component id="oc-32">
         <name>.debug_info</name>
         <load_address>0x6e0d</load_address>
         <run_address>0x6e0d</run_address>
         <size>0x2a0</size>
         <input_file_ref idref="fl-b"/>
      </object_component>
      <object_component id="oc-13">
         <name>.debug_info</name>
         <load_address>0x70ad</load_address>
         <run_address>0x70ad</run_address>
         <size>0xdf</size>
         <input_file_ref idref="fl-b"/>
      </object_component>
      <object_component id="oc-2b">
         <name>.debug_info</name>
         <load_address>0x718c</load_address>
         <run_address>0x718c</run_address>
         <size>0x25b</size>
         <input_file_ref idref="fl-b"/>
      </object_component>
      <object_component id="oc-110">
         <name>.debug_info</name>
         <load_address>0x73e7</load_address>
         <run_address>0x73e7</run_address>
         <size>0x485</size>
         <input_file_ref idref="fl-13"/>
      </object_component>
      <object_component id="oc-1a1">
         <name>.debug_info</name>
         <load_address>0x786c</load_address>
         <run_address>0x786c</run_address>
         <size>0x114</size>
         <input_file_ref idref="fl-13"/>
      </object_component>
      <object_component id="oc-ea">
         <name>.debug_info</name>
         <load_address>0x7980</load_address>
         <run_address>0x7980</run_address>
         <size>0x4ce</size>
         <input_file_ref idref="fl-13"/>
      </object_component>
      <object_component id="oc-1a4">
         <name>.debug_info</name>
         <load_address>0x7e4e</load_address>
         <run_address>0x7e4e</run_address>
         <size>0x9d</size>
         <input_file_ref idref="fl-13"/>
      </object_component>
      <object_component id="oc-295">
         <name>.debug_info</name>
         <load_address>0x7eeb</load_address>
         <run_address>0x7eeb</run_address>
         <size>0x2b7</size>
         <input_file_ref idref="fl-14"/>
      </object_component>
      <object_component id="oc-19b">
         <name>.debug_info</name>
         <load_address>0x81a2</load_address>
         <run_address>0x81a2</run_address>
         <size>0x266</size>
         <input_file_ref idref="fl-14"/>
      </object_component>
      <object_component id="oc-28e">
         <name>.debug_info</name>
         <load_address>0x8408</load_address>
         <run_address>0x8408</run_address>
         <size>0x3ba</size>
         <input_file_ref idref="fl-15"/>
      </object_component>
      <object_component id="oc-195">
         <name>.debug_info</name>
         <load_address>0x87c2</load_address>
         <run_address>0x87c2</run_address>
         <size>0x270</size>
         <input_file_ref idref="fl-15"/>
      </object_component>
      <object_component id="oc-190">
         <name>.debug_info</name>
         <load_address>0x8a32</load_address>
         <run_address>0x8a32</run_address>
         <size>0x296</size>
         <input_file_ref idref="fl-16"/>
      </object_component>
      <object_component id="oc-165">
         <name>.debug_info</name>
         <load_address>0x8cc8</load_address>
         <run_address>0x8cc8</run_address>
         <size>0x326</size>
         <input_file_ref idref="fl-17"/>
      </object_component>
      <object_component id="oc-168">
         <name>.debug_info</name>
         <load_address>0x8fee</load_address>
         <run_address>0x8fee</run_address>
         <size>0xee</size>
         <input_file_ref idref="fl-17"/>
      </object_component>
      <object_component id="oc-e1">
         <name>.debug_info</name>
         <load_address>0x90dc</load_address>
         <run_address>0x90dc</run_address>
         <size>0x43b</size>
         <input_file_ref idref="fl-17"/>
      </object_component>
      <object_component id="oc-25c">
         <name>.debug_info</name>
         <load_address>0x9517</load_address>
         <run_address>0x9517</run_address>
         <size>0x26b</size>
         <input_file_ref idref="fl-17"/>
      </object_component>
      <object_component id="oc-353">
         <name>.debug_info</name>
         <load_address>0x9782</load_address>
         <run_address>0x9782</run_address>
         <size>0x297</size>
         <input_file_ref idref="fl-17"/>
      </object_component>
      <object_component id="oc-257">
         <name>.debug_info</name>
         <load_address>0x9a19</load_address>
         <run_address>0x9a19</run_address>
         <size>0xbb</size>
         <input_file_ref idref="fl-17"/>
      </object_component>
      <object_component id="oc-304">
         <name>.debug_info</name>
         <load_address>0x9ad4</load_address>
         <run_address>0x9ad4</run_address>
         <size>0x35e</size>
         <input_file_ref idref="fl-cd"/>
      </object_component>
      <object_component id="oc-2fb">
         <name>.debug_info</name>
         <load_address>0x9e32</load_address>
         <run_address>0x9e32</run_address>
         <size>0x128</size>
         <input_file_ref idref="fl-cd"/>
      </object_component>
      <object_component id="oc-1f6">
         <name>.debug_info</name>
         <load_address>0x9f5a</load_address>
         <run_address>0x9f5a</run_address>
         <size>0xbf2</size>
         <input_file_ref idref="fl-cd"/>
      </object_component>
      <object_component id="oc-3d2">
         <name>.debug_info</name>
         <load_address>0xab4c</load_address>
         <run_address>0xab4c</run_address>
         <size>0x46</size>
         <input_file_ref idref="fl-cd"/>
      </object_component>
      <object_component id="oc-2de">
         <name>.debug_info</name>
         <load_address>0xab92</load_address>
         <run_address>0xab92</run_address>
         <size>0x39</size>
         <input_file_ref idref="fl-cd"/>
      </object_component>
      <object_component id="oc-3f1">
         <name>.debug_info</name>
         <load_address>0xabcb</load_address>
         <run_address>0xabcb</run_address>
         <size>0x2c5</size>
         <input_file_ref idref="fl-ce"/>
      </object_component>
      <object_component id="oc-2f5">
         <name>.debug_info</name>
         <load_address>0xae90</load_address>
         <run_address>0xae90</run_address>
         <size>0x24e</size>
         <input_file_ref idref="fl-ce"/>
      </object_component>
      <object_component id="oc-3fb">
         <name>.debug_info</name>
         <load_address>0xb0de</load_address>
         <run_address>0xb0de</run_address>
         <size>0x2f8</size>
         <input_file_ref idref="fl-cf"/>
      </object_component>
      <object_component id="oc-300">
         <name>.debug_info</name>
         <load_address>0xb3d6</load_address>
         <run_address>0xb3d6</run_address>
         <size>0x225</size>
         <input_file_ref idref="fl-cf"/>
      </object_component>
      <object_component id="oc-46b">
         <name>.debug_info</name>
         <load_address>0xb5fb</load_address>
         <run_address>0xb5fb</run_address>
         <size>0x39</size>
         <input_file_ref idref="fl-cf"/>
      </object_component>
      <object_component id="oc-3c1">
         <name>.debug_info</name>
         <load_address>0xb634</load_address>
         <run_address>0xb634</run_address>
         <size>0x2c</size>
         <input_file_ref idref="fl-cf"/>
      </object_component>
      <object_component id="oc-2dd">
         <name>.debug_info</name>
         <load_address>0xb660</load_address>
         <run_address>0xb660</run_address>
         <size>0x36a</size>
         <input_file_ref idref="fl-d0"/>
      </object_component>
      <object_component id="oc-1ea">
         <name>.debug_info</name>
         <load_address>0xb9ca</load_address>
         <run_address>0xb9ca</run_address>
         <size>0x5d4</size>
         <input_file_ref idref="fl-d0"/>
      </object_component>
      <object_component id="oc-2f3">
         <name>.debug_info</name>
         <load_address>0xbf9e</load_address>
         <run_address>0xbf9e</run_address>
         <size>0x3e5</size>
         <input_file_ref idref="fl-d1"/>
      </object_component>
      <object_component id="oc-2ed">
         <name>.debug_info</name>
         <load_address>0xc383</load_address>
         <run_address>0xc383</run_address>
         <size>0x157</size>
         <input_file_ref idref="fl-d1"/>
      </object_component>
      <object_component id="oc-2e7">
         <name>.debug_info</name>
         <load_address>0xc4da</load_address>
         <run_address>0xc4da</run_address>
         <size>0x166</size>
         <input_file_ref idref="fl-d1"/>
      </object_component>
      <object_component id="oc-1f2">
         <name>.debug_info</name>
         <load_address>0xc640</load_address>
         <run_address>0xc640</run_address>
         <size>0x1ac</size>
         <input_file_ref idref="fl-d1"/>
      </object_component>
      <object_component id="oc-3eb">
         <name>.debug_info</name>
         <load_address>0xc7ec</load_address>
         <run_address>0xc7ec</run_address>
         <size>0xb2</size>
         <input_file_ref idref="fl-d1"/>
      </object_component>
      <object_component id="oc-38f">
         <name>.debug_info</name>
         <load_address>0xc89e</load_address>
         <run_address>0xc89e</run_address>
         <size>0x590</size>
         <input_file_ref idref="fl-d2"/>
      </object_component>
      <object_component id="oc-368">
         <name>.debug_info</name>
[...]
      </symbol>
      <symbol id="sm-430">
         <name>pow</name>
         <value>0x18dd</value>
         <object_component_ref idref="oc-1f5"/>
      </symbol>
      <symbol id="sm-431">
         <name>powl</name>
         <value>0x18dd</value>
         <object_component_ref idref="oc-1f5"/>
      </symbol>
      <symbol id="sm-453">
         <name>sqrtl</name>
         <value>0x5039</value>
         <object_component_ref idref="oc-2f4"/>
      </symbol>
      <symbol id="sm-454">
         <name>sqrt</name>
         <value>0x5039</value>
         <object_component_ref idref="oc-2f4"/>
      </symbol>
      <symbol id="sm-47b">
         <name>scalbn</name>
         <value>0x5755</value>
         <object_component_ref idref="oc-2fd"/>
      </symbol>
      <symbol id="sm-47c">
         <name>scalbnl</name>
         <value>0x5755</value>
         <object_component_ref idref="oc-2fd"/>
      </symbol>
      <symbol id="sm-47d">
         <name>ldexpl</name>
         <value>0x5755</value>
         <object_component_ref idref="oc-2fd"/>
      </symbol>
      <symbol id="sm-47e">
         <name>ldexp</name>
         <value>0x5755</value>
         <object_component_ref idref="oc-2fd"/>
      </symbol>
      <symbol id="sm-4cf">
         <name>tanl</name>
         <value>0x31d9</value>
         <object_component_ref idref="oc-1e9"/>
      </symbol>
      <symbol id="sm-4d0">
         <name>tan</name>
         <value>0x31d9</value>
         <object_component_ref idref="oc-1e9"/>
      </symbol>
      <symbol id="sm-4fc">
         <name>printf</name>
         <value>0x64f1</value>
         <object_component_ref idref="oc-1ef"/>
      </symbol>
      <symbol id="sm-666">
         <name>__TI_printfi</name>
         <value>0xe8d</value>
         <object_component_ref idref="oc-263"/>
      </symbol>
      <symbol id="sm-690">
         <name>snprintf</name>
         <value>0x6985</value>
         <object_component_ref idref="oc-201"/>
      </symbol>
      <symbol id="sm-6ba">
         <name>vsnprintf</name>
         <value>0x6b71</value>
         <object_component_ref idref="oc-172"/>
      </symbol>
      <symbol id="sm-6cf">
         <name>putc</name>
         <value>0x5fe1</value>
         <object_component_ref idref="oc-3e2"/>
      </symbol>
      <symbol id="sm-6d0">
         <name>fputc</name>
         <value>0x5fe1</value>
         <object_component_ref idref="oc-3e2"/>
      </symbol>
      <symbol id="sm-6f3">
         <name>fputs</name>
         <value>0x5641</value>
         <object_component_ref idref="oc-3db"/>
      </symbol>
      <symbol id="sm-70b">
         <name>__TI_wrt_ok</name>
         <value>0x6621</value>
         <object_component_ref idref="oc-47a"/>
      </symbol>
      <symbol id="sm-727">
         <name>setvbuf</name>
         <value>0x5d21</value>
         <object_component_ref idref="oc-4c8"/>
      </symbol>
      <symbol id="sm-73e">
         <name>__aeabi_dsub</name>
         <value>0x4bcd</value>
         <object_component_ref idref="oc-1d4"/>
      </symbol>
      <symbol id="sm-73f">
         <name>__aeabi_dadd</name>
         <value>0x4bd7</value>
         <object_component_ref idref="oc-1d4"/>
      </symbol>
      <symbol id="sm-761">
         <name>__aeabi_cdcmpeq</name>
         <value>0x606d</value>
         <object_component_ref idref="oc-2c5"/>
      </symbol>
      <symbol id="sm-762">
         <name>__aeabi_cdcmple</name>
         <value>0x606d</value>
         <object_component_ref idref="oc-2c5"/>
      </symbol>
      <symbol id="sm-763">
         <name>__aeabi_cdrcmple</name>
         <value>0x60f3</value>
         <object_component_ref idref="oc-100"/>
      </symbol>
      <symbol id="sm-777">
         <name>__aeabi_ddiv</name>
         <value>0x52cd</value>
         <object_component_ref idref="oc-1ca"/>
      </symbol>
      <symbol id="sm-782">
         <name>__aeabi_dmul</name>
         <value>0x5965</value>
         <object_component_ref idref="oc-1c5"/>
      </symbol>
      <symbol id="sm-78c">
         <name>__aeabi_d2iz</name>
         <value>0x6a19</value>
         <object_component_ref idref="oc-2c0"/>
      </symbol>
      <symbol id="sm-798">
         <name>__aeabi_d2f</name>
         <value>0x6347</value>
         <object_component_ref idref="oc-1dc"/>
      </symbol>
      <symbol id="sm-7a3">
         <name>__aeabi_f2d</name>
         <value>0x6c61</value>
         <object_component_ref idref="oc-fb"/>
      </symbol>
      <symbol id="sm-7ad">
         <name>__aeabi_i2d</name>
         <value>0x6e31</value>
         <object_component_ref idref="oc-1cf"/>
      </symbol>
      <symbol id="sm-7c8">
         <name>memcpy</name>
         <value>0x5eaf</value>
         <object_component_ref idref="oc-3e"/>
      </symbol>
      <symbol id="sm-7c9">
         <name>__aeabi_memcpy</name>
         <value>0x5eaf</value>
         <object_component_ref idref="oc-3e"/>
      </symbol>
      <symbol id="sm-7ca">
         <name>__aeabi_memcpy8</name>
         <value>0x5eaf</value>
         <object_component_ref idref="oc-3e"/>
      </symbol>
      <symbol id="sm-7cb">
         <name>__aeabi_memcpy4</name>
         <value>0x5eaf</value>
         <object_component_ref idref="oc-3e"/>
      </symbol>
      <symbol id="sm-7da">
         <name>__aeabi_memset</name>
         <value>0x617b</value>
         <object_component_ref idref="oc-96"/>
      </symbol>
      <symbol id="sm-7db">
         <name>memset</name>
         <value>0x6181</value>
         <object_component_ref idref="oc-96"/>
      </symbol>
      <symbol id="sm-7dc">
         <name>__aeabi_memset8</name>
         <value>0x617b</value>
         <object_component_ref idref="oc-96"/>
      </symbol>
      <symbol id="sm-7dd">
         <name>__aeabi_memset4</name>
         <value>0x617b</value>
         <object_component_ref idref="oc-96"/>
      </symbol>
      <symbol id="sm-7de">
         <name>__aeabi_memclr8</name>
         <value>0x6179</value>
         <object_component_ref idref="oc-96"/>
      </symbol>
      <symbol id="sm-7df">
         <name>__aeabi_memclr4</name>
         <value>0x6179</value>
         <object_component_ref idref="oc-96"/>
      </symbol>
      <symbol id="sm-7e0">
         <name>__aeabi_memclr</name>
         <value>0x6179</value>
         <object_component_ref idref="oc-96"/>
      </symbol>
      <symbol id="sm-7ed">
         <name>__aeabi_uldivmod</name>
         <value>0x5f4b</value>
         <object_component_ref idref="oc-419"/>
      </symbol>
      <symbol id="sm-7ff">
         <name>__TI_zero_init</name>
         <value>0x7061</value>
         <object_component_ref idref="oc-50"/>
      </symbol>
      <symbol id="sm-816">
         <name>__TI_decompress_none</name>
         <value>0x7047</value>
         <object_component_ref idref="oc-1b"/>
      </symbol>
      <symbol id="sm-839">
         <name>__TI_decompress_lzss</name>
         <value>0x6489</value>
         <object_component_ref idref="oc-15"/>
      </symbol>
      <symbol id="sm-85f">
         <name>C$$EXIT</name>
         <value>0x7095</value>
         <object_component_ref idref="oc-119"/>
      </symbol>
      <symbol id="sm-860">
         <name>abort</name>
         <value>0x7095</value>
         <object_component_ref idref="oc-119"/>
      </symbol>
      <symbol id="sm-861">
         <name>__TI_dtors_ptr</name>
         <value>0x200026e4</value>
         <object_component_ref idref="oc-22a"/>
      </symbol>
      <symbol id="sm-862">
         <name>__TI_cleanup_ptr</name>
         <value>0x200026e0</value>
         <object_component_ref idref="oc-22a"/>
      </symbol>
      <symbol id="sm-863">
         <name>__TI_enable_exit_profile_output</name>
         <value>0x200026e8</value>
         <object_component_ref idref="oc-22a"/>
      </symbol>
      <symbol id="sm-864">
         <name>exit</name>
         <value>0x69d1</value>
         <object_component_ref idref="oc-11f"/>
      </symbol>
      <symbol id="sm-879">
         <name>_nop</name>
         <value>0x18db</value>
         <object_component_ref idref="oc-326"/>
      </symbol>
      <symbol id="sm-87a">
         <name>_lock</name>
         <value>0x200026ec</value>
         <object_component_ref idref="oc-22d"/>
      </symbol>
      <symbol id="sm-87b">
         <name>_unlock</name>
         <value>0x200026f0</value>
         <object_component_ref idref="oc-22d"/>
      </symbol>
      <symbol id="sm-88a">
         <name>__TI_ltoa</name>
         <value>0x6847</value>
         <object_component_ref idref="oc-41f"/>
      </symbol>
      <symbol id="sm-8a0">
         <name>atoi</name>
         <value>0x6939</value>
         <object_component_ref idref="oc-35e"/>
      </symbol>
      <symbol id="sm-8ab">
         <name>_ctypes_</name>
         <value>0x71f0</value>
         <object_component_ref idref="oc-414"/>
      </symbol>
      <symbol id="sm-8c0">
         <name>__TI_tmpnams</name>
         <value>0x20002390</value>
      </symbol>
      <symbol id="sm-8c1">
         <name>__aeabi_stdout</name>
         <value>0x200026d8</value>
         <object_component_ref idref="oc-51d"/>
      </symbol>
      <symbol id="sm-8c2">
         <name>__aeabi_stderr</name>
         <value>0x200026dc</value>
         <object_component_ref idref="oc-51d"/>
      </symbol>
      <symbol id="sm-8c3">
         <name>__aeabi_stdin</name>
         <value>0x200026d4</value>
         <object_component_ref idref="oc-51d"/>
      </symbol>
      <symbol id="sm-8c4">
         <name>_ftable</name>
         <value>0x200024f8</value>
         <object_component_ref idref="oc-2e3"/>
      </symbol>
      <symbol id="sm-8c5">
         <name>__TI_ft_end</name>
         <value>0x200026d0</value>
         <object_component_ref idref="oc-51d"/>
      </symbol>
      <symbol id="sm-8d5">
         <name>memccpy</name>
         <value>0x6f41</value>
         <object_component_ref idref="oc-382"/>
      </symbol>
      <symbol id="sm-8e5">
         <name>memchr</name>
         <value>0x6f05</value>
         <object_component_ref idref="oc-480"/>
      </symbol>
      <symbol id="sm-98f">
         <name>_sys_memory</name>
         <value>0x20001270</value>
         <object_component_ref idref="oc-24"/>
      </symbol>
      <symbol id="sm-990">
         <name>free</name>
         <value>0x5b59</value>
         <object_component_ref idref="oc-1af"/>
      </symbol>
      <symbol id="sm-991">
         <name>realloc</name>
         <value>0x5c3d</value>
         <object_component_ref idref="oc-1fb"/>
      </symbol>
      <symbol id="sm-992">
         <name>memalign</name>
         <value>0x5865</value>
         <object_component_ref idref="oc-3a6"/>
      </symbol>
      <symbol id="sm-993">
         <name>calloc</name>
         <value>0x6c29</value>
         <object_component_ref idref="oc-1a9"/>
      </symbol>
      <symbol id="sm-994">
         <name>malloc</name>
         <value>0x7081</value>
         <object_component_ref idref="oc-29a"/>
      </symbol>
      <symbol id="sm-995">
         <name>aligned_alloc</name>
         <value>0x5865</value>
         <object_component_ref idref="oc-3a6"/>
      </symbol>
      <symbol id="sm-9a5">
         <name>strchr</name>
         <value>0x6fd7</value>
         <object_component_ref idref="oc-446"/>
      </symbol>
      <symbol id="sm-9b4">
         <name>strcmp</name>
         <value>0x6fbf</value>
         <object_component_ref idref="oc-178"/>
      </symbol>
      <symbol id="sm-9c2">
         <name>strcpy</name>
         <value>0x6fed</value>
         <object_component_ref idref="oc-17e"/>
      </symbol>
      <symbol id="sm-9d0">
         <name>strlen</name>
         <value>0x7001</value>
         <object_component_ref idref="oc-358"/>
      </symbol>
      <symbol id="sm-a36">
         <name>__kernel_rem_pio2</name>
         <value>0x2aa1</value>
         <object_component_ref idref="oc-2ca"/>
      </symbol>
      <symbol id="sm-a49">
         <name>__stack</name>
         <value>0x20000270</value>
         <object_component_ref idref="oc-27"/>
      </symbol>
      <symbol id="sm-a4a">
         <name>_c_int00_noargs</name>
         <value>0x6d6d</value>
         <object_component_ref idref="oc-5c"/>
      </symbol>
      <symbol id="sm-a64">
         <name>write</name>
         <value>0x6edd</value>
         <object_component_ref idref="oc-48c"/>
      </symbol>
      <symbol id="sm-a75">
         <name>_stream</name>
         <value>0x20002660</value>
         <object_component_ref idref="oc-4d4"/>
      </symbol>
      <symbol id="sm-a76">
         <name>_device</name>
         <value>0x200025e8</value>
         <object_component_ref idref="oc-501"/>
      </symbol>
      <symbol id="sm-a8c">
         <name>__aeabi_errno_addr</name>
         <value>0x7079</value>
         <object_component_ref idref="oc-2d6"/>
      </symbol>
      <symbol id="sm-a8d">
         <name>errno</name>
         <value>0x20002704</value>
         <object_component_ref idref="oc-3cb"/>
      </symbol>
      <symbol id="sm-aa6">
         <name>wcslen</name>
         <value>0x7015</value>
         <object_component_ref idref="oc-388"/>
      </symbol>
      <symbol id="sm-ab0">
         <name>copysign</name>
         <value>0x6f5d</value>
         <object_component_ref idref="oc-3f4"/>
      </symbol>
      <symbol id="sm-ab1">
         <name>copysignl</name>
         <value>0x6f5d</value>
         <object_component_ref idref="oc-3f4"/>
      </symbol>
      <symbol id="sm-ad0">
         <name>__kernel_tan</name>
         <value>0x3a09</value>
         <object_component_ref idref="oc-2d0"/>
      </symbol>
      <symbol id="sm-aed">
         <name>floorl</name>
         <value>0x5a61</value>
         <object_component_ref idref="oc-3b5"/>
      </symbol>
      <symbol id="sm-aee">
         <name>floor</name>
         <value>0x5a61</value>
         <object_component_ref idref="oc-3b5"/>
      </symbol>
      <symbol id="sm-b04">
         <name>frexpl</name>
         <value>0x6559</value>
         <object_component_ref idref="oc-440"/>
      </symbol>
      <symbol id="sm-b05">
         <name>frexp</name>
         <value>0x6559</value>
         <object_component_ref idref="oc-440"/>
      </symbol>
      <symbol id="sm-b15">
         <name>__TI_doflush</name>
         <value>0x68ed</value>
         <object_component_ref idref="oc-486"/>
      </symbol>
      <symbol id="sm-b25">
         <name>__TI_cleanup</name>
         <value>0x6d05</value>
         <object_component_ref idref="oc-4ee"/>
      </symbol>
      <symbol id="sm-b37">
         <name>fseek</name>
         <value>0x65bd</value>
         <object_component_ref idref="oc-4c2"/>
      </symbol>
      <symbol id="sm-b41">
         <name>__aeabi_idiv0</name>
         <value>0x4d83</value>
         <object_component_ref idref="oc-4a2"/>
      </symbol>
      <symbol id="sm-b42">
         <name>__aeabi_ldiv0</name>
         <value>0x4d83</value>
         <object_component_ref idref="oc-4a2"/>
      </symbol>
      <symbol id="sm-b6a">
         <name>__TI_auto_init_nobinit_nopinit</name>
         <value>0x6ae9</value>
         <object_component_ref idref="oc-125"/>
      </symbol>
      <symbol id="sm-b74">
         <name>_system_pre_init</name>
         <value>0x7091</value>
         <object_component_ref idref="oc-9c"/>
      </symbol>
      <symbol id="sm-b87">
         <name>HOSTclose</name>
         <value>0x6a61</value>
         <object_component_ref idref="oc-529"/>
      </symbol>
      <symbol id="sm-b98">
         <name>HOSTlseek</name>
         <value>0x6421</value>
         <object_component_ref idref="oc-53b"/>
      </symbol>
      <symbol id="sm-baa">
         <name>parmbuf</name>
         <value>0x200024d0</value>
      </symbol>
      <symbol id="sm-bab">
         <name>HOSTopen</name>
         <value>0x6685</value>
         <object_component_ref idref="oc-523"/>
      </symbol>
      <symbol id="sm-bbc">
         <name>HOSTread</name>
         <value>0x6741</value>
         <object_component_ref idref="oc-52f"/>
      </symbol>
      <symbol id="sm-bcd">
         <name>HOSTrename</name>
         <value>0x63b5</value>
         <object_component_ref idref="oc-547"/>
      </symbol>
      <symbol id="sm-bde">
         <name>HOSTunlink</name>
         <value>0x6aa5</value>
         <object_component_ref idref="oc-541"/>
      </symbol>
      <symbol id="sm-bef">
         <name>HOSTwrite</name>
         <value>0x6799</value>
         <object_component_ref idref="oc-535"/>
      </symbol>
      <symbol id="sm-c13">
         <name>__TI_readmsg</name>
         <value>0x6d39</value>
         <object_component_ref idref="oc-56a"/>
      </symbol>
      <symbol id="sm-c14">
         <name>C$$IO$$</name>
         <value>0x6c1f</value>
         <object_component_ref idref="oc-564"/>
      </symbol>
      <symbol id="sm-c15">
         <name>__CIOBUF_</name>
         <value>0x20002270</value>
         <object_component_ref idref="oc-58c"/>
      </symbol>
      <symbol id="sm-c16">
         <name>__TI_writemsg</name>
         <value>0x6bf1</value>
         <object_component_ref idref="oc-564"/>
      </symbol>
      <symbol id="sm-c27">
         <name>lseek</name>
         <value>0x6eb5</value>
         <object_component_ref idref="oc-4e6"/>
      </symbol>
      <symbol id="sm-c3c">
         <name>__TI_closefile</name>
         <value>0x61f5</value>
         <object_component_ref idref="oc-517"/>
      </symbol>
      <symbol id="sm-c5f">
         <name>finddevice</name>
         <value>0x6e01</value>
         <object_component_ref idref="oc-5a8"/>
      </symbol>
      <symbol id="sm-c60">
         <name>getdevice</name>
         <value>0x6b2d</value>
         <object_component_ref idref="oc-582"/>
      </symbol>
      <symbol id="sm-c70">
         <name>strncpy</name>
         <value>0x6c99</value>
         <object_component_ref idref="oc-5a2"/>
      </symbol>
      <symbol id="sm-c85">
         <name>close</name>
         <value>0x66e5</value>
         <object_component_ref idref="oc-553"/>
      </symbol>
      <symbol id="sm-c95">
         <name>unlink</name>
         <value>0x6e61</value>
         <object_component_ref idref="oc-559"/>
      </symbol>
      <symbol id="sm-cc4">
         <name>IntRegister</name>
         <value>0x6cd1</value>
         <object_component_ref idref="oc-159"/>
      </symbol>
      <symbol id="sm-cc5">
         <name>g_pfnRAMVectors</name>
         <value>0x20000000</value>
         <object_component_ref idref="oc-249"/>
      </symbol>
      <symbol id="sm-cc6">
         <name>IntMasterEnable</name>
         <value>0x7027</value>
         <object_component_ref idref="oc-1bc"/>
      </symbol>
      <symbol id="sm-cd0">
         <name>CPUcpsie</name>
         <value>0x7055</value>
         <object_component_ref idref="oc-2ae"/>
      </symbol>
      <symbol id="sm-cd1">
         <name>__TI_static_base__</name>
         <value>0x0</value>
      </symbol>
      <symbol id="sm-cd4">
         <name>__mpu_init</name>
         <value>0x0</value>
      </symbol>
      <symbol id="sm-cd5">
         <name>_system_post_cinit</name>
         <value>0x0</value>
      </symbol>
      <symbol id="sm-cd6">
         <name>remove</name>
         <value>0x6e61</value>
      </symbol>
   </symbol_table>
   <title>Link successful</title>
</link_info>
