******************************************************************************
                  TI ARM Linker PC v20.2.7                     
******************************************************************************
>> Linked Tue Apr  1 17:35:16 2025

OUTPUT FILE NAME:   <Lab8.out>
ENTRY POINT SYMBOL: "_c_int00_noargs"  address: 00003a2d


MEMORY CONFIGURATION

         name            origin    length      used     unused   attr    fill
----------------------  --------  ---------  --------  --------  ----  --------
  FLASH                 00000000   00040000  00003e04  0003c1fc  R  X
  SRAM                  20000000   00008000  00002322  00005cde  RW X


SEGMENT ALLOCATION MAP

run origin  load origin   length   init length attrs members
----------  ----------- ---------- ----------- ----- -------
00000000    00000000    00003e08   00003e08    r-x
  00000000    00000000    0000026c   0000026c    r-- .intvecs
  0000026c    0000026c    00003a28   00003a28    r-x .text
  00003c94    00003c94    00000118   00000118    r-- .const
  00003db0    00003db0    00000058   00000058    r-- .cinit
20000000    20000000    00002326   00000000    rw-
  20000000    20000000    0000026c   00000000    rw- .vtable
  20000270    20000270    00001000   00000000    rw- .stack
  20001270    20001270    00001000   00000000    rw- .sysmem
  20002270    20002270    00000078   00000000    rw- .bss
  200022e8    200022e8    0000003e   00000000    rw- .data


SECTION ALLOCATION MAP

 output                                  attributes/
section   page    origin      length       input sections
--------  ----  ----------  ----------   ----------------
.intvecs   0    00000000    0000026c     
                  00000000    0000026c     tm4c123gh6pm_startup_ccs.obj (.intvecs)

.text      0    0000026c    00003a28     
                  0000026c    00000c20     open_interface.obj (.text)
                  00000e8c    00000a4e     rtsv7M4_T_le_v4SPD16_eabi.lib : _printfi.c.obj (.text:__TI_printfi)
                  000018da    00000002                                   : _lock.c.obj (.text:_nop)
                  000018dc    00000328     lcd.obj (.text)
                  00001c04    00000270     rtsv7M4_T_le_v4SPD16_eabi.lib : _printfi.c.obj (.text:_pconv_a)
                  00001e74    0000024c     uart-interrupt.obj (.text)
                  000020c0    00000248     Timer.obj (.text)
                  00002308    000001d0     rtsv7M4_T_le_v4SPD16_eabi.lib : _printfi.c.obj (.text:_pconv_g)
                  000024d8    000001b6                                   : fd_add_t2.asm.obj (.text)
                  0000268e    00000002                                   : div0.asm.obj (.text)
                  00002690    00000160     part2.obj (.text)
                  000027f0    00000148     adc.obj (.text)
                  00002938    0000013c     rtsv7M4_T_le_v4SPD16_eabi.lib : _printfi.c.obj (.text:_pconv_e)
                  00002a74    00000136                                   : fd_div_t2.asm.obj (.text)
                  00002baa    00000002     --HOLE-- [fill = 0]
                  00002bac    00000124                                   : _printfi.c.obj (.text:fcvt)
                  00002cd0    00000110                                   : s_scalbn.c.obj (.text:scalbn)
                  00002de0    00000100                                   : memory.c.obj (.text:aligned_alloc)
                  00002ee0    000000fc                                   : fd_mul_t2.asm.obj (.text)
                  00002fdc    000000e4                                   : memory.c.obj (.text:free)
                  000030c0    000000b1                                   : _printfi.c.obj (.text:_ltostr)
                  00003171    00000003     --HOLE-- [fill = 0]
                  00003174    000000a4     button.obj (.text)
                  00003218    0000009c     rtsv7M4_T_le_v4SPD16_eabi.lib : memcpy_t2.asm.obj (.text)
                  000032b4    00000096                                   : ull_div_t2.asm.obj (.text)
                  0000334a    00000086                                   : fd_cmp_t2.asm.obj (.text:__aeabi_cdcmple)
                  000033d0    00000086                                   : fd_cmp_t2.asm.obj (.text:__aeabi_cdrcmple)
                  00003456    0000007a                                   : memset_t2.asm.obj (.text)
                  000034d0    00000070                                   : memory.c.obj (.text:split)
                  00003540    0000006e                                   : _printfi.c.obj (.text:_mcpy)
                  000035ae    0000006e                                   : fd_tos_t2.asm.obj (.text)
                  0000361c    00000068                                   : copy_decompress_lzss.c.obj (.text:decompress:lzss:__TI_decompress_lzss)
                  00003684    00000064                                   : s_frexp.c.obj (.text:frexp)
                  000036e8    00000056                                   : _printfi.c.obj (.text:_pconv_f)
                  0000373e    00000054                                   : _ltoa.c.obj (.text:__TI_ltoa)
                  00003792    00000052                                   : _printfi.c.obj (.text:_ecpy)
                  000037e4    0000004c                                   : atoi.c.obj (.text:atoi)
                  00003830    0000004c                                   : snprintf.c.obj (.text:snprintf)
                  0000387c    00000048                                   : fd_toi_t2.asm.obj (.text)
                  000038c4    00000044                                   : autoinit.c.obj (.text:__TI_auto_init_nobinit_nopinit:__TI_auto_init_nobinit_nopinit)
                  00003908    00000040                                   : vsnprintf.c.obj (.text:vsnprintf)
                  00003948    0000003e                                   : _printfi.c.obj (.text:_fcpy)
                  00003986    00000002     --HOLE-- [fill = 0]
                  00003988    00000038                                   : memory.c.obj (.text:calloc)
                  000039c0    00000038                                   : fs_tod_t2.asm.obj (.text)
                  000039f8    00000034     driverlib.lib : interrupt.obj (.text:IntRegister)
                  00003a2c    00000034     rtsv7M4_T_le_v4SPD16_eabi.lib : boot_cortex_m.c.obj (.text:_c_int00_noargs:_c_int00_noargs)
                  00003a60    00000030                                   : snprintf.c.obj (.text:_outs)
                  00003a90    00000030                                   : vsnprintf.c.obj (.text:_outs)
                  00003ac0    0000002e                                   : i_tofd_t2.asm.obj (.text)
                  00003aee    00000002     --HOLE-- [fill = 0]
                  00003af0    00000028                                   : memory.c.obj (.text:free_list_insert)
                  00003b18    0000001c                                   : copy_zero_init.c.obj (.text:decompress:ZI:__TI_zero_init_nomemset:__TI_zero_init_nomemset)
                  00003b34    0000001c                                   : memory.c.obj (.text:free_list_remove)
                  00003b50    0000001c                                   : memccpy.c.obj (.text:memccpy)
                  00003b6c    0000001a                                   : s_copysign.c.obj (.text:copysign)
                  00003b86    00000018                                   : snprintf.c.obj (.text:_outc)
                  00003b9e    00000018                                   : vsnprintf.c.obj (.text:_outc)
                  00003bb6    00000018     open_interface.obj (.text:oi_parseInt)
                  00003bce    00000018     rtsv7M4_T_le_v4SPD16_eabi.lib : strcmp.c.obj (.text:strcmp)
                  00003be6    00000016                                   : strchr.c.obj (.text:strchr)
                  00003bfc    00000014                                   : strcpy.c.obj (.text:strcpy)
                  00003c10    00000014                                   : strlen.c.obj (.text:strlen)
                  00003c24    00000012                                   : wcslen.c.obj (.text:wcslen)
                  00003c36    00000010     driverlib.lib : interrupt.obj (.text:IntMasterEnable)
                  00003c46    00000010     lcd.obj (.text:lcd_clear)
                  00003c56    0000000e     rtsv7M4_T_le_v4SPD16_eabi.lib : copy_decompress_none.c.obj (.text:decompress:none:__TI_decompress_none)
                  00003c64    0000000c     driverlib.lib : cpu.obj (.text:CPUcpsie)
                  00003c70    0000000c     tm4c123gh6pm_startup_ccs.obj (.text)
                  00003c7c    00000008     rtsv7M4_T_le_v4SPD16_eabi.lib : errno.c.obj (.text:__aeabi_errno_addr)
                  00003c84    00000008                                   : memory.c.obj (.text:malloc)
                  00003c8c    00000004                                   : pre_init.c.obj (.text:_system_pre_init)
                  00003c90    00000004                                   : exit.c.obj (.text:abort:abort)

.const     0    00003c94    00000118     
                  00003c94    00000101     rtsv7M4_T_le_v4SPD16_eabi.lib : ctype.c.obj (.const:.string:_ctypes_)
                  00003d95    0000000f     open_interface.obj (.const:.string:$P$T0$3)
                  00003da4    00000004     lcd.obj (.const:.string:lineAddress$1)
                  00003da8    00000004     lcd.obj (.const:.string:lineAddresses$2)

.cinit     0    00003db0    00000058     
                  00003db0    0000001f     (.cinit..data.load) [load image, compression = lzss]
                  00003dcf    00000001     --HOLE-- [fill = 0]
                  00003dd0    0000000c     (__TI_handler_table)
                  00003ddc    00000004     --HOLE-- [fill = 0]
                  00003de0    00000008     (.cinit..bss.load) [load image, compression = zero_init]
                  00003de8    00000008     (.cinit..vtable.load) [load image, compression = zero_init]
                  00003df0    00000018     (__TI_cinit_table)

.init_array 
*          0    00000000    00000000     UNINITIALIZED

.vtable    0    20000000    0000026c     UNINITIALIZED
                  20000000    0000026c     driverlib.lib : interrupt.obj (.vtable)

.stack     0    20000270    00001000     UNINITIALIZED
                  20000270    00000004     rtsv7M4_T_le_v4SPD16_eabi.lib : boot_cortex_m.c.obj (.stack)
                  20000274    00000ffc     --HOLE--

.sysmem    0    20001270    00001000     UNINITIALIZED
                  20001270    00000010     rtsv7M4_T_le_v4SPD16_eabi.lib : memory.c.obj (.sysmem)
                  20001280    00000ff0     --HOLE--

.bss       0    20002270    00000078     UNINITIALIZED
                  20002270    00000054     lcd.obj (.bss:lastbuffer$3)
                  200022c4    00000018     open_interface.obj (.bss:firmware$2)
                  200022dc    00000004     (.common:_timeout_ticks)
                  200022e0    00000004     (.common:left_calibration_value)
                  200022e4    00000004     (.common:right_calibration_value)

.data      0    200022e8    0000003e     UNINITIALIZED
                  200022e8    00000020     open_interface.obj (.data)
                  20002308    00000008     rtsv7M4_T_le_v4SPD16_eabi.lib : _lock.c.obj (.data:$O1$$)
                  20002310    00000008                                   : memory.c.obj (.data:$O1$$)
                  20002318    00000008     uart-interrupt.obj (.data)
                  20002320    00000004     rtsv7M4_T_le_v4SPD16_eabi.lib : errno.c.obj (.data)
                  20002324    00000001     Timer.obj (.data)
                  20002325    00000001     button.obj (.data)

__llvm_prf_cnts 
*          0    20000000    00000000     UNINITIALIZED

MODULE SUMMARY

       Module                         code    ro data   rw data
       ------                         ----    -------   -------
    .\
       open_interface.obj             3128    15        56     
       lcd.obj                        824     8         84     
       tm4c123gh6pm_startup_ccs.obj   12      620       0      
       uart-interrupt.obj             588     0         8      
       Timer.obj                      584     0         5      
       part2.obj                      352     0         0      
       adc.obj                        328     0         0      
       button.obj                     164     0         1      
       find_objects.obj               0       0         8      
    +--+------------------------------+-------+---------+---------+
       Total:                         5980    643       162    
                                                               
    C:/ti/TivaWare_C_Series-2.2.0.295/driverlib/ccs/Debug/driverlib.lib
       interrupt.obj                  68      0         620    
       cpu.obj                        12      0         0      
    +--+------------------------------+-------+---------+---------+
       Total:                         80      0         620    
                                                               
    C:\ti\ccs1271\ccs\tools\compiler\ti-cgt-arm_20.2.7.LTS\lib\rtsv7M4_T_le_v4SPD16_eabi.lib
       _printfi.c.obj                 4851    0         0      
       memory.c.obj                   728     0         8      
       fd_add_t2.asm.obj              438     0         0      
       fd_div_t2.asm.obj              310     0         0      
       s_scalbn.c.obj                 272     0         0      
       fd_cmp_t2.asm.obj              268     0         0      
       ctype.c.obj                    0       257       0      
       fd_mul_t2.asm.obj              252     0         0      
       memcpy_t2.asm.obj              156     0         0      
       ull_div_t2.asm.obj             150     0         0      
       snprintf.c.obj                 148     0         0      
       vsnprintf.c.obj                136     0         0      
       memset_t2.asm.obj              122     0         0      
       fd_tos_t2.asm.obj              110     0         0      
       copy_decompress_lzss.c.obj     104     0         0      
       s_frexp.c.obj                  100     0         0      
       _ltoa.c.obj                    84      0         0      
       atoi.c.obj                     76      0         0      
       fd_toi_t2.asm.obj              72      0         0      
       autoinit.c.obj                 68      0         0      
       fs_tod_t2.asm.obj              56      0         0      
       boot_cortex_m.c.obj            52      0         0      
       i_tofd_t2.asm.obj              46      0         0      
       copy_zero_init.c.obj           28      0         0      
       memccpy.c.obj                  28      0         0      
       s_copysign.c.obj               26      0         0      
       strcmp.c.obj                   24      0         0      
       strchr.c.obj                   22      0         0      
       strcpy.c.obj                   20      0         0      
       strlen.c.obj                   20      0         0      
       wcslen.c.obj                   18      0         0      
       copy_decompress_none.c.obj     14      0         0      
       errno.c.obj                    8       0         4      
       _lock.c.obj                    2       0         8      
       exit.c.obj                     4       0         0      
       pre_init.c.obj                 4       0         0      
       div0.asm.obj                   2       0         0      
    +--+------------------------------+-------+---------+---------+
       Total:                         8819    257       20     
                                                               
       Heap:                          0       0         4096   
       Stack:                         0       0         4096   
       Linker Generated:              0       83        0      
    +--+------------------------------+-------+---------+---------+
       Grand Total:                   14879   983       8994   


LINKER GENERATED COPY TABLES

__TI_cinit_table @ 00003df0 records: 3, size/record: 8, table size: 24
	.data: load addr=00003db0, load size=0000001f bytes, run addr=200022e8, run size=0000003e bytes, compression=lzss
	.bss: load addr=00003de0, load size=00000008 bytes, run addr=20002270, run size=00000078 bytes, compression=zero_init
	.vtable: load addr=00003de8, load size=00000008 bytes, run addr=20000000, run size=0000026c bytes, compression=zero_init


LINKER GENERATED HANDLER TABLE

__TI_handler_table @ 00003dd0 records: 3, size/record: 4, table size: 12
	index: 0, handler: __TI_zero_init
	index: 1, handler: __TI_decompress_lzss
	index: 2, handler: __TI_decompress_none


GLOBAL SYMBOLS: SORTED ALPHABETICALLY BY Name 

address   name                          
-------   ----                          
00003c91  C$$EXIT                       
00003c65  CPUcpsie                      
00000bc3  GPIOF_Handler                 
00003c37  IntMasterEnable               
000039f9  IntRegister                   
00003c71  ResetISR                      
00002007  UART1_Handler                 
20001270  __STACK_END                   
00001000  __STACK_SIZE                  
20000470  __STACK_TOP                   
00001000  __SYSMEM_SIZE                 
00003df0  __TI_CINIT_Base               
00003e08  __TI_CINIT_Limit              
00003dd0  __TI_Handler_Table_Base       
00003ddc  __TI_Handler_Table_Limit      
000038c5  __TI_auto_init_nobinit_nopinit
0000361d  __TI_decompress_lzss          
00003c57  __TI_decompress_none          
0000373f  __TI_ltoa                     
ffffffff  __TI_pprof_out_hndl           
00000e8d  __TI_printfi                  
ffffffff  __TI_prof_data_size           
ffffffff  __TI_prof_data_start          
00000000  __TI_static_base__            
00003b19  __TI_zero_init_nomemset       
0000334b  __aeabi_cdcmpeq               
0000334b  __aeabi_cdcmple               
000033d1  __aeabi_cdrcmple              
000035af  __aeabi_d2f                   
0000387d  __aeabi_d2iz                  
000024e3  __aeabi_dadd                  
00002a75  __aeabi_ddiv                  
00002ee1  __aeabi_dmul                  
000024d9  __aeabi_dsub                  
00003c7d  __aeabi_errno_addr            
000039c1  __aeabi_f2d                   
00003ac1  __aeabi_i2d                   
0000268f  __aeabi_idiv0                 
0000268f  __aeabi_ldiv0                 
00003457  __aeabi_memclr                
00003457  __aeabi_memclr4               
00003457  __aeabi_memclr8               
00003219  __aeabi_memcpy                
00003219  __aeabi_memcpy4               
00003219  __aeabi_memcpy8               
00003459  __aeabi_memset                
00003459  __aeabi_memset4               
00003459  __aeabi_memset8               
000032b5  __aeabi_uldivmod              
ffffffff  __binit__                     
ffffffff  __c_args__                    
UNDEFED   __mpu_init                    
20000270  __stack                       
20000000  __start___llvm_prf_cnts       
20000000  __stop___llvm_prf_cnts        
00003a2d  _c_int00_noargs               
00003c94  _ctypes_                      
20002308  _lock                         
000018db  _nop                          
20002324  _running                      
20001270  _sys_memory                   
UNDEFED   _system_post_cinit            
00003c8d  _system_pre_init              
200022dc  _timeout_ticks                
2000230c  _unlock                       
00003c91  abort                         
000027f1  adc_init                      
000028bf  adc_read                      
00002de1  aligned_alloc                 
000037e5  atoi                          
000026c1  batt_percent_charge           
ffffffff  binit                         
000031a9  button_getButton              
00003175  button_init                   
00003989  calloc                        
20002318  command_byte                  
2000231c  command_flag                  
00003b6d  copysign                      
00003b6d  copysignl                     
000026eb  display_charge                
20002320  errno                         
00002fdd  free                          
00003685  frexp                         
00003685  frexpl                        
20000000  g_pfnRAMVectors               
00000000  g_pfnVectors                  
0000097f  go_charge                     
00002691  ir_to_dist                    
00003c47  lcd_clear                     
00001ab1  lcd_gotoLine                  
00001919  lcd_init                      
00001b17  lcd_printf                    
000019d9  lcd_putc                      
00001a11  lcd_puts                      
000018dd  lcd_reverseNibble             
00001a2f  lcd_sendCommand               
00001a6d  lcd_sendNibble                
00001ad9  lcd_setCursorPos              
00002cd1  ldexp                         
00002cd1  ldexpl                        
200022e0  left_calibration_value        
00002721  main                          
00003c85  malloc                        
00002de1  memalign                      
00003b51  memccpy                       
00003219  memcpy                        
0000345f  memset                        
200022e8  motor_cal_factor_L            
200022ec  motor_cal_factor_R            
0000026d  oi_alloc                      
00000aa9  oi_checkFirmware              
000002c7  oi_close                      
00000279  oi_free                       
00000ded  oi_getMotorCalibrationLeft    
00000e01  oi_getMotorCalibrationRight   
000002b1  oi_init                       
00000289  oi_init_noupdate              
00000915  oi_loadSong                   
00003bb7  oi_parseInt                   
0000032b  oi_parsePacket                
0000096b  oi_play_song                  
0000084b  oi_setLeds                    
00000db1  oi_setMotorCalibration        
0000088f  oi_setWheels                  
00000b51  oi_shutoff_init               
0000098d  oi_uartInit                   
00000a31  oi_uartReceive                
00000a77  oi_uartSendBuff               
00000a15  oi_uartSendChar               
00000a59  oi_uartSendStr                
000002d9  oi_update                     
200022e4  right_calibration_value       
00002cd1  scalbn                        
00002cd1  scalbnl                       
00001e75  set_cmnd                      
00003831  snprintf                      
00003be7  strchr                        
00003bcf  strcmp                        
00003bfd  strcpy                        
00003c11  strlen                        
000021df  timer_getMicros               
00002187  timer_getMillis               
000020c1  timer_init                    
00002163  timer_pause                   
00002175  timer_resume                  
00002139  timer_stop                    
00002239  timer_waitMicros              
0000226b  timer_waitMillis              
00001e8f  uart_interrupt_init           
00001fd5  uart_receive                  
00001fb9  uart_sendChar                 
00001fe9  uart_sendStr                  
00003909  vsnprintf                     
00003c25  wcslen                        


GLOBAL SYMBOLS: SORTED BY Symbol Address 

address   name                          
-------   ----                          
00000000  __TI_static_base__            
00000000  g_pfnVectors                  
0000026d  oi_alloc                      
00000279  oi_free                       
00000289  oi_init_noupdate              
000002b1  oi_init                       
000002c7  oi_close                      
000002d9  oi_update                     
0000032b  oi_parsePacket                
0000084b  oi_setLeds                    
0000088f  oi_setWheels                  
00000915  oi_loadSong                   
0000096b  oi_play_song                  
0000097f  go_charge                     
0000098d  oi_uartInit                   
00000a15  oi_uartSendChar               
00000a31  oi_uartReceive                
00000a59  oi_uartSendStr                
00000a77  oi_uartSendBuff               
00000aa9  oi_checkFirmware              
00000b51  oi_shutoff_init               
00000bc3  GPIOF_Handler                 
00000db1  oi_setMotorCalibration        
00000ded  oi_getMotorCalibrationLeft    
00000e01  oi_getMotorCalibrationRight   
00000e8d  __TI_printfi                  
00001000  __STACK_SIZE                  
00001000  __SYSMEM_SIZE                 
000018db  _nop                          
000018dd  lcd_reverseNibble             
00001919  lcd_init                      
000019d9  lcd_putc                      
00001a11  lcd_puts                      
00001a2f  lcd_sendCommand               
00001a6d  lcd_sendNibble                
00001ab1  lcd_gotoLine                  
00001ad9  lcd_setCursorPos              
00001b17  lcd_printf                    
00001e75  set_cmnd                      
00001e8f  uart_interrupt_init           
00001fb9  uart_sendChar                 
00001fd5  uart_receive                  
00001fe9  uart_sendStr                  
00002007  UART1_Handler                 
000020c1  timer_init                    
00002139  timer_stop                    
00002163  timer_pause                   
00002175  timer_resume                  
00002187  timer_getMillis               
000021df  timer_getMicros               
00002239  timer_waitMicros              
0000226b  timer_waitMillis              
000024d9  __aeabi_dsub                  
000024e3  __aeabi_dadd                  
0000268f  __aeabi_idiv0                 
0000268f  __aeabi_ldiv0                 
00002691  ir_to_dist                    
000026c1  batt_percent_charge           
000026eb  display_charge                
00002721  main                          
000027f1  adc_init                      
000028bf  adc_read                      
00002a75  __aeabi_ddiv                  
00002cd1  ldexp                         
00002cd1  ldexpl                        
00002cd1  scalbn                        
00002cd1  scalbnl                       
00002de1  aligned_alloc                 
00002de1  memalign                      
00002ee1  __aeabi_dmul                  
00002fdd  free                          
00003175  button_init                   
000031a9  button_getButton              
00003219  __aeabi_memcpy                
00003219  __aeabi_memcpy4               
00003219  __aeabi_memcpy8               
00003219  memcpy                        
000032b5  __aeabi_uldivmod              
0000334b  __aeabi_cdcmpeq               
0000334b  __aeabi_cdcmple               
000033d1  __aeabi_cdrcmple              
00003457  __aeabi_memclr                
00003457  __aeabi_memclr4               
00003457  __aeabi_memclr8               
00003459  __aeabi_memset                
00003459  __aeabi_memset4               
00003459  __aeabi_memset8               
0000345f  memset                        
000035af  __aeabi_d2f                   
0000361d  __TI_decompress_lzss          
00003685  frexp                         
00003685  frexpl                        
0000373f  __TI_ltoa                     
000037e5  atoi                          
00003831  snprintf                      
0000387d  __aeabi_d2iz                  
000038c5  __TI_auto_init_nobinit_nopinit
00003909  vsnprintf                     
00003989  calloc                        
000039c1  __aeabi_f2d                   
000039f9  IntRegister                   
00003a2d  _c_int00_noargs               
00003ac1  __aeabi_i2d                   
00003b19  __TI_zero_init_nomemset       
00003b51  memccpy                       
00003b6d  copysign                      
00003b6d  copysignl                     
00003bb7  oi_parseInt                   
00003bcf  strcmp                        
00003be7  strchr                        
00003bfd  strcpy                        
00003c11  strlen                        
00003c25  wcslen                        
00003c37  IntMasterEnable               
00003c47  lcd_clear                     
00003c57  __TI_decompress_none          
00003c65  CPUcpsie                      
00003c71  ResetISR                      
00003c7d  __aeabi_errno_addr            
00003c85  malloc                        
00003c8d  _system_pre_init              
00003c91  C$$EXIT                       
00003c91  abort                         
00003c94  _ctypes_                      
00003dd0  __TI_Handler_Table_Base       
00003ddc  __TI_Handler_Table_Limit      
00003df0  __TI_CINIT_Base               
00003e08  __TI_CINIT_Limit              
20000000  __start___llvm_prf_cnts       
20000000  __stop___llvm_prf_cnts        
20000000  g_pfnRAMVectors               
20000270  __stack                       
20000470  __STACK_TOP                   
20001270  __STACK_END                   
20001270  _sys_memory                   
200022dc  _timeout_ticks                
200022e0  left_calibration_value        
200022e4  right_calibration_value       
200022e8  motor_cal_factor_L            
200022ec  motor_cal_factor_R            
20002308  _lock                         
2000230c  _unlock                       
20002318  command_byte                  
2000231c  command_flag                  
20002320  errno                         
20002324  _running                      
ffffffff  __TI_pprof_out_hndl           
ffffffff  __TI_prof_data_size           
ffffffff  __TI_prof_data_start          
ffffffff  __binit__                     
ffffffff  __c_args__                    
ffffffff  binit                         
UNDEFED   __mpu_init                    
UNDEFED   _system_post_cinit            

[154 symbols]
