******************************************************************************
                  TI ARM Linker PC v20.2.7                     
******************************************************************************
>> Linked Tue Apr  8 16:59:00 2025

OUTPUT FILE NAME:   <Lab10.out>
ENTRY POINT SYMBOL: "_c_int00_noargs"  address: 0000287d


MEMORY CONFIGURATION

         name            origin    length      used     unused   attr    fill
----------------------  --------  ---------  --------  --------  ----  --------
  FLASH                 00000000   00040000  00002b89  0003d477  R  X
  SRAM                  20000000   00008000  000022d2  00005d2e  RW X


SEGMENT ALLOCATION MAP

run origin  load origin   length   init length attrs members
----------  ----------- ---------- ----------- ----- -------
00000000    00000000    00002b90   00002b90    r-x
  00000000    00000000    0000026c   0000026c    r-- .intvecs
  0000026c    0000026c    000027cc   000027cc    r-x .text
  00002a38    00002a38    00000109   00000109    r-- .const
  00002b48    00002b48    00000048   00000048    r-- .cinit
20000000    20000000    000022d6   00000000    rw-
  20000000    20000000    0000026c   00000000    rw- .vtable
  20000270    20000270    00001000   00000000    rw- .stack
  20001270    20001270    00001000   00000000    rw- .sysmem
  20002270    20002270    00000058   00000000    rw- .bss
  200022c8    200022c8    0000000e   00000000    rw- .data


SECTION ALLOCATION MAP

 output                                  attributes/
section   page    origin      length       input sections
--------  ----  ----------  ----------   ----------------
.intvecs   0    00000000    0000026c     
                  00000000    0000026c     tm4c123gh6pm_startup_ccs.obj (.intvecs)

.text      0    0000026c    000027cc     
                  0000026c    00000a4e     rtsv7M4_T_le_v4SPD16_eabi.lib : _printfi.c.obj (.text:__TI_printfi)
                  00000cba    00000002                                   : div0.asm.obj (.text)
                  00000cbc    00000328     lcd.obj (.text)
                  00000fe4    000002e0     servo.obj (.text)
                  000012c4    00000270     rtsv7M4_T_le_v4SPD16_eabi.lib : _printfi.c.obj (.text:_pconv_a)
                  00001534    00000248     Timer.obj (.text)
                  0000177c    000001d0     rtsv7M4_T_le_v4SPD16_eabi.lib : _printfi.c.obj (.text:_pconv_g)
                  0000194c    000001b6                                   : fd_add_t2.asm.obj (.text)
                  00001b02    00000002     --HOLE-- [fill = 0]
                  00001b04    0000013c                                   : _printfi.c.obj (.text:_pconv_e)
                  00001c40    00000136                                   : fd_div_t2.asm.obj (.text)
                  00001d76    00000002     --HOLE-- [fill = 0]
                  00001d78    00000124                                   : _printfi.c.obj (.text:fcvt)
                  00001e9c    00000110                                   : s_scalbn.c.obj (.text:scalbn)
                  00001fac    000000fc                                   : fd_mul_t2.asm.obj (.text)
                  000020a8    000000b1                                   : _printfi.c.obj (.text:_ltostr)
                  00002159    00000003     --HOLE-- [fill = 0]
                  0000215c    000000a4     button.obj (.text)
                  00002200    0000009c     rtsv7M4_T_le_v4SPD16_eabi.lib : memcpy_t2.asm.obj (.text)
                  0000229c    00000096                                   : ull_div_t2.asm.obj (.text)
                  00002332    00000086                                   : fd_cmp_t2.asm.obj (.text:__aeabi_cdcmple)
                  000023b8    00000086                                   : fd_cmp_t2.asm.obj (.text:__aeabi_cdrcmple)
                  0000243e    0000007a                                   : memset_t2.asm.obj (.text)
                  000024b8    0000006e                                   : _printfi.c.obj (.text:_mcpy)
                  00002526    00000068                                   : copy_decompress_lzss.c.obj (.text:decompress:lzss:__TI_decompress_lzss)
                  0000258e    00000002     --HOLE-- [fill = 0]
                  00002590    00000064                                   : s_frexp.c.obj (.text:frexp)
                  000025f4    00000056                                   : _printfi.c.obj (.text:_pconv_f)
                  0000264a    00000054                                   : _ltoa.c.obj (.text:__TI_ltoa)
                  0000269e    00000052                                   : _printfi.c.obj (.text:_ecpy)
                  000026f0    0000004c                                   : atoi.c.obj (.text:atoi)
                  0000273c    00000048                                   : fd_toi_t2.asm.obj (.text)
                  00002784    00000044                                   : autoinit.c.obj (.text:__TI_auto_init_nobinit_nopinit:__TI_auto_init_nobinit_nopinit)
                  000027c8    00000040                                   : vsnprintf.c.obj (.text:vsnprintf)
                  00002808    0000003e                                   : _printfi.c.obj (.text:_fcpy)
                  00002846    00000002     --HOLE-- [fill = 0]
                  00002848    00000034     driverlib.lib : interrupt.obj (.text:IntRegister)
                  0000287c    00000034     rtsv7M4_T_le_v4SPD16_eabi.lib : boot_cortex_m.c.obj (.text:_c_int00_noargs:_c_int00_noargs)
                  000028b0    00000030                                   : vsnprintf.c.obj (.text:_outs)
                  000028e0    0000002e                                   : i_tofd_t2.asm.obj (.text)
                  0000290e    0000001c                                   : copy_zero_init.c.obj (.text:decompress:ZI:__TI_zero_init_nomemset:__TI_zero_init_nomemset)
                  0000292a    0000001c     main.obj (.text)
                  00002946    0000001c     rtsv7M4_T_le_v4SPD16_eabi.lib : memccpy.c.obj (.text:memccpy)
                  00002962    0000001a                                   : s_copysign.c.obj (.text:copysign)
                  0000297c    00000018                                   : vsnprintf.c.obj (.text:_outc)
                  00002994    00000018                                   : strcmp.c.obj (.text:strcmp)
                  000029ac    00000016                                   : strchr.c.obj (.text:strchr)
                  000029c2    00000014                                   : strcpy.c.obj (.text:strcpy)
                  000029d6    00000014                                   : strlen.c.obj (.text:strlen)
                  000029ea    00000012                                   : wcslen.c.obj (.text:wcslen)
                  000029fc    00000010     lcd.obj (.text:lcd_clear)
                  00002a0c    0000000e     rtsv7M4_T_le_v4SPD16_eabi.lib : copy_decompress_none.c.obj (.text:decompress:none:__TI_decompress_none)
                  00002a1a    0000000c     tm4c123gh6pm_startup_ccs.obj (.text)
                  00002a26    00000002     --HOLE-- [fill = 0]
                  00002a28    00000008     rtsv7M4_T_le_v4SPD16_eabi.lib : errno.c.obj (.text:__aeabi_errno_addr)
                  00002a30    00000004                                   : pre_init.c.obj (.text:_system_pre_init)
                  00002a34    00000004                                   : exit.c.obj (.text:abort:abort)

.const     0    00002a38    00000109     
                  00002a38    00000101     rtsv7M4_T_le_v4SPD16_eabi.lib : ctype.c.obj (.const:.string:_ctypes_)
                  00002b39    00000004     lcd.obj (.const:.string:lineAddress$1)
                  00002b3d    00000004     lcd.obj (.const:.string:lineAddresses$2)

.cinit     0    00002b48    00000048     
                  00002b48    0000000f     (.cinit..data.load) [load image, compression = lzss]
                  00002b57    00000001     --HOLE-- [fill = 0]
                  00002b58    0000000c     (__TI_handler_table)
                  00002b64    00000004     --HOLE-- [fill = 0]
                  00002b68    00000008     (.cinit..bss.load) [load image, compression = zero_init]
                  00002b70    00000008     (.cinit..vtable.load) [load image, compression = zero_init]
                  00002b78    00000018     (__TI_cinit_table)

.init_array 
*          0    00000000    00000000     UNINITIALIZED

.vtable    0    20000000    0000026c     UNINITIALIZED
                  20000000    0000026c     driverlib.lib : interrupt.obj (.vtable)

.stack     0    20000270    00001000     UNINITIALIZED
                  20000270    00000004     rtsv7M4_T_le_v4SPD16_eabi.lib : boot_cortex_m.c.obj (.stack)
                  20000274    00000ffc     --HOLE--

.sysmem    0    20001270    00001000     UNINITIALIZED
                  20001270    00000010     rtsv7M4_T_le_v4SPD16_eabi.lib : memory.c.obj (.sysmem)
                  20001280    00000ff0     --HOLE--

.bss       0    20002270    00000058     UNINITIALIZED
                  20002270    00000054     lcd.obj (.bss:lastbuffer$3)
                  200022c4    00000004     (.common:_timeout_ticks)

.data      0    200022c8    0000000e     UNINITIALIZED
                  200022c8    00000008     servo.obj (.data)
                  200022d0    00000004     rtsv7M4_T_le_v4SPD16_eabi.lib : errno.c.obj (.data)
                  200022d4    00000001     Timer.obj (.data)
                  200022d5    00000001     button.obj (.data)

__llvm_prf_cnts 
*          0    20000000    00000000     UNINITIALIZED

MODULE SUMMARY

       Module                         code    ro data   rw data
       ------                         ----    -------   -------
    .\
       lcd.obj                        824     8         84     
       servo.obj                      736     0         8      
       tm4c123gh6pm_startup_ccs.obj   12      620       0      
       Timer.obj                      584     0         5      
       button.obj                     164     0         1      
       main.obj                       28      0         0      
    +--+------------------------------+-------+---------+---------+
       Total:                         2348    628       98     
                                                               
    C:/ti/TivaWare_C_Series-2.2.0.295/driverlib/ccs/Debug/driverlib.lib
       interrupt.obj                  52      0         620    
    +--+------------------------------+-------+---------+---------+
       Total:                         52      0         620    
                                                               
    C:\ti\ccs1271\ccs\tools\compiler\ti-cgt-arm_20.2.7.LTS\lib\rtsv7M4_T_le_v4SPD16_eabi.lib
       _printfi.c.obj                 4851    0         0      
       fd_add_t2.asm.obj              438     0         0      
       fd_div_t2.asm.obj              310     0         0      
       s_scalbn.c.obj                 272     0         0      
       fd_cmp_t2.asm.obj              268     0         0      
       ctype.c.obj                    0       257       0      
       fd_mul_t2.asm.obj              252     0         0      
       memcpy_t2.asm.obj              156     0         0      
       ull_div_t2.asm.obj             150     0         0      
       vsnprintf.c.obj                136     0         0      
       memset_t2.asm.obj              122     0         0      
       copy_decompress_lzss.c.obj     104     0         0      
       s_frexp.c.obj                  100     0         0      
       _ltoa.c.obj                    84      0         0      
       atoi.c.obj                     76      0         0      
       fd_toi_t2.asm.obj              72      0         0      
       autoinit.c.obj                 68      0         0      
       boot_cortex_m.c.obj            52      0         0      
       i_tofd_t2.asm.obj              46      0         0      
       copy_zero_init.c.obj           28      0         0      
       memccpy.c.obj                  28      0         0      
       s_copysign.c.obj               26      0         0      
       strcmp.c.obj                   24      0         0      
       strchr.c.obj                   22      0         0      
       strcpy.c.obj                   20      0         0      
       strlen.c.obj                   20      0         0      
       wcslen.c.obj                   18      0         0      
       copy_decompress_none.c.obj     14      0         0      
       errno.c.obj                    8       0         4      
       exit.c.obj                     4       0         0      
       pre_init.c.obj                 4       0         0      
       div0.asm.obj                   2       0         0      
    +--+------------------------------+-------+---------+---------+
       Total:                         7775    257       4      
                                                               
       Heap:                          0       0         4096   
       Stack:                         0       0         4096   
       Linker Generated:              0       67        0      
    +--+------------------------------+-------+---------+---------+
       Grand Total:                   10175   952       8914   


LINKER GENERATED COPY TABLES

__TI_cinit_table @ 00002b78 records: 3, size/record: 8, table size: 24
	.data: load addr=00002b48, load size=0000000f bytes, run addr=200022c8, run size=0000000e bytes, compression=lzss
	.bss: load addr=00002b68, load size=00000008 bytes, run addr=20002270, run size=00000058 bytes, compression=zero_init
	.vtable: load addr=00002b70, load size=00000008 bytes, run addr=20000000, run size=0000026c bytes, compression=zero_init


LINKER GENERATED HANDLER TABLE

__TI_handler_table @ 00002b58 records: 3, size/record: 4, table size: 12
	index: 0, handler: __TI_zero_init
	index: 1, handler: __TI_decompress_lzss
	index: 2, handler: __TI_decompress_none


GLOBAL SYMBOLS: SORTED ALPHABETICALLY BY Name 

address   name                          
-------   ----                          
00002a35  C$$EXIT                       
00002849  IntRegister                   
00002a1b  ResetISR                      
20001270  __STACK_END                   
00001000  __STACK_SIZE                  
20000470  __STACK_TOP                   
00001000  __SYSMEM_SIZE                 
00002b78  __TI_CINIT_Base               
00002b90  __TI_CINIT_Limit              
00002b58  __TI_Handler_Table_Base       
00002b64  __TI_Handler_Table_Limit      
00002785  __TI_auto_init_nobinit_nopinit
00002527  __TI_decompress_lzss          
00002a0d  __TI_decompress_none          
0000264b  __TI_ltoa                     
ffffffff  __TI_pprof_out_hndl           
0000026d  __TI_printfi                  
ffffffff  __TI_prof_data_size           
ffffffff  __TI_prof_data_start          
00000000  __TI_static_base__            
0000290f  __TI_zero_init_nomemset       
00002333  __aeabi_cdcmpeq               
00002333  __aeabi_cdcmple               
000023b9  __aeabi_cdrcmple              
0000273d  __aeabi_d2iz                  
00001957  __aeabi_dadd                  
00001c41  __aeabi_ddiv                  
00001fad  __aeabi_dmul                  
0000194d  __aeabi_dsub                  
00002a29  __aeabi_errno_addr            
000028e1  __aeabi_i2d                   
00000cbb  __aeabi_idiv0                 
00000cbb  __aeabi_ldiv0                 
0000243f  __aeabi_memclr                
0000243f  __aeabi_memclr4               
0000243f  __aeabi_memclr8               
00002201  __aeabi_memcpy                
00002201  __aeabi_memcpy4               
00002201  __aeabi_memcpy8               
00002441  __aeabi_memset                
00002441  __aeabi_memset4               
00002441  __aeabi_memset8               
0000229d  __aeabi_uldivmod              
ffffffff  __binit__                     
ffffffff  __c_args__                    
UNDEFED   __mpu_init                    
20000270  __stack                       
20000000  __start___llvm_prf_cnts       
20000000  __stop___llvm_prf_cnts        
0000287d  _c_int00_noargs               
00002a38  _ctypes_                      
200022d4  _running                      
20001270  _sys_memory                   
UNDEFED   _system_post_cinit            
00002a31  _system_pre_init              
200022c4  _timeout_ticks                
00002a35  abort                         
000010b3  angle_to_cycles               
000026f1  atoi                          
ffffffff  binit                         
00002191  button_getButton              
0000215d  button_init                   
00002963  copysign                      
00002963  copysignl                     
00001105  cyBOT_SERVO_cal               
200022d0  errno                         
00002591  frexp                         
00002591  frexpl                        
20000000  g_pfnRAMVectors               
00000000  g_pfnVectors                  
000029fd  lcd_clear                     
00000e91  lcd_gotoLine                  
00000cf9  lcd_init                      
00000ef7  lcd_printf                    
00000db9  lcd_putc                      
00000df1  lcd_puts                      
00000cbd  lcd_reverseNibble             
00000e0f  lcd_sendCommand               
00000e4d  lcd_sendNibble                
00000eb9  lcd_setCursorPos              
00001e9d  ldexp                         
00001e9d  ldexpl                        
200022cc  left_calibration_value        
0000292b  main                          
00002947  memccpy                       
00002201  memcpy                        
00002447  memset                        
200022c8  right_calibration_value       
00001e9d  scalbn                        
00001e9d  scalbnl                       
00000ffd  servo_init                    
00000fe5  set_servo_calibration         
000029ad  strchr                        
00002995  strcmp                        
000029c3  strcpy                        
000029d7  strlen                        
00001653  timer_getMicros               
000015fb  timer_getMillis               
00001535  timer_init                    
000015d7  timer_pause                   
000015e9  timer_resume                  
000015ad  timer_stop                    
000016ad  timer_waitMicros              
000016df  timer_waitMillis              
000010df  turn_servo_to                 
000027c9  vsnprintf                     
000029eb  wcslen                        


GLOBAL SYMBOLS: SORTED BY Symbol Address 

address   name                          
-------   ----                          
00000000  __TI_static_base__            
00000000  g_pfnVectors                  
0000026d  __TI_printfi                  
00000cbb  __aeabi_idiv0                 
00000cbb  __aeabi_ldiv0                 
00000cbd  lcd_reverseNibble             
00000cf9  lcd_init                      
00000db9  lcd_putc                      
00000df1  lcd_puts                      
00000e0f  lcd_sendCommand               
00000e4d  lcd_sendNibble                
00000e91  lcd_gotoLine                  
00000eb9  lcd_setCursorPos              
00000ef7  lcd_printf                    
00000fe5  set_servo_calibration         
00000ffd  servo_init                    
00001000  __STACK_SIZE                  
00001000  __SYSMEM_SIZE                 
000010b3  angle_to_cycles               
000010df  turn_servo_to                 
00001105  cyBOT_SERVO_cal               
00001535  timer_init                    
000015ad  timer_stop                    
000015d7  timer_pause                   
000015e9  timer_resume                  
000015fb  timer_getMillis               
00001653  timer_getMicros               
000016ad  timer_waitMicros              
000016df  timer_waitMillis              
0000194d  __aeabi_dsub                  
00001957  __aeabi_dadd                  
00001c41  __aeabi_ddiv                  
00001e9d  ldexp                         
00001e9d  ldexpl                        
00001e9d  scalbn                        
00001e9d  scalbnl                       
00001fad  __aeabi_dmul                  
0000215d  button_init                   
00002191  button_getButton              
00002201  __aeabi_memcpy                
00002201  __aeabi_memcpy4               
00002201  __aeabi_memcpy8               
00002201  memcpy                        
0000229d  __aeabi_uldivmod              
00002333  __aeabi_cdcmpeq               
00002333  __aeabi_cdcmple               
000023b9  __aeabi_cdrcmple              
0000243f  __aeabi_memclr                
0000243f  __aeabi_memclr4               
0000243f  __aeabi_memclr8               
00002441  __aeabi_memset                
00002441  __aeabi_memset4               
00002441  __aeabi_memset8               
00002447  memset                        
00002527  __TI_decompress_lzss          
00002591  frexp                         
00002591  frexpl                        
0000264b  __TI_ltoa                     
000026f1  atoi                          
0000273d  __aeabi_d2iz                  
00002785  __TI_auto_init_nobinit_nopinit
000027c9  vsnprintf                     
00002849  IntRegister                   
0000287d  _c_int00_noargs               
000028e1  __aeabi_i2d                   
0000290f  __TI_zero_init_nomemset       
0000292b  main                          
00002947  memccpy                       
00002963  copysign                      
00002963  copysignl                     
00002995  strcmp                        
000029ad  strchr                        
000029c3  strcpy                        
000029d7  strlen                        
000029eb  wcslen                        
000029fd  lcd_clear                     
00002a0d  __TI_decompress_none          
00002a1b  ResetISR                      
00002a29  __aeabi_errno_addr            
00002a31  _system_pre_init              
00002a35  C$$EXIT                       
00002a35  abort                         
00002a38  _ctypes_                      
00002b58  __TI_Handler_Table_Base       
00002b64  __TI_Handler_Table_Limit      
00002b78  __TI_CINIT_Base               
00002b90  __TI_CINIT_Limit              
20000000  __start___llvm_prf_cnts       
20000000  __stop___llvm_prf_cnts        
20000000  g_pfnRAMVectors               
20000270  __stack                       
20000470  __STACK_TOP                   
20001270  __STACK_END                   
20001270  _sys_memory                   
200022c4  _timeout_ticks                
200022c8  right_calibration_value       
200022cc  left_calibration_value        
200022d0  errno                         
200022d4  _running                      
ffffffff  __TI_pprof_out_hndl           
ffffffff  __TI_prof_data_size           
ffffffff  __TI_prof_data_start          
ffffffff  __binit__                     
ffffffff  __c_args__                    
ffffffff  binit                         
UNDEFED   __mpu_init                    
UNDEFED   _system_post_cinit            

[107 symbols]
