******************************************************************************
                  TI ARM Linker PC v20.2.7                     
******************************************************************************
>> Linked Tue Mar  4 10:57:44 2025

OUTPUT FILE NAME:   <Lab6.out>
ENTRY POINT SYMBOL: "_c_int00_noargs"  address: 00002e95


MEMORY CONFIGURATION

         name            origin    length      used     unused   attr    fill
----------------------  --------  ---------  --------  --------  ----  --------
  FLASH                 00000000   00040000  00003199  0003ce67  R  X
  SRAM                  20000000   00008000  000022ee  00005d12  RW X


SEGMENT ALLOCATION MAP

run origin  load origin   length   init length attrs members
----------  ----------- ---------- ----------- ----- -------
00000000    00000000    000031a0   000031a0    r-x
  00000000    00000000    0000026c   0000026c    r-- .intvecs
  0000026c    0000026c    00002de4   00002de4    r-x .text
  00003050    00003050    00000109   00000109    r-- .const
  00003160    00003160    00000040   00000040    r-- .cinit
20000000    20000000    000022f5   00000000    rw-
  20000000    20000000    0000026c   00000000    rw- .vtable
  20000270    20000270    00001000   00000000    rw- .stack
  20001270    20001270    00001000   00000000    rw- .sysmem
  20002270    20002270    00000071   00000000    rw- .bss
  200022e4    200022e4    00000011   00000000    rw- .data


SECTION ALLOCATION MAP

 output                                  attributes/
section   page    origin      length       input sections
--------  ----  ----------  ----------   ----------------
.intvecs   0    00000000    0000026c     
                  00000000    0000026c     tm4c123gh6pm_startup_ccs.obj (.intvecs)

.text      0    0000026c    00002de4     
                  0000026c    00000a4e     rtsv7M4_T_le_v4SPD16_eabi.lib : _printfi.c.obj (.text:__TI_printfi)
                  00000cba    00000002                                   : div0.asm.obj (.text)
                  00000cbc    00000328     lcd.obj (.text)
                  00000fe4    00000270     rtsv7M4_T_le_v4SPD16_eabi.lib : _printfi.c.obj (.text:_pconv_a)
                  00001254    00000260     libcybotScan.lib : cyBot_Scan.obj (.text)
                  000014b4    00000248     Timer.obj (.text)
                  000016fc    00000244     uart-interrupt.obj (.text)
                  00001940    000001ec     libcybotScan.lib : ping.obj (.text)
                  00001b2c    000001d0     rtsv7M4_T_le_v4SPD16_eabi.lib : _printfi.c.obj (.text:_pconv_g)
                  00001cfc    000001b6                                   : fd_add_t2.asm.obj (.text)
                  00001eb2    00000002     --HOLE-- [fill = 0]
                  00001eb4    00000158     libcybotScan.lib : servo.obj (.text)
                  0000200c    0000013c     rtsv7M4_T_le_v4SPD16_eabi.lib : _printfi.c.obj (.text:_pconv_e)
                  00002148    00000136                                   : fd_div_t2.asm.obj (.text)
                  0000227e    00000002     --HOLE-- [fill = 0]
                  00002280    00000124                                   : _printfi.c.obj (.text:fcvt)
                  000023a4    00000118     libcybotScan.lib : ir.obj (.text)
                  000024bc    00000110     rtsv7M4_T_le_v4SPD16_eabi.lib : s_scalbn.c.obj (.text:scalbn)
                  000025cc    000000fc                                   : fd_mul_t2.asm.obj (.text)
                  000026c8    000000b1                                   : _printfi.c.obj (.text:_ltostr)
                  00002779    00000003     --HOLE-- [fill = 0]
                  0000277c    0000009c     Part3.obj (.text)
                  00002818    0000009c     rtsv7M4_T_le_v4SPD16_eabi.lib : memcpy_t2.asm.obj (.text)
                  000028b4    00000096                                   : ull_div_t2.asm.obj (.text)
                  0000294a    00000086                                   : fd_cmp_t2.asm.obj (.text:__aeabi_cdcmple)
                  000029d0    00000086                                   : fd_cmp_t2.asm.obj (.text:__aeabi_cdrcmple)
                  00002a56    0000007a                                   : memset_t2.asm.obj (.text)
                  00002ad0    0000006e                                   : _printfi.c.obj (.text:_mcpy)
                  00002b3e    00000068                                   : copy_decompress_lzss.c.obj (.text:decompress:lzss:__TI_decompress_lzss)
                  00002ba6    00000002     --HOLE-- [fill = 0]
                  00002ba8    00000064                                   : s_frexp.c.obj (.text:frexp)
                  00002c0c    00000056                                   : _printfi.c.obj (.text:_pconv_f)
                  00002c62    00000054                                   : _ltoa.c.obj (.text:__TI_ltoa)
                  00002cb6    00000052                                   : _printfi.c.obj (.text:_ecpy)
                  00002d08    0000004c                                   : atoi.c.obj (.text:atoi)
                  00002d54    00000048                                   : fd_toi_t2.asm.obj (.text)
                  00002d9c    00000044                                   : autoinit.c.obj (.text:__TI_auto_init_nobinit_nopinit:__TI_auto_init_nobinit_nopinit)
                  00002de0    00000040                                   : vsnprintf.c.obj (.text:vsnprintf)
                  00002e20    0000003e                                   : _printfi.c.obj (.text:_fcpy)
                  00002e5e    00000002     --HOLE-- [fill = 0]
                  00002e60    00000034     driverlib.lib : interrupt.obj (.text:IntRegister)
                  00002e94    00000034     rtsv7M4_T_le_v4SPD16_eabi.lib : boot_cortex_m.c.obj (.text:_c_int00_noargs:_c_int00_noargs)
                  00002ec8    00000030                                   : vsnprintf.c.obj (.text:_outs)
                  00002ef8    0000002e                                   : i_tofd_t2.asm.obj (.text)
                  00002f26    0000001c                                   : copy_zero_init.c.obj (.text:decompress:ZI:__TI_zero_init_nomemset:__TI_zero_init_nomemset)
                  00002f42    0000001c                                   : memccpy.c.obj (.text:memccpy)
                  00002f5e    0000001a                                   : s_copysign.c.obj (.text:copysign)
                  00002f78    00000018                                   : vsnprintf.c.obj (.text:_outc)
                  00002f90    00000018                                   : strcmp.c.obj (.text:strcmp)
                  00002fa8    00000016                                   : strchr.c.obj (.text:strchr)
                  00002fbe    00000014                                   : strcpy.c.obj (.text:strcpy)
                  00002fd2    00000014                                   : strlen.c.obj (.text:strlen)
                  00002fe6    00000012                                   : wcslen.c.obj (.text:wcslen)
                  00002ff8    00000010     driverlib.lib : interrupt.obj (.text:IntMasterEnable)
                  00003008    00000010     lcd.obj (.text:lcd_clear)
                  00003018    0000000e     rtsv7M4_T_le_v4SPD16_eabi.lib : copy_decompress_none.c.obj (.text:decompress:none:__TI_decompress_none)
                  00003026    0000000c     driverlib.lib : cpu.obj (.text:CPUcpsie)
                  00003032    0000000c     tm4c123gh6pm_startup_ccs.obj (.text)
                  0000303e    00000002     --HOLE-- [fill = 0]
                  00003040    00000008     rtsv7M4_T_le_v4SPD16_eabi.lib : errno.c.obj (.text:__aeabi_errno_addr)
                  00003048    00000004                                   : pre_init.c.obj (.text:_system_pre_init)
                  0000304c    00000004                                   : exit.c.obj (.text:abort:abort)

.const     0    00003050    00000109     
                  00003050    00000101     rtsv7M4_T_le_v4SPD16_eabi.lib : ctype.c.obj (.const:.string:_ctypes_)
                  00003151    00000004     lcd.obj (.const:.string:lineAddress$1)
                  00003155    00000004     lcd.obj (.const:.string:lineAddresses$2)

.cinit     0    00003160    00000040     
                  00003160    0000000c     (__TI_handler_table)
                  0000316c    0000000b     (.cinit..data.load) [load image, compression = lzss]
                  00003177    00000001     --HOLE-- [fill = 0]
                  00003178    00000008     (.cinit..bss.load) [load image, compression = zero_init]
                  00003180    00000008     (.cinit..vtable.load) [load image, compression = zero_init]
                  00003188    00000018     (__TI_cinit_table)

.init_array 
*          0    00000000    00000000     UNINITIALIZED

.vtable    0    20000000    0000026c     UNINITIALIZED
                  20000000    0000026c     driverlib.lib : interrupt.obj (.vtable)

.stack     0    20000270    00001000     UNINITIALIZED
                  20000270    00000004     rtsv7M4_T_le_v4SPD16_eabi.lib : boot_cortex_m.c.obj (.stack)
                  20000274    00000ffc     --HOLE--

.sysmem    0    20001270    00001000     UNINITIALIZED
                  20001270    00000010     rtsv7M4_T_le_v4SPD16_eabi.lib : memory.c.obj (.sysmem)
                  20001280    00000ff0     --HOLE--

.bss       0    20002270    00000071     UNINITIALIZED
                  20002270    00000054     lcd.obj (.bss:lastbuffer$3)
                  200022c4    00000004     (.common:_timeout_ticks)
                  200022c8    00000004     (.common:fallingEdge)
                  200022cc    00000004     (.common:isr_int_value)
                  200022d0    00000004     (.common:left_calibration_value)
                  200022d4    00000004     (.common:pulseLength)
                  200022d8    00000004     (.common:right_calibration_value)
                  200022dc    00000004     (.common:risingEdge)
                  200022e0    00000001     (.common:isRisingEdge)

.data      0    200022e4    00000011     UNINITIALIZED
                  200022e4    00000008     uart-interrupt.obj (.data)
                  200022ec    00000004     libcybotScan.lib : cyBot_Scan.obj (.data)
                  200022f0    00000004     rtsv7M4_T_le_v4SPD16_eabi.lib : errno.c.obj (.data)
                  200022f4    00000001     Timer.obj (.data)

__llvm_prf_cnts 
*          0    20000000    00000000     UNINITIALIZED

MODULE SUMMARY

       Module                         code    ro data   rw data
       ------                         ----    -------   -------
    .\
       lcd.obj                        824     8         84     
       tm4c123gh6pm_startup_ccs.obj   12      620       0      
       Timer.obj                      584     0         5      
       uart-interrupt.obj             580     0         8      
       Part3.obj                      156     0         8      
    +--+------------------------------+-------+---------+---------+
       Total:                         2156    628       105    
                                                               
    ../libcybotScan.lib
       cyBot_Scan.obj                 608     0         4      
       ping.obj                       492     0         13     
       servo.obj                      344     0         0      
       ir.obj                         280     0         4      
    +--+------------------------------+-------+---------+---------+
       Total:                         1724    0         21     
                                                               
    C:/ti/TivaWare_C_Series-2.2.0.295/driverlib/ccs/Debug/driverlib.lib
       interrupt.obj                  68      0         620    
       cpu.obj                        12      0         0      
    +--+------------------------------+-------+---------+---------+
       Total:                         80      0         620    
                                                               
    C:\ti\ccs1271\ccs\tools\compiler\ti-cgt-arm_20.2.7.LTS\lib\rtsv7M4_T_le_v4SPD16_eabi.lib
       _printfi.c.obj                 4851    0         0      
       fd_add_t2.asm.obj              438     0         0      
       fd_div_t2.asm.obj              310     0         0      
       s_scalbn.c.obj                 272     0         0      
       fd_cmp_t2.asm.obj              268     0         0      
       ctype.c.obj                    0       257       0      
       fd_mul_t2.asm.obj              252     0         0      
       memcpy_t2.asm.obj              156     0         0      
       ull_div_t2.asm.obj             150     0         0      
       vsnprintf.c.obj                136     0         0      
       memset_t2.asm.obj              122     0         0      
       copy_decompress_lzss.c.obj     104     0         0      
       s_frexp.c.obj                  100     0         0      
       _ltoa.c.obj                    84      0         0      
       atoi.c.obj                     76      0         0      
       fd_toi_t2.asm.obj              72      0         0      
       autoinit.c.obj                 68      0         0      
       boot_cortex_m.c.obj            52      0         0      
       i_tofd_t2.asm.obj              46      0         0      
       copy_zero_init.c.obj           28      0         0      
       memccpy.c.obj                  28      0         0      
       s_copysign.c.obj               26      0         0      
       strcmp.c.obj                   24      0         0      
       strchr.c.obj                   22      0         0      
       strcpy.c.obj                   20      0         0      
       strlen.c.obj                   20      0         0      
       wcslen.c.obj                   18      0         0      
       copy_decompress_none.c.obj     14      0         0      
       errno.c.obj                    8       0         4      
       exit.c.obj                     4       0         0      
       pre_init.c.obj                 4       0         0      
       div0.asm.obj                   2       0         0      
    +--+------------------------------+-------+---------+---------+
       Total:                         7775    257       4      
                                                               
       Heap:                          0       0         4096   
       Stack:                         0       0         4096   
       Linker Generated:              0       63        0      
    +--+------------------------------+-------+---------+---------+
       Grand Total:                   11735   948       8942   


LINKER GENERATED COPY TABLES

__TI_cinit_table @ 00003188 records: 3, size/record: 8, table size: 24
	.data: load addr=0000316c, load size=0000000b bytes, run addr=200022e4, run size=00000011 bytes, compression=lzss
	.bss: load addr=00003178, load size=00000008 bytes, run addr=20002270, run size=00000071 bytes, compression=zero_init
	.vtable: load addr=00003180, load size=00000008 bytes, run addr=20000000, run size=0000026c bytes, compression=zero_init


LINKER GENERATED HANDLER TABLE

__TI_handler_table @ 00003160 records: 3, size/record: 4, table size: 12
	index: 0, handler: __TI_zero_init
	index: 1, handler: __TI_decompress_lzss
	index: 2, handler: __TI_decompress_none


GLOBAL SYMBOLS: SORTED ALPHABETICALLY BY Name 

address   name                          
-------   ----                          
0000243d  ADC0SS0_Handler               
0000304d  C$$EXIT                       
00003027  CPUcpsie                      
00002ff9  IntMasterEnable               
00002e61  IntRegister                   
00003033  ResetISR                      
00001a31  TIMER3B_Handler               
00001887  UART1_Handler                 
20001270  __STACK_END                   
00001000  __STACK_SIZE                  
20000470  __STACK_TOP                   
00001000  __SYSMEM_SIZE                 
00003188  __TI_CINIT_Base               
000031a0  __TI_CINIT_Limit              
00003160  __TI_Handler_Table_Base       
0000316c  __TI_Handler_Table_Limit      
00002d9d  __TI_auto_init_nobinit_nopinit
00002b3f  __TI_decompress_lzss          
00003019  __TI_decompress_none          
00002c63  __TI_ltoa                     
ffffffff  __TI_pprof_out_hndl           
0000026d  __TI_printfi                  
ffffffff  __TI_prof_data_size           
ffffffff  __TI_prof_data_start          
00000000  __TI_static_base__            
00002f27  __TI_zero_init_nomemset       
0000294b  __aeabi_cdcmpeq               
0000294b  __aeabi_cdcmple               
000029d1  __aeabi_cdrcmple              
00002d55  __aeabi_d2iz                  
00001d07  __aeabi_dadd                  
00002149  __aeabi_ddiv                  
000025cd  __aeabi_dmul                  
00001cfd  __aeabi_dsub                  
00003041  __aeabi_errno_addr            
00002ef9  __aeabi_i2d                   
00000cbb  __aeabi_idiv0                 
00000cbb  __aeabi_ldiv0                 
00002a57  __aeabi_memclr                
00002a57  __aeabi_memclr4               
00002a57  __aeabi_memclr8               
00002819  __aeabi_memcpy                
00002819  __aeabi_memcpy4               
00002819  __aeabi_memcpy8               
00002a59  __aeabi_memset                
00002a59  __aeabi_memset4               
00002a59  __aeabi_memset8               
000028b5  __aeabi_uldivmod              
ffffffff  __binit__                     
ffffffff  __c_args__                    
UNDEFED   __mpu_init                    
20000270  __stack                       
20000000  __start___llvm_prf_cnts       
20000000  __stop___llvm_prf_cnts        
00002e95  _c_int00_noargs               
00003050  _ctypes_                      
200022f4  _running                      
20001270  _sys_memory                   
UNDEFED   _system_post_cinit            
00003049  _system_pre_init              
200022c4  _timeout_ticks                
0000304d  abort                         
00002d09  atoi                          
ffffffff  binit                         
200022e4  command_byte                  
200022e8  command_flag                  
00002f5f  copysign                      
00002f5f  copysignl                     
0000132d  cyBOT_SERVO_cal               
000012bb  cyBOT_Scan                    
00001263  cyBOT_init_Scan               
200022ec  cyBOT_scan_features           
00001255  cyBOT_scan_version            
200022f0  errno                         
200022c8  fallingEdge                   
00002ba9  frexp                         
00002ba9  frexpl                        
20000000  g_pfnRAMVectors               
00000000  g_pfnVectors                  
00002453  ir_enableInterrupt            
00002435  ir_getDistance                
0000240d  ir_getValue                   
000023a5  ir_init                       
200022e0  isRisingEdge                  
200022cc  isr_int_value                 
00003009  lcd_clear                     
00000e91  lcd_gotoLine                  
00000cf9  lcd_init                      
00000ef7  lcd_printf                    
00000db9  lcd_putc                      
00000df1  lcd_puts                      
00000cbd  lcd_reverseNibble             
00000e0f  lcd_sendCommand               
00000e4d  lcd_sendNibble                
00000eb9  lcd_setCursorPos              
000024bd  ldexp                         
000024bd  ldexpl                        
200022d0  left_calibration_value        
0000277d  main                          
00002f43  memccpy                       
00002819  memcpy                        
00002a5f  memset                        
00001a83  ping_getDistance              
00001941  ping_init                     
000019c7  ping_trigger                  
200022d4  pulseLength                   
200022d8  right_calibration_value       
200022dc  risingEdge                    
000024bd  scalbn                        
000024bd  scalbnl                       
00001eb5  servo_init                    
00001f45  servo_move                    
00001fa5  servo_setPWM                  
00001f39  servo_stop                    
000016fd  set_cmndFlag                  
00002fa9  strchr                        
00002f91  strcmp                        
00002fbf  strcpy                        
00002fd3  strlen                        
000015d3  timer_getMicros               
0000157b  timer_getMillis               
000014b5  timer_init                    
00001557  timer_pause                   
00001569  timer_resume                  
0000152d  timer_stop                    
0000162d  timer_waitMicros              
0000165f  timer_waitMillis              
00001717  uart_interrupt_init           
00001855  uart_receive                  
00001841  uart_sendChar                 
00001869  uart_sendStr                  
00002de1  vsnprintf                     
00002fe7  wcslen                        


GLOBAL SYMBOLS: SORTED BY Symbol Address 

address   name                          
-------   ----                          
00000000  __TI_static_base__            
00000000  g_pfnVectors                  
0000026d  __TI_printfi                  
00000cbb  __aeabi_idiv0                 
00000cbb  __aeabi_ldiv0                 
00000cbd  lcd_reverseNibble             
00000cf9  lcd_init                      
00000db9  lcd_putc                      
00000df1  lcd_puts                      
00000e0f  lcd_sendCommand               
00000e4d  lcd_sendNibble                
00000e91  lcd_gotoLine                  
00000eb9  lcd_setCursorPos              
00000ef7  lcd_printf                    
00001000  __STACK_SIZE                  
00001000  __SYSMEM_SIZE                 
00001255  cyBOT_scan_version            
00001263  cyBOT_init_Scan               
000012bb  cyBOT_Scan                    
0000132d  cyBOT_SERVO_cal               
000014b5  timer_init                    
0000152d  timer_stop                    
00001557  timer_pause                   
00001569  timer_resume                  
0000157b  timer_getMillis               
000015d3  timer_getMicros               
0000162d  timer_waitMicros              
0000165f  timer_waitMillis              
000016fd  set_cmndFlag                  
00001717  uart_interrupt_init           
00001841  uart_sendChar                 
00001855  uart_receive                  
00001869  uart_sendStr                  
00001887  UART1_Handler                 
00001941  ping_init                     
000019c7  ping_trigger                  
00001a31  TIMER3B_Handler               
00001a83  ping_getDistance              
00001cfd  __aeabi_dsub                  
00001d07  __aeabi_dadd                  
00001eb5  servo_init                    
00001f39  servo_stop                    
00001f45  servo_move                    
00001fa5  servo_setPWM                  
00002149  __aeabi_ddiv                  
000023a5  ir_init                       
0000240d  ir_getValue                   
00002435  ir_getDistance                
0000243d  ADC0SS0_Handler               
00002453  ir_enableInterrupt            
000024bd  ldexp                         
000024bd  ldexpl                        
000024bd  scalbn                        
000024bd  scalbnl                       
000025cd  __aeabi_dmul                  
0000277d  main                          
00002819  __aeabi_memcpy                
00002819  __aeabi_memcpy4               
00002819  __aeabi_memcpy8               
00002819  memcpy                        
000028b5  __aeabi_uldivmod              
0000294b  __aeabi_cdcmpeq               
0000294b  __aeabi_cdcmple               
000029d1  __aeabi_cdrcmple              
00002a57  __aeabi_memclr                
00002a57  __aeabi_memclr4               
00002a57  __aeabi_memclr8               
00002a59  __aeabi_memset                
00002a59  __aeabi_memset4               
00002a59  __aeabi_memset8               
00002a5f  memset                        
00002b3f  __TI_decompress_lzss          
00002ba9  frexp                         
00002ba9  frexpl                        
00002c63  __TI_ltoa                     
00002d09  atoi                          
00002d55  __aeabi_d2iz                  
00002d9d  __TI_auto_init_nobinit_nopinit
00002de1  vsnprintf                     
00002e61  IntRegister                   
00002e95  _c_int00_noargs               
00002ef9  __aeabi_i2d                   
00002f27  __TI_zero_init_nomemset       
00002f43  memccpy                       
00002f5f  copysign                      
00002f5f  copysignl                     
00002f91  strcmp                        
00002fa9  strchr                        
00002fbf  strcpy                        
00002fd3  strlen                        
00002fe7  wcslen                        
00002ff9  IntMasterEnable               
00003009  lcd_clear                     
00003019  __TI_decompress_none          
00003027  CPUcpsie                      
00003033  ResetISR                      
00003041  __aeabi_errno_addr            
00003049  _system_pre_init              
0000304d  C$$EXIT                       
0000304d  abort                         
00003050  _ctypes_                      
00003160  __TI_Handler_Table_Base       
0000316c  __TI_Handler_Table_Limit      
00003188  __TI_CINIT_Base               
000031a0  __TI_CINIT_Limit              
20000000  __start___llvm_prf_cnts       
20000000  __stop___llvm_prf_cnts        
20000000  g_pfnRAMVectors               
20000270  __stack                       
20000470  __STACK_TOP                   
20001270  __STACK_END                   
20001270  _sys_memory                   
200022c4  _timeout_ticks                
200022c8  fallingEdge                   
200022cc  isr_int_value                 
200022d0  left_calibration_value        
200022d4  pulseLength                   
200022d8  right_calibration_value       
200022dc  risingEdge                    
200022e0  isRisingEdge                  
200022e4  command_byte                  
200022e8  command_flag                  
200022ec  cyBOT_scan_features           
200022f0  errno                         
200022f4  _running                      
ffffffff  __TI_pprof_out_hndl           
ffffffff  __TI_prof_data_size           
ffffffff  __TI_prof_data_start          
ffffffff  __binit__                     
ffffffff  __c_args__                    
ffffffff  binit                         
UNDEFED   __mpu_init                    
UNDEFED   _system_post_cinit            

[133 symbols]
