******************************************************************************
                  TI ARM Linker PC v20.2.7                     
******************************************************************************
>> Linked Mon Mar 31 21:13:52 2025

OUTPUT FILE NAME:   <Lab7.out>
ENTRY POINT SYMBOL: "_c_int00_noargs"  address: 0000811d


MEMORY CONFIGURATION

         name            origin    length      used     unused   attr    fill
----------------------  --------  ---------  --------  --------  ----  --------
  FLASH                 00000000   00040000  0000874b  000378b5  R  X
  SRAM                  20000000   00008000  0000234e  00005cb2  RW X


SEGMENT ALLOCATION MAP

run origin  load origin   length   init length attrs members
----------  ----------- ---------- ----------- ----- -------
00000000    00000000    00008750   00008750    r-x
  00000000    00000000    0000026c   0000026c    r-- .intvecs
  0000026c    0000026c    0000815c   0000815c    r-x .text
  000083c8    000083c8    00000323   00000323    r-- .const
  000086f0    000086f0    00000060   00000060    r-- .cinit
20000000    20000000    00002355   00000000    rw-
  20000000    20000000    0000026c   00000000    rw- .vtable
  20000270    20000270    00001000   00000000    rw- .stack
  20001270    20001270    00001000   00000000    rw- .sysmem
  20002270    20002270    00000089   00000000    rw- .bss
  200022fc    200022fc    00000059   00000000    rw- .data


SECTION ALLOCATION MAP

 output                                  attributes/
section   page    origin      length       input sections
--------  ----  ----------  ----------   ----------------
.intvecs   0    00000000    0000026c     
                  00000000    0000026c     tm4c123gh6pm_startup_ccs.obj (.intvecs)

.text      0    0000026c    0000815c     
                  0000026c    00000c20     open_interface.obj (.text)
                  00000e8c    00000a4e     rtsv7M4_T_le_v4SPD16_eabi.lib : _printfi.c.obj (.text:__TI_printfi)
                  000018da    00000002                                   : _lock.c.obj (.text:_nop)
                  000018dc    000009d0                                   : e_pow.c.obj (.text:pow)
                  000022ac    00000738                                   : k_rem_pio2.c.obj (.text:__kernel_rem_pio2)
                  000029e4    00000720     find_objects.obj (.text)
                  00003104    000006fc     main.obj (.text)
                  00003800    00000648     move.obj (.text)
                  00003e48    000005e0     rtsv7M4_T_le_v4SPD16_eabi.lib : s_sin.c.obj (.text:sin)
                  00004428    000005dc                                   : s_cos.c.obj (.text:cos)
                  00004a04    00000508                                   : s_tan.c.obj (.text:tan)
                  00004f0c    0000041c                                   : e_acos.c.obj (.text:acos)
                  00005328    00000328     lcd.obj (.text)
                  00005650    0000031c     rtsv7M4_T_le_v4SPD16_eabi.lib : k_tan.c.obj (.text:__kernel_tan)
                  0000596c    00000270                                   : _printfi.c.obj (.text:_pconv_a)
                  00005bdc    00000260     libcybotScan.lib : cyBot_Scan.obj (.text)
                  00005e3c    0000024c     uart-interrupt.obj (.text)
                  00006088    00000248     Timer.obj (.text)
                  000062d0    000001ec     libcybotScan.lib : ping.obj (.text)
                  000064bc    000001d0     rtsv7M4_T_le_v4SPD16_eabi.lib : _printfi.c.obj (.text:_pconv_g)
                  0000668c    000001b6                                   : fd_add_t2.asm.obj (.text)
                  00006842    00000002                                   : div0.asm.obj (.text)
                  00006844    00000174                                   : k_sin.c.obj (.text:__kernel_sin)
                  000069b8    00000170                                   : k_cos.c.obj (.text:__kernel_cos)
                  00006b28    00000158     libcybotScan.lib : servo.obj (.text)
                  00006c80    00000158     rtsv7M4_T_le_v4SPD16_eabi.lib : e_sqrt.c.obj (.text:sqrt)
                  00006dd8    0000013c                                   : _printfi.c.obj (.text:_pconv_e)
                  00006f14    00000136                                   : fd_div_t2.asm.obj (.text)
                  0000704a    00000002     --HOLE-- [fill = 0]
                  0000704c    00000124                                   : _printfi.c.obj (.text:fcvt)
                  00007170    00000118     libcybotScan.lib : ir.obj (.text)
                  00007288    00000110     rtsv7M4_T_le_v4SPD16_eabi.lib : s_scalbn.c.obj (.text:scalbn)
                  00007398    00000100                                   : memory.c.obj (.text:aligned_alloc)
                  00007498    000000fc                                   : fd_mul_t2.asm.obj (.text)
                  00007594    000000f8                                   : s_floor.c.obj (.text:floor)
                  0000768c    000000e4                                   : memory.c.obj (.text:free)
                  00007770    000000e4                                   : memory.c.obj (.text:realloc)
                  00007854    000000b1                                   : _printfi.c.obj (.text:_ltostr)
                  00007905    00000001     --HOLE-- [fill = 0]
                  00007906    0000009c                                   : memcpy_t2.asm.obj (.text)
                  000079a2    00000096                                   : ull_div_t2.asm.obj (.text)
                  00007a38    00000086                                   : fd_cmp_t2.asm.obj (.text:__aeabi_cdcmple)
                  00007abe    00000086                                   : fd_cmp_t2.asm.obj (.text:__aeabi_cdrcmple)
                  00007b44    0000007a                                   : memset_t2.asm.obj (.text)
                  00007bbe    00000002     --HOLE-- [fill = 0]
                  00007bc0    00000070                                   : memory.c.obj (.text:split)
                  00007c30    0000006e                                   : _printfi.c.obj (.text:_mcpy)
                  00007c9e    0000006e                                   : fd_tos_t2.asm.obj (.text)
                  00007d0c    00000068                                   : copy_decompress_lzss.c.obj (.text:decompress:lzss:__TI_decompress_lzss)
                  00007d74    00000064                                   : s_frexp.c.obj (.text:frexp)
                  00007dd8    00000056                                   : _printfi.c.obj (.text:_pconv_f)
                  00007e2e    00000054                                   : _ltoa.c.obj (.text:__TI_ltoa)
                  00007e82    00000052                                   : _printfi.c.obj (.text:_ecpy)
                  00007ed4    0000004c                                   : atoi.c.obj (.text:atoi)
                  00007f20    0000004c                                   : snprintf.c.obj (.text:snprintf)
                  00007f6c    00000048                                   : fd_toi_t2.asm.obj (.text)
                  00007fb4    00000044                                   : autoinit.c.obj (.text:__TI_auto_init_nobinit_nopinit:__TI_auto_init_nobinit_nopinit)
                  00007ff8    00000040                                   : vsnprintf.c.obj (.text:vsnprintf)
                  00008038    0000003e                                   : _printfi.c.obj (.text:_fcpy)
                  00008076    00000002     --HOLE-- [fill = 0]
                  00008078    00000038                                   : memory.c.obj (.text:calloc)
                  000080b0    00000038                                   : fs_tod_t2.asm.obj (.text)
                  000080e8    00000034     driverlib.lib : interrupt.obj (.text:IntRegister)
                  0000811c    00000034     rtsv7M4_T_le_v4SPD16_eabi.lib : boot_cortex_m.c.obj (.text:_c_int00_noargs:_c_int00_noargs)
                  00008150    00000030                                   : snprintf.c.obj (.text:_outs)
                  00008180    00000030                                   : vsnprintf.c.obj (.text:_outs)
                  000081b0    0000002e                                   : i_tofd_t2.asm.obj (.text)
                  000081de    00000002     --HOLE-- [fill = 0]
                  000081e0    00000028                                   : memory.c.obj (.text:free_list_insert)
                  00008208    00000024     move.obj (.text:turned_right)
                  0000822c    00000020     rtsv7M4_T_le_v4SPD16_eabi.lib : u_tofd_t2.asm.obj (.text)
                  0000824c    0000001c                                   : copy_zero_init.c.obj (.text:decompress:ZI:__TI_zero_init_nomemset:__TI_zero_init_nomemset)
                  00008268    0000001c                                   : memory.c.obj (.text:free_list_remove)
                  00008284    0000001c                                   : memccpy.c.obj (.text:memccpy)
                  000082a0    0000001a                                   : s_copysign.c.obj (.text:copysign)
                  000082ba    00000018                                   : snprintf.c.obj (.text:_outc)
                  000082d2    00000018                                   : vsnprintf.c.obj (.text:_outc)
                  000082ea    00000018     open_interface.obj (.text:oi_parseInt)
                  00008302    00000018     rtsv7M4_T_le_v4SPD16_eabi.lib : strcmp.c.obj (.text:strcmp)
                  0000831a    00000016                                   : strchr.c.obj (.text:strchr)
                  00008330    00000014                                   : strcpy.c.obj (.text:strcpy)
                  00008344    00000014                                   : strlen.c.obj (.text:strlen)
                  00008358    00000012                                   : wcslen.c.obj (.text:wcslen)
                  0000836a    00000010     driverlib.lib : interrupt.obj (.text:IntMasterEnable)
                  0000837a    00000010     lcd.obj (.text:lcd_clear)
                  0000838a    0000000e     rtsv7M4_T_le_v4SPD16_eabi.lib : copy_decompress_none.c.obj (.text:decompress:none:__TI_decompress_none)
                  00008398    0000000c     driverlib.lib : cpu.obj (.text:CPUcpsie)
                  000083a4    0000000c     tm4c123gh6pm_startup_ccs.obj (.text)
                  000083b0    00000008     rtsv7M4_T_le_v4SPD16_eabi.lib : errno.c.obj (.text:__aeabi_errno_addr)
                  000083b8    00000008                                   : memory.c.obj (.text:malloc)
                  000083c0    00000004                                   : pre_init.c.obj (.text:_system_pre_init)
                  000083c4    00000004                                   : exit.c.obj (.text:abort:abort)

.const     0    000083c8    00000323     
                  000083c8    00000158     rtsv7M4_T_le_v4SPD16_eabi.lib : k_rem_pio2.c.obj (.const:$O1$$)
                  00008520    00000101                                   : ctype.c.obj (.const:.string:_ctypes_)
                  00008621    00000004     lcd.obj (.const:.string:lineAddress$1)
                  00008625    00000003     --HOLE-- [fill = 0]
                  00008628    00000080     rtsv7M4_T_le_v4SPD16_eabi.lib : k_tan.c.obj (.const:xxx)
                  000086a8    00000030                                   : e_pow.c.obj (.const:$O1$$)
                  000086d8    0000000f     open_interface.obj (.const:.string:$P$T0$3)
                  000086e7    00000004     lcd.obj (.const:.string:lineAddresses$2)

.cinit     0    000086f0    00000060     
                  000086f0    0000002a     (.cinit..data.load) [load image, compression = lzss]
                  0000871a    00000002     --HOLE-- [fill = 0]
                  0000871c    0000000c     (__TI_handler_table)
                  00008728    00000008     (.cinit..bss.load) [load image, compression = zero_init]
                  00008730    00000008     (.cinit..vtable.load) [load image, compression = zero_init]
                  00008738    00000018     (__TI_cinit_table)

.init_array 
*          0    00000000    00000000     UNINITIALIZED

.vtable    0    20000000    0000026c     UNINITIALIZED
                  20000000    0000026c     driverlib.lib : interrupt.obj (.vtable)

.stack     0    20000270    00001000     UNINITIALIZED
                  20000270    00000004     rtsv7M4_T_le_v4SPD16_eabi.lib : boot_cortex_m.c.obj (.stack)
                  20000274    00000ffc     --HOLE--

.sysmem    0    20001270    00001000     UNINITIALIZED
                  20001270    00000010     rtsv7M4_T_le_v4SPD16_eabi.lib : memory.c.obj (.sysmem)
                  20001280    00000ff0     --HOLE--

.bss       0    20002270    00000089     UNINITIALIZED
                  20002270    00000054     lcd.obj (.bss:lastbuffer$3)
                  200022c4    00000018     open_interface.obj (.bss:firmware$2)
                  200022dc    00000004     (.common:_timeout_ticks)
                  200022e0    00000004     (.common:fallingEdge)
                  200022e4    00000004     (.common:isr_int_value)
                  200022e8    00000004     (.common:left_calibration_value)
                  200022ec    00000004     (.common:pulseLength)
                  200022f0    00000004     (.common:right_calibration_value)
                  200022f4    00000004     (.common:risingEdge)
                  200022f8    00000001     (.common:isRisingEdge)

.data      0    200022fc    00000059     UNINITIALIZED
                  200022fc    00000020     open_interface.obj (.data)
                  2000231c    00000008     rtsv7M4_T_le_v4SPD16_eabi.lib : _lock.c.obj (.data:$O1$$)
                  20002324    00000008                                   : memory.c.obj (.data:$O1$$)
                  2000232c    00000008     move.obj (.data:current_coord)
                  20002334    00000008     move.obj (.data)
                  2000233c    00000008     move.obj (.data:target_coord)
                  20002344    00000008     uart-interrupt.obj (.data)
                  2000234c    00000004     libcybotScan.lib : cyBot_Scan.obj (.data)
                  20002350    00000004     rtsv7M4_T_le_v4SPD16_eabi.lib : errno.c.obj (.data)
                  20002354    00000001     Timer.obj (.data)

__llvm_prf_cnts 
*          0    20000000    00000000     UNINITIALIZED

MODULE SUMMARY

       Module                         code    ro data   rw data
       ------                         ----    -------   -------
    .\
       open_interface.obj             3128    15        56     
       find_objects.obj               1824    0         8      
       main.obj                       1788    0         0      
       move.obj                       1644    0         24     
       lcd.obj                        824     8         84     
       tm4c123gh6pm_startup_ccs.obj   12      620       0      
       uart-interrupt.obj             588     0         8      
       Timer.obj                      584     0         5      
    +--+------------------------------+-------+---------+---------+
       Total:                         10392   643       185    
                                                               
    ../libcybotScan.lib
       cyBot_Scan.obj                 608     0         4      
       ping.obj                       492     0         13     
       servo.obj                      344     0         0      
       ir.obj                         280     0         4      
    +--+------------------------------+-------+---------+---------+
       Total:                         1724    0         21     
                                                               
    C:/ti/TivaWare_C_Series-2.2.0.295/driverlib/ccs/Debug/driverlib.lib
       interrupt.obj                  68      0         620    
       cpu.obj                        12      0         0      
    +--+------------------------------+-------+---------+---------+
       Total:                         80      0         620    
                                                               
    C:\ti\ccs1271\ccs\tools\compiler\ti-cgt-arm_20.2.7.LTS\lib\rtsv7M4_T_le_v4SPD16_eabi.lib
       _printfi.c.obj                 4851    0         0      
       e_pow.c.obj                    2512    48        0      
       k_rem_pio2.c.obj               1848    344       0      
       s_sin.c.obj                    1504    0         0      
       s_cos.c.obj                    1500    0         0      
       s_tan.c.obj                    1288    0         0      
       e_acos.c.obj                   1052    0         0      
       memory.c.obj                   956     0         8      
       k_tan.c.obj                    796     128       0      
       fd_add_t2.asm.obj              438     0         0      
       k_sin.c.obj                    372     0         0      
       k_cos.c.obj                    368     0         0      
       e_sqrt.c.obj                   344     0         0      
       fd_div_t2.asm.obj              310     0         0      
       s_scalbn.c.obj                 272     0         0      
       fd_cmp_t2.asm.obj              268     0         0      
       ctype.c.obj                    0       257       0      
       fd_mul_t2.asm.obj              252     0         0      
       s_floor.c.obj                  248     0         0      
       memcpy_t2.asm.obj              156     0         0      
       ull_div_t2.asm.obj             150     0         0      
       snprintf.c.obj                 148     0         0      
       vsnprintf.c.obj                136     0         0      
       memset_t2.asm.obj              122     0         0      
       fd_tos_t2.asm.obj              110     0         0      
       copy_decompress_lzss.c.obj     104     0         0      
       s_frexp.c.obj                  100     0         0      
       _ltoa.c.obj                    84      0         0      
       atoi.c.obj                     76      0         0      
       fd_toi_t2.asm.obj              72      0         0      
       autoinit.c.obj                 68      0         0      
       fs_tod_t2.asm.obj              56      0         0      
       boot_cortex_m.c.obj            52      0         0      
       i_tofd_t2.asm.obj              46      0         0      
       u_tofd_t2.asm.obj              32      0         0      
       copy_zero_init.c.obj           28      0         0      
       memccpy.c.obj                  28      0         0      
       s_copysign.c.obj               26      0         0      
       strcmp.c.obj                   24      0         0      
       strchr.c.obj                   22      0         0      
       strcpy.c.obj                   20      0         0      
       strlen.c.obj                   20      0         0      
       wcslen.c.obj                   18      0         0      
       copy_decompress_none.c.obj     14      0         0      
       errno.c.obj                    8       0         4      
       _lock.c.obj                    2       0         8      
       exit.c.obj                     4       0         0      
       pre_init.c.obj                 4       0         0      
       div0.asm.obj                   2       0         0      
    +--+------------------------------+-------+---------+---------+
       Total:                         20911   777       20     
                                                               
       Heap:                          0       0         4096   
       Stack:                         0       0         4096   
       Linker Generated:              0       94        0      
    +--+------------------------------+-------+---------+---------+
       Grand Total:                   33107   1514      9038   


LINKER GENERATED COPY TABLES

__TI_cinit_table @ 00008738 records: 3, size/record: 8, table size: 24
	.data: load addr=000086f0, load size=0000002a bytes, run addr=200022fc, run size=00000059 bytes, compression=lzss
	.bss: load addr=00008728, load size=00000008 bytes, run addr=20002270, run size=00000089 bytes, compression=zero_init
	.vtable: load addr=00008730, load size=00000008 bytes, run addr=20000000, run size=0000026c bytes, compression=zero_init


LINKER GENERATED HANDLER TABLE

__TI_handler_table @ 0000871c records: 3, size/record: 4, table size: 12
	index: 0, handler: __TI_zero_init
	index: 1, handler: __TI_decompress_lzss
	index: 2, handler: __TI_decompress_none


GLOBAL SYMBOLS: SORTED ALPHABETICALLY BY Name 

address   name                          
-------   ----                          
00007209  ADC0SS0_Handler               
000083c5  C$$EXIT                       
00008399  CPUcpsie                      
00000bc3  GPIOF_Handler                 
0000836b  IntMasterEnable               
000080e9  IntRegister                   
000083a5  ResetISR                      
000063c1  TIMER3B_Handler               
00005fcf  UART1_Handler                 
20001270  __STACK_END                   
00001000  __STACK_SIZE                  
20000470  __STACK_TOP                   
00001000  __SYSMEM_SIZE                 
00008738  __TI_CINIT_Base               
00008750  __TI_CINIT_Limit              
0000871c  __TI_Handler_Table_Base       
00008728  __TI_Handler_Table_Limit      
00007fb5  __TI_auto_init_nobinit_nopinit
00007d0d  __TI_decompress_lzss          
0000838b  __TI_decompress_none          
00007e2f  __TI_ltoa                     
ffffffff  __TI_pprof_out_hndl           
00000e8d  __TI_printfi                  
ffffffff  __TI_prof_data_size           
ffffffff  __TI_prof_data_start          
00000000  __TI_static_base__            
0000824d  __TI_zero_init_nomemset       
00007a39  __aeabi_cdcmpeq               
00007a39  __aeabi_cdcmple               
00007abf  __aeabi_cdrcmple              
00007c9f  __aeabi_d2f                   
00007f6d  __aeabi_d2iz                  
00006697  __aeabi_dadd                  
00006f15  __aeabi_ddiv                  
00007499  __aeabi_dmul                  
0000668d  __aeabi_dsub                  
000083b1  __aeabi_errno_addr            
000080b1  __aeabi_f2d                   
000081b1  __aeabi_i2d                   
00006843  __aeabi_idiv0                 
00006843  __aeabi_ldiv0                 
00007b45  __aeabi_memclr                
00007b45  __aeabi_memclr4               
00007b45  __aeabi_memclr8               
00007907  __aeabi_memcpy                
00007907  __aeabi_memcpy4               
00007907  __aeabi_memcpy8               
00007b47  __aeabi_memset                
00007b47  __aeabi_memset4               
00007b47  __aeabi_memset8               
0000822d  __aeabi_ui2d                  
000079a3  __aeabi_uldivmod              
ffffffff  __binit__                     
ffffffff  __c_args__                    
000069b9  __kernel_cos                  
000022ad  __kernel_rem_pio2             
00006845  __kernel_sin                  
00005651  __kernel_tan                  
UNDEFED   __mpu_init                    
20000270  __stack                       
20000000  __start___llvm_prf_cnts       
20000000  __stop___llvm_prf_cnts        
0000811d  _c_int00_noargs               
00008520  _ctypes_                      
2000231c  _lock                         
000018db  _nop                          
20002354  _running                      
20001270  _sys_memory                   
UNDEFED   _system_post_cinit            
000083c1  _system_pre_init              
200022dc  _timeout_ticks                
20002320  _unlock                       
000083c5  abort                         
00004f0d  acos                          
00004f0d  acosl                         
00002df9  add_dataPoint                 
00002b6f  add_obj                       
00007399  aligned_alloc                 
00003895  angle_to_target               
00007ed5  atoi                          
00003299  avg_obj_dist                  
000032fb  batt_percent_charge           
ffffffff  binit                         
00008079  calloc                        
20002344  command_byte                  
20002348  command_flag                  
000082a1  copysign                      
000082a1  copysignl                     
00004429  cos                           
00004429  cosl                          
20002338  current_angle                 
2000232c  current_coord                 
00005cb5  cyBOT_SERVO_cal               
00005c43  cyBOT_Scan                    
00005beb  cyBOT_init_Scan               
2000234c  cyBOT_scan_features           
00005bdd  cyBOT_scan_version            
00003325  display_charge                
00003801  dist_to_target                
20002350  errno                         
200022e0  fallingEdge                   
00002ab7  findMax                       
00002b13  findMin                       
000029e5  findSmallestObj               
00007595  floor                         
00007595  floorl                        
0000768d  free                          
00002e9f  free_dataPoints               
00002ebb  free_objs                     
00007d75  frexp                         
00007d75  frexpl                        
20000000  g_pfnRAMVectors               
00000000  g_pfnVectors                  
00002f2d  getObjects                    
00003469  get_dest_coord                
0000335b  get_obj_coord                 
0000097f  go_charge                     
0000721f  ir_enableInterrupt            
00002bed  ir_findObj                    
00007201  ir_getDistance                
000071d9  ir_getValue                   
00007171  ir_init                       
200022f8  isRisingEdge                  
200022e4  isr_int_value                 
0000837b  lcd_clear                     
000054fd  lcd_gotoLine                  
00005365  lcd_init                      
00005563  lcd_printf                    
00005425  lcd_putc                      
0000545d  lcd_puts                      
00005329  lcd_reverseNibble             
0000547b  lcd_sendCommand               
000054b9  lcd_sendNibble                
00005525  lcd_setCursorPos              
00007289  ldexp                         
00007289  ldexpl                        
200022e8  left_calibration_value        
00003599  main                          
000083b9  malloc                        
00007399  memalign                      
00008285  memccpy                       
00007907  memcpy                        
00007b4d  memset                        
200022fc  motor_cal_factor_L            
20002300  motor_cal_factor_R            
00003db5  move_backward                 
00003c81  move_forward                  
00003d4d  move_to_target_coord          
00002ed7  moving_avg                    
00002a55  obj_width                     
0000026d  oi_alloc                      
00000aa9  oi_checkFirmware              
000002c7  oi_close                      
00000279  oi_free                       
00000ded  oi_getMotorCalibrationLeft    
00000e01  oi_getMotorCalibrationRight   
000002b1  oi_init                       
00000289  oi_init_noupdate              
00000915  oi_loadSong                   
000082eb  oi_parseInt                   
0000032b  oi_parsePacket                
0000096b  oi_play_song                  
0000084b  oi_setLeds                    
00000db1  oi_setMotorCalibration        
0000088f  oi_setWheels                  
00000b51  oi_shutoff_init               
0000098d  oi_uartInit                   
00000a31  oi_uartReceive                
00000a77  oi_uartSendBuff               
00000a15  oi_uartSendChar               
00000a59  oi_uartSendStr                
000002d9  oi_update                     
00003129  on_bump                       
00006413  ping_getDistance              
000062d1  ping_init                     
00006357  ping_trigger                  
000018dd  pow                           
000018dd  powl                          
0000320b  print_objects                 
200022ec  pulseLength                   
00007771  realloc                       
00003881  reset_origin                  
200022f0  right_calibration_value       
200022f4  risingEdge                    
00007289  scalbn                        
00007289  scalbnl                       
00006b29  servo_init                    
00006bb9  servo_move                    
00006c19  servo_setPWM                  
00006bad  servo_stop                    
00005e3d  set_cmnd                      
00003a21  set_speed                     
00003a35  set_target_coord              
00003e49  sin                           
00003e49  sinl                          
00007f21  snprintf                      
20002334  spd                           
00006c81  sqrt                          
00006c81  sqrtl                         
00003105  stop_event                    
0000831b  strchr                        
00008303  strcmp                        
00008331  strcpy                        
00008345  strlen                        
00004a05  tan                           
00004a05  tanl                          
2000233c  target_coord                  
000061a7  timer_getMicros               
0000614f  timer_getMillis               
00006089  timer_init                    
0000612b  timer_pause                   
0000613d  timer_resume                  
00006101  timer_stop                    
00006201  timer_waitMicros              
00006233  timer_waitMillis              
00003b59  turn_left                     
00003bf5  turn_right                    
00003d19  turn_to_target_coord          
00003a4f  turned_left                   
00008209  turned_right                  
00005e57  uart_interrupt_init           
00005f9d  uart_receive                  
00005f81  uart_sendChar                 
00005fb1  uart_sendStr                  
00003a71  update_position               
00007ff9  vsnprintf                     
00008359  wcslen                        


GLOBAL SYMBOLS: SORTED BY Symbol Address 

address   name                          
-------   ----                          
00000000  __TI_static_base__            
00000000  g_pfnVectors                  
0000026d  oi_alloc                      
00000279  oi_free                       
00000289  oi_init_noupdate              
000002b1  oi_init                       
000002c7  oi_close                      
000002d9  oi_update                     
0000032b  oi_parsePacket                
0000084b  oi_setLeds                    
0000088f  oi_setWheels                  
00000915  oi_loadSong                   
0000096b  oi_play_song                  
0000097f  go_charge                     
0000098d  oi_uartInit                   
00000a15  oi_uartSendChar               
00000a31  oi_uartReceive                
00000a59  oi_uartSendStr                
00000a77  oi_uartSendBuff               
00000aa9  oi_checkFirmware              
00000b51  oi_shutoff_init               
00000bc3  GPIOF_Handler                 
00000db1  oi_setMotorCalibration        
00000ded  oi_getMotorCalibrationLeft    
00000e01  oi_getMotorCalibrationRight   
00000e8d  __TI_printfi                  
00001000  __STACK_SIZE                  
00001000  __SYSMEM_SIZE                 
000018db  _nop                          
000018dd  pow                           
000018dd  powl                          
000022ad  __kernel_rem_pio2             
000029e5  findSmallestObj               
00002a55  obj_width                     
00002ab7  findMax                       
00002b13  findMin                       
00002b6f  add_obj                       
00002bed  ir_findObj                    
00002df9  add_dataPoint                 
00002e9f  free_dataPoints               
00002ebb  free_objs                     
00002ed7  moving_avg                    
00002f2d  getObjects                    
00003105  stop_event                    
00003129  on_bump                       
0000320b  print_objects                 
00003299  avg_obj_dist                  
000032fb  batt_percent_charge           
00003325  display_charge                
0000335b  get_obj_coord                 
00003469  get_dest_coord                
00003599  main                          
00003801  dist_to_target                
00003881  reset_origin                  
00003895  angle_to_target               
00003a21  set_speed                     
00003a35  set_target_coord              
00003a4f  turned_left                   
00003a71  update_position               
00003b59  turn_left                     
00003bf5  turn_right                    
00003c81  move_forward                  
00003d19  turn_to_target_coord          
00003d4d  move_to_target_coord          
00003db5  move_backward                 
00003e49  sin                           
00003e49  sinl                          
00004429  cos                           
00004429  cosl                          
00004a05  tan                           
00004a05  tanl                          
00004f0d  acos                          
00004f0d  acosl                         
00005329  lcd_reverseNibble             
00005365  lcd_init                      
00005425  lcd_putc                      
0000545d  lcd_puts                      
0000547b  lcd_sendCommand               
000054b9  lcd_sendNibble                
000054fd  lcd_gotoLine                  
00005525  lcd_setCursorPos              
00005563  lcd_printf                    
00005651  __kernel_tan                  
00005bdd  cyBOT_scan_version            
00005beb  cyBOT_init_Scan               
00005c43  cyBOT_Scan                    
00005cb5  cyBOT_SERVO_cal               
00005e3d  set_cmnd                      
00005e57  uart_interrupt_init           
00005f81  uart_sendChar                 
00005f9d  uart_receive                  
00005fb1  uart_sendStr                  
00005fcf  UART1_Handler                 
00006089  timer_init                    
00006101  timer_stop                    
0000612b  timer_pause                   
0000613d  timer_resume                  
0000614f  timer_getMillis               
000061a7  timer_getMicros               
00006201  timer_waitMicros              
00006233  timer_waitMillis              
000062d1  ping_init                     
00006357  ping_trigger                  
000063c1  TIMER3B_Handler               
00006413  ping_getDistance              
0000668d  __aeabi_dsub                  
00006697  __aeabi_dadd                  
00006843  __aeabi_idiv0                 
00006843  __aeabi_ldiv0                 
00006845  __kernel_sin                  
000069b9  __kernel_cos                  
00006b29  servo_init                    
00006bad  servo_stop                    
00006bb9  servo_move                    
00006c19  servo_setPWM                  
00006c81  sqrt                          
00006c81  sqrtl                         
00006f15  __aeabi_ddiv                  
00007171  ir_init                       
000071d9  ir_getValue                   
00007201  ir_getDistance                
00007209  ADC0SS0_Handler               
0000721f  ir_enableInterrupt            
00007289  ldexp                         
00007289  ldexpl                        
00007289  scalbn                        
00007289  scalbnl                       
00007399  aligned_alloc                 
00007399  memalign                      
00007499  __aeabi_dmul                  
00007595  floor                         
00007595  floorl                        
0000768d  free                          
00007771  realloc                       
00007907  __aeabi_memcpy                
00007907  __aeabi_memcpy4               
00007907  __aeabi_memcpy8               
00007907  memcpy                        
000079a3  __aeabi_uldivmod              
00007a39  __aeabi_cdcmpeq               
00007a39  __aeabi_cdcmple               
00007abf  __aeabi_cdrcmple              
00007b45  __aeabi_memclr                
00007b45  __aeabi_memclr4               
00007b45  __aeabi_memclr8               
00007b47  __aeabi_memset                
00007b47  __aeabi_memset4               
00007b47  __aeabi_memset8               
00007b4d  memset                        
00007c9f  __aeabi_d2f                   
00007d0d  __TI_decompress_lzss          
00007d75  frexp                         
00007d75  frexpl                        
00007e2f  __TI_ltoa                     
00007ed5  atoi                          
00007f21  snprintf                      
00007f6d  __aeabi_d2iz                  
00007fb5  __TI_auto_init_nobinit_nopinit
00007ff9  vsnprintf                     
00008079  calloc                        
000080b1  __aeabi_f2d                   
000080e9  IntRegister                   
0000811d  _c_int00_noargs               
000081b1  __aeabi_i2d                   
00008209  turned_right                  
0000822d  __aeabi_ui2d                  
0000824d  __TI_zero_init_nomemset       
00008285  memccpy                       
000082a1  copysign                      
000082a1  copysignl                     
000082eb  oi_parseInt                   
00008303  strcmp                        
0000831b  strchr                        
00008331  strcpy                        
00008345  strlen                        
00008359  wcslen                        
0000836b  IntMasterEnable               
0000837b  lcd_clear                     
0000838b  __TI_decompress_none          
00008399  CPUcpsie                      
000083a5  ResetISR                      
000083b1  __aeabi_errno_addr            
000083b9  malloc                        
000083c1  _system_pre_init              
000083c5  C$$EXIT                       
000083c5  abort                         
00008520  _ctypes_                      
0000871c  __TI_Handler_Table_Base       
00008728  __TI_Handler_Table_Limit      
00008738  __TI_CINIT_Base               
00008750  __TI_CINIT_Limit              
20000000  __start___llvm_prf_cnts       
20000000  __stop___llvm_prf_cnts        
20000000  g_pfnRAMVectors               
20000270  __stack                       
20000470  __STACK_TOP                   
20001270  __STACK_END                   
20001270  _sys_memory                   
200022dc  _timeout_ticks                
200022e0  fallingEdge                   
200022e4  isr_int_value                 
200022e8  left_calibration_value        
200022ec  pulseLength                   
200022f0  right_calibration_value       
200022f4  risingEdge                    
200022f8  isRisingEdge                  
200022fc  motor_cal_factor_L            
20002300  motor_cal_factor_R            
2000231c  _lock                         
20002320  _unlock                       
2000232c  current_coord                 
20002334  spd                           
20002338  current_angle                 
2000233c  target_coord                  
20002344  command_byte                  
20002348  command_flag                  
2000234c  cyBOT_scan_features           
20002350  errno                         
20002354  _running                      
ffffffff  __TI_pprof_out_hndl           
ffffffff  __TI_prof_data_size           
ffffffff  __TI_prof_data_start          
ffffffff  __binit__                     
ffffffff  __c_args__                    
ffffffff  binit                         
UNDEFED   __mpu_init                    
UNDEFED   _system_post_cinit            

[227 symbols]
