******************************************************************************
                  TI ARM Linker PC v20.2.7                     
******************************************************************************
>> Linked Tue Apr  1 09:39:08 2025

OUTPUT FILE NAME:   <Lab8.out>
ENTRY POINT SYMBOL: "_c_int00_noargs"  address: 0000388d


MEMORY CONFIGURATION

         name            origin    length      used     unused   attr    fill
----------------------  --------  ---------  --------  --------  ----  --------
  FLASH                 00000000   00040000  00003c64  0003c39c  R  X
  SRAM                  20000000   00008000  00002319  00005ce7  RW X


SEGMENT ALLOCATION MAP

run origin  load origin   length   init length attrs members
----------  ----------- ---------- ----------- ----- -------
00000000    00000000    00003c68   00003c68    r-x
  00000000    00000000    0000026c   0000026c    r-- .intvecs
  0000026c    0000026c    00003888   00003888    r-x .text
  00003af4    00003af4    00000118   00000118    r-- .const
  00003c10    00003c10    00000058   00000058    r-- .cinit
20000000    20000000    0000231d   00000000    rw-
  20000000    20000000    0000026c   00000000    rw- .vtable
  20000270    20000270    00001000   00000000    rw- .stack
  20001270    20001270    00001000   00000000    rw- .sysmem
  20002270    20002270    00000070   00000000    rw- .bss
  200022e0    200022e0    0000003d   00000000    rw- .data


SECTION ALLOCATION MAP

 output                                  attributes/
section   page    origin      length       input sections
--------  ----  ----------  ----------   ----------------
.intvecs   0    00000000    0000026c     
                  00000000    0000026c     tm4c123gh6pm_startup_ccs.obj (.intvecs)

.text      0    0000026c    00003888     
                  0000026c    00000c20     open_interface.obj (.text)
                  00000e8c    00000a4e     rtsv7M4_T_le_v4SPD16_eabi.lib : _printfi.c.obj (.text:__TI_printfi)
                  000018da    00000002                                   : _lock.c.obj (.text:_nop)
                  000018dc    00000328     lcd.obj (.text)
                  00001c04    00000270     rtsv7M4_T_le_v4SPD16_eabi.lib : _printfi.c.obj (.text:_pconv_a)
                  00001e74    0000024c     uart-interrupt.obj (.text)
                  000020c0    00000248     Timer.obj (.text)
                  00002308    000001d0     rtsv7M4_T_le_v4SPD16_eabi.lib : _printfi.c.obj (.text:_pconv_g)
                  000024d8    000001b6                                   : fd_add_t2.asm.obj (.text)
                  0000268e    00000002                                   : div0.asm.obj (.text)
                  00002690    00000148     adc.obj (.text)
                  000027d8    0000013c     rtsv7M4_T_le_v4SPD16_eabi.lib : _printfi.c.obj (.text:_pconv_e)
                  00002914    00000136                                   : fd_div_t2.asm.obj (.text)
                  00002a4a    00000002     --HOLE-- [fill = 0]
                  00002a4c    00000124                                   : _printfi.c.obj (.text:fcvt)
                  00002b70    00000110                                   : s_scalbn.c.obj (.text:scalbn)
                  00002c80    00000100                                   : memory.c.obj (.text:aligned_alloc)
                  00002d80    000000fc                                   : fd_mul_t2.asm.obj (.text)
                  00002e7c    000000e4                                   : memory.c.obj (.text:free)
                  00002f60    000000b1                                   : _printfi.c.obj (.text:_ltostr)
                  00003011    00000001     --HOLE-- [fill = 0]
                  00003012    0000009c                                   : memcpy_t2.asm.obj (.text)
                  000030ae    00000096                                   : ull_div_t2.asm.obj (.text)
                  00003144    00000086                                   : fd_cmp_t2.asm.obj (.text:__aeabi_cdcmple)
                  000031ca    00000086                                   : fd_cmp_t2.asm.obj (.text:__aeabi_cdrcmple)
                  00003250    0000007a                                   : memset_t2.asm.obj (.text)
                  000032ca    00000002     --HOLE-- [fill = 0]
                  000032cc    00000070                                   : memory.c.obj (.text:split)
                  0000333c    0000006e                                   : _printfi.c.obj (.text:_mcpy)
                  000033aa    0000006e                                   : fd_tos_t2.asm.obj (.text)
                  00003418    00000068                                   : copy_decompress_lzss.c.obj (.text:decompress:lzss:__TI_decompress_lzss)
                  00003480    00000064                                   : s_frexp.c.obj (.text:frexp)
                  000034e4    00000062     part2.obj (.text)
                  00003546    00000056     rtsv7M4_T_le_v4SPD16_eabi.lib : _printfi.c.obj (.text:_pconv_f)
                  0000359c    00000054                                   : _ltoa.c.obj (.text:__TI_ltoa)
                  000035f0    00000052                                   : _printfi.c.obj (.text:_ecpy)
                  00003642    00000002     --HOLE-- [fill = 0]
                  00003644    0000004c                                   : atoi.c.obj (.text:atoi)
                  00003690    0000004c                                   : snprintf.c.obj (.text:snprintf)
                  000036dc    00000048                                   : fd_toi_t2.asm.obj (.text)
                  00003724    00000044                                   : autoinit.c.obj (.text:__TI_auto_init_nobinit_nopinit:__TI_auto_init_nobinit_nopinit)
                  00003768    00000040                                   : vsnprintf.c.obj (.text:vsnprintf)
                  000037a8    0000003e                                   : _printfi.c.obj (.text:_fcpy)
                  000037e6    00000002     --HOLE-- [fill = 0]
                  000037e8    00000038                                   : memory.c.obj (.text:calloc)
                  00003820    00000038                                   : fs_tod_t2.asm.obj (.text)
                  00003858    00000034     driverlib.lib : interrupt.obj (.text:IntRegister)
                  0000388c    00000034     rtsv7M4_T_le_v4SPD16_eabi.lib : boot_cortex_m.c.obj (.text:_c_int00_noargs:_c_int00_noargs)
                  000038c0    00000030                                   : snprintf.c.obj (.text:_outs)
                  000038f0    00000030                                   : vsnprintf.c.obj (.text:_outs)
                  00003920    0000002e                                   : i_tofd_t2.asm.obj (.text)
                  0000394e    00000002     --HOLE-- [fill = 0]
                  00003950    00000028                                   : memory.c.obj (.text:free_list_insert)
                  00003978    0000001c                                   : copy_zero_init.c.obj (.text:decompress:ZI:__TI_zero_init_nomemset:__TI_zero_init_nomemset)
                  00003994    0000001c                                   : memory.c.obj (.text:free_list_remove)
                  000039b0    0000001c                                   : memccpy.c.obj (.text:memccpy)
                  000039cc    0000001a                                   : s_copysign.c.obj (.text:copysign)
                  000039e6    00000018                                   : snprintf.c.obj (.text:_outc)
                  000039fe    00000018                                   : vsnprintf.c.obj (.text:_outc)
                  00003a16    00000018     open_interface.obj (.text:oi_parseInt)
                  00003a2e    00000018     rtsv7M4_T_le_v4SPD16_eabi.lib : strcmp.c.obj (.text:strcmp)
                  00003a46    00000016                                   : strchr.c.obj (.text:strchr)
                  00003a5c    00000014                                   : strcpy.c.obj (.text:strcpy)
                  00003a70    00000014                                   : strlen.c.obj (.text:strlen)
                  00003a84    00000012                                   : wcslen.c.obj (.text:wcslen)
                  00003a96    00000010     driverlib.lib : interrupt.obj (.text:IntMasterEnable)
                  00003aa6    00000010     lcd.obj (.text:lcd_clear)
                  00003ab6    0000000e     rtsv7M4_T_le_v4SPD16_eabi.lib : copy_decompress_none.c.obj (.text:decompress:none:__TI_decompress_none)
                  00003ac4    0000000c     driverlib.lib : cpu.obj (.text:CPUcpsie)
                  00003ad0    0000000c     tm4c123gh6pm_startup_ccs.obj (.text)
                  00003adc    00000008     rtsv7M4_T_le_v4SPD16_eabi.lib : errno.c.obj (.text:__aeabi_errno_addr)
                  00003ae4    00000008                                   : memory.c.obj (.text:malloc)
                  00003aec    00000004                                   : pre_init.c.obj (.text:_system_pre_init)
                  00003af0    00000004                                   : exit.c.obj (.text:abort:abort)

.const     0    00003af4    00000118     
                  00003af4    00000101     rtsv7M4_T_le_v4SPD16_eabi.lib : ctype.c.obj (.const:.string:_ctypes_)
                  00003bf5    0000000f     open_interface.obj (.const:.string:$P$T0$3)
                  00003c04    00000004     lcd.obj (.const:.string:lineAddress$1)
                  00003c08    00000004     lcd.obj (.const:.string:lineAddresses$2)

.cinit     0    00003c10    00000058     
                  00003c10    0000001f     (.cinit..data.load) [load image, compression = lzss]
                  00003c2f    00000001     --HOLE-- [fill = 0]
                  00003c30    0000000c     (__TI_handler_table)
                  00003c3c    00000004     --HOLE-- [fill = 0]
                  00003c40    00000008     (.cinit..bss.load) [load image, compression = zero_init]
                  00003c48    00000008     (.cinit..vtable.load) [load image, compression = zero_init]
                  00003c50    00000018     (__TI_cinit_table)

.init_array 
*          0    00000000    00000000     UNINITIALIZED

.vtable    0    20000000    0000026c     UNINITIALIZED
                  20000000    0000026c     driverlib.lib : interrupt.obj (.vtable)

.stack     0    20000270    00001000     UNINITIALIZED
                  20000270    00000004     rtsv7M4_T_le_v4SPD16_eabi.lib : boot_cortex_m.c.obj (.stack)
                  20000274    00000ffc     --HOLE--

.sysmem    0    20001270    00001000     UNINITIALIZED
                  20001270    00000010     rtsv7M4_T_le_v4SPD16_eabi.lib : memory.c.obj (.sysmem)
                  20001280    00000ff0     --HOLE--

.bss       0    20002270    00000070     UNINITIALIZED
                  20002270    00000054     lcd.obj (.bss:lastbuffer$3)
                  200022c4    00000018     open_interface.obj (.bss:firmware$2)
                  200022dc    00000004     (.common:_timeout_ticks)

.data      0    200022e0    0000003d     UNINITIALIZED
                  200022e0    00000020     open_interface.obj (.data)
                  20002300    00000008     rtsv7M4_T_le_v4SPD16_eabi.lib : _lock.c.obj (.data:$O1$$)
                  20002308    00000008                                   : memory.c.obj (.data:$O1$$)
                  20002310    00000008     uart-interrupt.obj (.data)
                  20002318    00000004     rtsv7M4_T_le_v4SPD16_eabi.lib : errno.c.obj (.data)
                  2000231c    00000001     Timer.obj (.data)

__llvm_prf_cnts 
*          0    20000000    00000000     UNINITIALIZED

MODULE SUMMARY

       Module                         code    ro data   rw data
       ------                         ----    -------   -------
    .\
       open_interface.obj             3128    15        56     
       lcd.obj                        824     8         84     
       tm4c123gh6pm_startup_ccs.obj   12      620       0      
       uart-interrupt.obj             588     0         8      
       Timer.obj                      584     0         5      
       adc.obj                        328     0         0      
       part2.obj                      98      0         0      
    +--+------------------------------+-------+---------+---------+
       Total:                         5562    643       153    
                                                               
    C:/ti/TivaWare_C_Series-2.2.0.295/driverlib/ccs/Debug/driverlib.lib
       interrupt.obj                  68      0         620    
       cpu.obj                        12      0         0      
    +--+------------------------------+-------+---------+---------+
       Total:                         80      0         620    
                                                               
    C:\ti\ccs1271\ccs\tools\compiler\ti-cgt-arm_20.2.7.LTS\lib\rtsv7M4_T_le_v4SPD16_eabi.lib
       _printfi.c.obj                 4851    0         0      
       memory.c.obj                   728     0         8      
       fd_add_t2.asm.obj              438     0         0      
       fd_div_t2.asm.obj              310     0         0      
       s_scalbn.c.obj                 272     0         0      
       fd_cmp_t2.asm.obj              268     0         0      
       ctype.c.obj                    0       257       0      
       fd_mul_t2.asm.obj              252     0         0      
       memcpy_t2.asm.obj              156     0         0      
       ull_div_t2.asm.obj             150     0         0      
       snprintf.c.obj                 148     0         0      
       vsnprintf.c.obj                136     0         0      
       memset_t2.asm.obj              122     0         0      
       fd_tos_t2.asm.obj              110     0         0      
       copy_decompress_lzss.c.obj     104     0         0      
       s_frexp.c.obj                  100     0         0      
       _ltoa.c.obj                    84      0         0      
       atoi.c.obj                     76      0         0      
       fd_toi_t2.asm.obj              72      0         0      
       autoinit.c.obj                 68      0         0      
       fs_tod_t2.asm.obj              56      0         0      
       boot_cortex_m.c.obj            52      0         0      
       i_tofd_t2.asm.obj              46      0         0      
       copy_zero_init.c.obj           28      0         0      
       memccpy.c.obj                  28      0         0      
       s_copysign.c.obj               26      0         0      
       strcmp.c.obj                   24      0         0      
       strchr.c.obj                   22      0         0      
       strcpy.c.obj                   20      0         0      
       strlen.c.obj                   20      0         0      
       wcslen.c.obj                   18      0         0      
       copy_decompress_none.c.obj     14      0         0      
       errno.c.obj                    8       0         4      
       _lock.c.obj                    2       0         8      
       exit.c.obj                     4       0         0      
       pre_init.c.obj                 4       0         0      
       div0.asm.obj                   2       0         0      
    +--+------------------------------+-------+---------+---------+
       Total:                         8819    257       20     
                                                               
       Heap:                          0       0         4096   
       Stack:                         0       0         4096   
       Linker Generated:              0       83        0      
    +--+------------------------------+-------+---------+---------+
       Grand Total:                   14461   983       8985   


LINKER GENERATED COPY TABLES

__TI_cinit_table @ 00003c50 records: 3, size/record: 8, table size: 24
	.data: load addr=00003c10, load size=0000001f bytes, run addr=200022e0, run size=0000003d bytes, compression=lzss
	.bss: load addr=00003c40, load size=00000008 bytes, run addr=20002270, run size=00000070 bytes, compression=zero_init
	.vtable: load addr=00003c48, load size=00000008 bytes, run addr=20000000, run size=0000026c bytes, compression=zero_init


LINKER GENERATED HANDLER TABLE

__TI_handler_table @ 00003c30 records: 3, size/record: 4, table size: 12
	index: 0, handler: __TI_zero_init
	index: 1, handler: __TI_decompress_lzss
	index: 2, handler: __TI_decompress_none


GLOBAL SYMBOLS: SORTED ALPHABETICALLY BY Name 

address   name                          
-------   ----                          
00003af1  C$$EXIT                       
00003ac5  CPUcpsie                      
00000bc3  GPIOF_Handler                 
00003a97  IntMasterEnable               
00003859  IntRegister                   
00003ad1  ResetISR                      
00002007  UART1_Handler                 
20001270  __STACK_END                   
00001000  __STACK_SIZE                  
20000470  __STACK_TOP                   
00001000  __SYSMEM_SIZE                 
00003c50  __TI_CINIT_Base               
00003c68  __TI_CINIT_Limit              
00003c30  __TI_Handler_Table_Base       
00003c3c  __TI_Handler_Table_Limit      
00003725  __TI_auto_init_nobinit_nopinit
00003419  __TI_decompress_lzss          
00003ab7  __TI_decompress_none          
0000359d  __TI_ltoa                     
ffffffff  __TI_pprof_out_hndl           
00000e8d  __TI_printfi                  
ffffffff  __TI_prof_data_size           
ffffffff  __TI_prof_data_start          
00000000  __TI_static_base__            
00003979  __TI_zero_init_nomemset       
00003145  __aeabi_cdcmpeq               
00003145  __aeabi_cdcmple               
000031cb  __aeabi_cdrcmple              
000033ab  __aeabi_d2f                   
000036dd  __aeabi_d2iz                  
000024e3  __aeabi_dadd                  
00002915  __aeabi_ddiv                  
00002d81  __aeabi_dmul                  
000024d9  __aeabi_dsub                  
00003add  __aeabi_errno_addr            
00003821  __aeabi_f2d                   
00003921  __aeabi_i2d                   
0000268f  __aeabi_idiv0                 
0000268f  __aeabi_ldiv0                 
00003251  __aeabi_memclr                
00003251  __aeabi_memclr4               
00003251  __aeabi_memclr8               
00003013  __aeabi_memcpy                
00003013  __aeabi_memcpy4               
00003013  __aeabi_memcpy8               
00003253  __aeabi_memset                
00003253  __aeabi_memset4               
00003253  __aeabi_memset8               
000030af  __aeabi_uldivmod              
ffffffff  __binit__                     
ffffffff  __c_args__                    
UNDEFED   __mpu_init                    
20000270  __stack                       
20000000  __start___llvm_prf_cnts       
20000000  __stop___llvm_prf_cnts        
0000388d  _c_int00_noargs               
00003af4  _ctypes_                      
20002300  _lock                         
000018db  _nop                          
2000231c  _running                      
20001270  _sys_memory                   
UNDEFED   _system_post_cinit            
00003aed  _system_pre_init              
200022dc  _timeout_ticks                
20002304  _unlock                       
00003af1  abort                         
00002691  adc_init                      
0000275f  adc_read                      
00002c81  aligned_alloc                 
00003645  atoi                          
ffffffff  binit                         
000037e9  calloc                        
20002310  command_byte                  
20002314  command_flag                  
000039cd  copysign                      
000039cd  copysignl                     
20002318  errno                         
00002e7d  free                          
00003481  frexp                         
00003481  frexpl                        
20000000  g_pfnRAMVectors               
00000000  g_pfnVectors                  
0000097f  go_charge                     
00003aa7  lcd_clear                     
00001ab1  lcd_gotoLine                  
00001919  lcd_init                      
00001b17  lcd_printf                    
000019d9  lcd_putc                      
00001a11  lcd_puts                      
000018dd  lcd_reverseNibble             
00001a2f  lcd_sendCommand               
00001a6d  lcd_sendNibble                
00001ad9  lcd_setCursorPos              
00002b71  ldexp                         
00002b71  ldexpl                        
000034e5  main                          
00003ae5  malloc                        
00002c81  memalign                      
000039b1  memccpy                       
00003013  memcpy                        
00003259  memset                        
200022e0  motor_cal_factor_L            
200022e4  motor_cal_factor_R            
0000026d  oi_alloc                      
00000aa9  oi_checkFirmware              
000002c7  oi_close                      
00000279  oi_free                       
00000ded  oi_getMotorCalibrationLeft    
00000e01  oi_getMotorCalibrationRight   
000002b1  oi_init                       
00000289  oi_init_noupdate              
00000915  oi_loadSong                   
00003a17  oi_parseInt                   
0000032b  oi_parsePacket                
0000096b  oi_play_song                  
0000084b  oi_setLeds                    
00000db1  oi_setMotorCalibration        
0000088f  oi_setWheels                  
00000b51  oi_shutoff_init               
0000098d  oi_uartInit                   
00000a31  oi_uartReceive                
00000a77  oi_uartSendBuff               
00000a15  oi_uartSendChar               
00000a59  oi_uartSendStr                
000002d9  oi_update                     
00002b71  scalbn                        
00002b71  scalbnl                       
00001e75  set_cmnd                      
00003691  snprintf                      
00003a47  strchr                        
00003a2f  strcmp                        
00003a5d  strcpy                        
00003a71  strlen                        
000021df  timer_getMicros               
00002187  timer_getMillis               
000020c1  timer_init                    
00002163  timer_pause                   
00002175  timer_resume                  
00002139  timer_stop                    
00002239  timer_waitMicros              
0000226b  timer_waitMillis              
00001e8f  uart_interrupt_init           
00001fd5  uart_receive                  
00001fb9  uart_sendChar                 
00001fe9  uart_sendStr                  
00003769  vsnprintf                     
00003a85  wcslen                        


GLOBAL SYMBOLS: SORTED BY Symbol Address 

address   name                          
-------   ----                          
00000000  __TI_static_base__            
00000000  g_pfnVectors                  
0000026d  oi_alloc                      
00000279  oi_free                       
00000289  oi_init_noupdate              
000002b1  oi_init                       
000002c7  oi_close                      
000002d9  oi_update                     
0000032b  oi_parsePacket                
0000084b  oi_setLeds                    
0000088f  oi_setWheels                  
00000915  oi_loadSong                   
0000096b  oi_play_song                  
0000097f  go_charge                     
0000098d  oi_uartInit                   
00000a15  oi_uartSendChar               
00000a31  oi_uartReceive                
00000a59  oi_uartSendStr                
00000a77  oi_uartSendBuff               
00000aa9  oi_checkFirmware              
00000b51  oi_shutoff_init               
00000bc3  GPIOF_Handler                 
00000db1  oi_setMotorCalibration        
00000ded  oi_getMotorCalibrationLeft    
00000e01  oi_getMotorCalibrationRight   
00000e8d  __TI_printfi                  
00001000  __STACK_SIZE                  
00001000  __SYSMEM_SIZE                 
000018db  _nop                          
000018dd  lcd_reverseNibble             
00001919  lcd_init                      
000019d9  lcd_putc                      
00001a11  lcd_puts                      
00001a2f  lcd_sendCommand               
00001a6d  lcd_sendNibble                
00001ab1  lcd_gotoLine                  
00001ad9  lcd_setCursorPos              
00001b17  lcd_printf                    
00001e75  set_cmnd                      
00001e8f  uart_interrupt_init           
00001fb9  uart_sendChar                 
00001fd5  uart_receive                  
00001fe9  uart_sendStr                  
00002007  UART1_Handler                 
000020c1  timer_init                    
00002139  timer_stop                    
00002163  timer_pause                   
00002175  timer_resume                  
00002187  timer_getMillis               
000021df  timer_getMicros               
00002239  timer_waitMicros              
0000226b  timer_waitMillis              
000024d9  __aeabi_dsub                  
000024e3  __aeabi_dadd                  
0000268f  __aeabi_idiv0                 
0000268f  __aeabi_ldiv0                 
00002691  adc_init                      
0000275f  adc_read                      
00002915  __aeabi_ddiv                  
00002b71  ldexp                         
00002b71  ldexpl                        
00002b71  scalbn                        
00002b71  scalbnl                       
00002c81  aligned_alloc                 
00002c81  memalign                      
00002d81  __aeabi_dmul                  
00002e7d  free                          
00003013  __aeabi_memcpy                
00003013  __aeabi_memcpy4               
00003013  __aeabi_memcpy8               
00003013  memcpy                        
000030af  __aeabi_uldivmod              
00003145  __aeabi_cdcmpeq               
00003145  __aeabi_cdcmple               
000031cb  __aeabi_cdrcmple              
00003251  __aeabi_memclr                
00003251  __aeabi_memclr4               
00003251  __aeabi_memclr8               
00003253  __aeabi_memset                
00003253  __aeabi_memset4               
00003253  __aeabi_memset8               
00003259  memset                        
000033ab  __aeabi_d2f                   
00003419  __TI_decompress_lzss          
00003481  frexp                         
00003481  frexpl                        
000034e5  main                          
0000359d  __TI_ltoa                     
00003645  atoi                          
00003691  snprintf                      
000036dd  __aeabi_d2iz                  
00003725  __TI_auto_init_nobinit_nopinit
00003769  vsnprintf                     
000037e9  calloc                        
00003821  __aeabi_f2d                   
00003859  IntRegister                   
0000388d  _c_int00_noargs               
00003921  __aeabi_i2d                   
00003979  __TI_zero_init_nomemset       
000039b1  memccpy                       
000039cd  copysign                      
000039cd  copysignl                     
00003a17  oi_parseInt                   
00003a2f  strcmp                        
00003a47  strchr                        
00003a5d  strcpy                        
00003a71  strlen                        
00003a85  wcslen                        
00003a97  IntMasterEnable               
00003aa7  lcd_clear                     
00003ab7  __TI_decompress_none          
00003ac5  CPUcpsie                      
00003ad1  ResetISR                      
00003add  __aeabi_errno_addr            
00003ae5  malloc                        
00003aed  _system_pre_init              
00003af1  C$$EXIT                       
00003af1  abort                         
00003af4  _ctypes_                      
00003c30  __TI_Handler_Table_Base       
00003c3c  __TI_Handler_Table_Limit      
00003c50  __TI_CINIT_Base               
00003c68  __TI_CINIT_Limit              
20000000  __start___llvm_prf_cnts       
20000000  __stop___llvm_prf_cnts        
20000000  g_pfnRAMVectors               
20000270  __stack                       
20000470  __STACK_TOP                   
20001270  __STACK_END                   
20001270  _sys_memory                   
200022dc  _timeout_ticks                
200022e0  motor_cal_factor_L            
200022e4  motor_cal_factor_R            
20002300  _lock                         
20002304  _unlock                       
20002310  command_byte                  
20002314  command_flag                  
20002318  errno                         
2000231c  _running                      
ffffffff  __TI_pprof_out_hndl           
ffffffff  __TI_prof_data_size           
ffffffff  __TI_prof_data_start          
ffffffff  __binit__                     
ffffffff  __c_args__                    
ffffffff  binit                         
UNDEFED   __mpu_init                    
UNDEFED   _system_post_cinit            

[147 symbols]
