******************************************************************************
                  TI ARM Linker PC v20.2.7                     
******************************************************************************
>> Linked Mon Apr  7 14:39:13 2025

OUTPUT FILE NAME:   <Lab9.out>
ENTRY POINT SYMBOL: "_c_int00_noargs"  address: 000027cd


MEMORY CONFIGURATION

         name            origin    length      used     unused   attr    fill
----------------------  --------  ---------  --------  --------  ----  --------
  FLASH                 00000000   00040000  00002b01  0003d4ff  R  X
  SRAM                  20000000   00008000  000022d4  00005d2c  RW X


SEGMENT ALLOCATION MAP

run origin  load origin   length   init length attrs members
----------  ----------- ---------- ----------- ----- -------
00000000    00000000    00002b08   00002b08    r-x
  00000000    00000000    0000026c   0000026c    r-- .intvecs
  0000026c    0000026c    0000274c   0000274c    r-x .text
  000029b8    000029b8    00000109   00000109    r-- .const
  00002ac8    00002ac8    00000040   00000040    r-- .cinit
20000000    20000000    000022d8   00000000    rw-
  20000000    20000000    0000026c   00000000    rw- .vtable
  20000270    20000270    00001000   00000000    rw- .stack
  20001270    20001270    00001000   00000000    rw- .sysmem
  20002270    20002270    00000058   00000000    rw- .bss
  200022c8    200022c8    00000010   00000000    rw- .data


SECTION ALLOCATION MAP

 output                                  attributes/
section   page    origin      length       input sections
--------  ----  ----------  ----------   ----------------
.intvecs   0    00000000    0000026c     
                  00000000    0000026c     tm4c123gh6pm_startup_ccs.obj (.intvecs)

.text      0    0000026c    0000274c     
                  0000026c    00000a4e     rtsv7M4_T_le_v4SPD16_eabi.lib : _printfi.c.obj (.text:__TI_printfi)
                  00000cba    00000002                                   : div0.asm.obj (.text)
                  00000cbc    00000328     lcd.obj (.text)
                  00000fe4    000002a0     ping.obj (.text)
                  00001284    00000270     rtsv7M4_T_le_v4SPD16_eabi.lib : _printfi.c.obj (.text:_pconv_a)
                  000014f4    00000248     Timer.obj (.text)
                  0000173c    000001d0     rtsv7M4_T_le_v4SPD16_eabi.lib : _printfi.c.obj (.text:_pconv_g)
                  0000190c    000001b6                                   : fd_add_t2.asm.obj (.text)
                  00001ac2    00000002     --HOLE-- [fill = 0]
                  00001ac4    0000013c                                   : _printfi.c.obj (.text:_pconv_e)
                  00001c00    00000136                                   : fd_div_t2.asm.obj (.text)
                  00001d36    00000002     --HOLE-- [fill = 0]
                  00001d38    00000124                                   : _printfi.c.obj (.text:fcvt)
                  00001e5c    00000110                                   : s_scalbn.c.obj (.text:scalbn)
                  00001f6c    000000fc                                   : fd_mul_t2.asm.obj (.text)
                  00002068    000000b1                                   : _printfi.c.obj (.text:_ltostr)
                  00002119    00000001     --HOLE-- [fill = 0]
                  0000211a    0000009c                                   : memcpy_t2.asm.obj (.text)
                  000021b6    00000096                                   : ull_div_t2.asm.obj (.text)
                  0000224c    00000086                                   : fd_cmp_t2.asm.obj (.text:__aeabi_cdcmple)
                  000022d2    00000086                                   : fd_cmp_t2.asm.obj (.text:__aeabi_cdrcmple)
                  00002358    0000007a                                   : memset_t2.asm.obj (.text)
                  000023d2    0000006e                                   : _printfi.c.obj (.text:_mcpy)
                  00002440    00000068                                   : copy_decompress_lzss.c.obj (.text:decompress:lzss:__TI_decompress_lzss)
                  000024a8    00000064                                   : s_frexp.c.obj (.text:frexp)
                  0000250c    00000056                                   : _printfi.c.obj (.text:_pconv_f)
                  00002562    00000054                                   : _ltoa.c.obj (.text:__TI_ltoa)
                  000025b6    00000052                                   : _printfi.c.obj (.text:_ecpy)
                  00002608    0000004c                                   : atoi.c.obj (.text:atoi)
                  00002654    00000048                                   : fd_toi_t2.asm.obj (.text)
                  0000269c    00000044                                   : autoinit.c.obj (.text:__TI_auto_init_nobinit_nopinit:__TI_auto_init_nobinit_nopinit)
                  000026e0    00000040                                   : vsnprintf.c.obj (.text:vsnprintf)
                  00002720    0000003e                                   : _printfi.c.obj (.text:_fcpy)
                  0000275e    00000038                                   : fs_tod_t2.asm.obj (.text)
                  00002796    00000002     --HOLE-- [fill = 0]
                  00002798    00000034     driverlib.lib : interrupt.obj (.text:IntRegister)
                  000027cc    00000034     rtsv7M4_T_le_v4SPD16_eabi.lib : boot_cortex_m.c.obj (.text:_c_int00_noargs:_c_int00_noargs)
                  00002800    00000032     main.obj (.text)
                  00002832    00000030     rtsv7M4_T_le_v4SPD16_eabi.lib : vsnprintf.c.obj (.text:_outs)
                  00002862    0000002e                                   : i_tofd_t2.asm.obj (.text)
                  00002890    0000001c                                   : copy_zero_init.c.obj (.text:decompress:ZI:__TI_zero_init_nomemset:__TI_zero_init_nomemset)
                  000028ac    0000001c                                   : memccpy.c.obj (.text:memccpy)
                  000028c8    0000001a                                   : s_copysign.c.obj (.text:copysign)
                  000028e2    00000018                                   : vsnprintf.c.obj (.text:_outc)
                  000028fa    00000018                                   : strcmp.c.obj (.text:strcmp)
                  00002912    00000016                                   : strchr.c.obj (.text:strchr)
                  00002928    00000014                                   : strcpy.c.obj (.text:strcpy)
                  0000293c    00000014                                   : strlen.c.obj (.text:strlen)
                  00002950    00000012                                   : wcslen.c.obj (.text:wcslen)
                  00002962    00000010     driverlib.lib : interrupt.obj (.text:IntMasterEnable)
                  00002972    00000010     lcd.obj (.text:lcd_clear)
                  00002982    0000000e     rtsv7M4_T_le_v4SPD16_eabi.lib : copy_decompress_none.c.obj (.text:decompress:none:__TI_decompress_none)
                  00002990    0000000c     driverlib.lib : cpu.obj (.text:CPUcpsie)
                  0000299c    0000000c     tm4c123gh6pm_startup_ccs.obj (.text)
                  000029a8    00000008     rtsv7M4_T_le_v4SPD16_eabi.lib : errno.c.obj (.text:__aeabi_errno_addr)
                  000029b0    00000004                                   : pre_init.c.obj (.text:_system_pre_init)
                  000029b4    00000004                                   : exit.c.obj (.text:abort:abort)

.const     0    000029b8    00000109     
                  000029b8    00000101     rtsv7M4_T_le_v4SPD16_eabi.lib : ctype.c.obj (.const:.string:_ctypes_)
                  00002ab9    00000004     lcd.obj (.const:.string:lineAddress$1)
                  00002abd    00000004     lcd.obj (.const:.string:lineAddresses$2)

.cinit     0    00002ac8    00000040     
                  00002ac8    0000000c     (__TI_handler_table)
                  00002ad4    00000004     --HOLE-- [fill = 0]
                  00002ad8    00000008     (.cinit..bss.load) [load image, compression = zero_init]
                  00002ae0    00000008     (.cinit..vtable.load) [load image, compression = zero_init]
                  00002ae8    00000007     (.cinit..data.load) [load image, compression = lzss]
                  00002aef    00000001     --HOLE-- [fill = 0]
                  00002af0    00000018     (__TI_cinit_table)

.init_array 
*          0    00000000    00000000     UNINITIALIZED

.vtable    0    20000000    0000026c     UNINITIALIZED
                  20000000    0000026c     driverlib.lib : interrupt.obj (.vtable)

.stack     0    20000270    00001000     UNINITIALIZED
                  20000270    00000004     rtsv7M4_T_le_v4SPD16_eabi.lib : boot_cortex_m.c.obj (.stack)
                  20000274    00000ffc     --HOLE--

.sysmem    0    20001270    00001000     UNINITIALIZED
                  20001270    00000010     rtsv7M4_T_le_v4SPD16_eabi.lib : memory.c.obj (.sysmem)
                  20001280    00000ff0     --HOLE--

.bss       0    20002270    00000058     UNINITIALIZED
                  20002270    00000054     lcd.obj (.bss:lastbuffer$3)
                  200022c4    00000004     (.common:_timeout_ticks)

.data      0    200022c8    00000010     UNINITIALIZED
                  200022c8    0000000a     ping.obj (.data)
                  200022d2    00000001     Timer.obj (.data)
                  200022d3    00000001     --HOLE--
                  200022d4    00000004     rtsv7M4_T_le_v4SPD16_eabi.lib : errno.c.obj (.data)

__llvm_prf_cnts 
*          0    20000000    00000000     UNINITIALIZED

MODULE SUMMARY

       Module                         code    ro data   rw data
       ------                         ----    -------   -------
    .\
       lcd.obj                        824     8         84     
       ping.obj                       672     0         10     
       tm4c123gh6pm_startup_ccs.obj   12      620       0      
       Timer.obj                      584     0         5      
       main.obj                       50      0         0      
    +--+------------------------------+-------+---------+---------+
       Total:                         2142    628       99     
                                                               
    C:/ti/TivaWare_C_Series-2.2.0.295/driverlib/ccs/Debug/driverlib.lib
       interrupt.obj                  68      0         620    
       cpu.obj                        12      0         0      
    +--+------------------------------+-------+---------+---------+
       Total:                         80      0         620    
                                                               
    C:\ti\ccs1271\ccs\tools\compiler\ti-cgt-arm_20.2.7.LTS\lib\rtsv7M4_T_le_v4SPD16_eabi.lib
       _printfi.c.obj                 4851    0         0      
       fd_add_t2.asm.obj              438     0         0      
       fd_div_t2.asm.obj              310     0         0      
       s_scalbn.c.obj                 272     0         0      
       fd_cmp_t2.asm.obj              268     0         0      
       ctype.c.obj                    0       257       0      
       fd_mul_t2.asm.obj              252     0         0      
       memcpy_t2.asm.obj              156     0         0      
       ull_div_t2.asm.obj             150     0         0      
       vsnprintf.c.obj                136     0         0      
       memset_t2.asm.obj              122     0         0      
       copy_decompress_lzss.c.obj     104     0         0      
       s_frexp.c.obj                  100     0         0      
       _ltoa.c.obj                    84      0         0      
       atoi.c.obj                     76      0         0      
       fd_toi_t2.asm.obj              72      0         0      
       autoinit.c.obj                 68      0         0      
       fs_tod_t2.asm.obj              56      0         0      
       boot_cortex_m.c.obj            52      0         0      
       i_tofd_t2.asm.obj              46      0         0      
       copy_zero_init.c.obj           28      0         0      
       memccpy.c.obj                  28      0         0      
       s_copysign.c.obj               26      0         0      
       strcmp.c.obj                   24      0         0      
       strchr.c.obj                   22      0         0      
       strcpy.c.obj                   20      0         0      
       strlen.c.obj                   20      0         0      
       wcslen.c.obj                   18      0         0      
       copy_decompress_none.c.obj     14      0         0      
       errno.c.obj                    8       0         4      
       exit.c.obj                     4       0         0      
       pre_init.c.obj                 4       0         0      
       div0.asm.obj                   2       0         0      
    +--+------------------------------+-------+---------+---------+
       Total:                         7831    257       4      
                                                               
       Heap:                          0       0         4096   
       Stack:                         0       0         4096   
       Linker Generated:              0       59        0      
    +--+------------------------------+-------+---------+---------+
       Grand Total:                   10053   944       8915   


LINKER GENERATED COPY TABLES

__TI_cinit_table @ 00002af0 records: 3, size/record: 8, table size: 24
	.bss: load addr=00002ad8, load size=00000008 bytes, run addr=20002270, run size=00000058 bytes, compression=zero_init
	.vtable: load addr=00002ae0, load size=00000008 bytes, run addr=20000000, run size=0000026c bytes, compression=zero_init
	.data: load addr=00002ae8, load size=00000007 bytes, run addr=200022c8, run size=00000010 bytes, compression=lzss


LINKER GENERATED HANDLER TABLE

__TI_handler_table @ 00002ac8 records: 3, size/record: 4, table size: 12
	index: 0, handler: __TI_zero_init
	index: 1, handler: __TI_decompress_lzss
	index: 2, handler: __TI_decompress_none


GLOBAL SYMBOLS: SORTED ALPHABETICALLY BY Name 

address   name                          
-------   ----                          
000029b5  C$$EXIT                       
00002991  CPUcpsie                      
00002963  IntMasterEnable               
00002799  IntRegister                   
0000299d  ResetISR                      
0000115b  TIMER3B_Handler               
20001270  __STACK_END                   
00001000  __STACK_SIZE                  
20000470  __STACK_TOP                   
00001000  __SYSMEM_SIZE                 
00002af0  __TI_CINIT_Base               
00002b08  __TI_CINIT_Limit              
00002ac8  __TI_Handler_Table_Base       
00002ad4  __TI_Handler_Table_Limit      
0000269d  __TI_auto_init_nobinit_nopinit
00002441  __TI_decompress_lzss          
00002983  __TI_decompress_none          
00002563  __TI_ltoa                     
ffffffff  __TI_pprof_out_hndl           
0000026d  __TI_printfi                  
ffffffff  __TI_prof_data_size           
ffffffff  __TI_prof_data_start          
00000000  __TI_static_base__            
00002891  __TI_zero_init_nomemset       
0000224d  __aeabi_cdcmpeq               
0000224d  __aeabi_cdcmple               
000022d3  __aeabi_cdrcmple              
00002655  __aeabi_d2iz                  
00001917  __aeabi_dadd                  
00001c01  __aeabi_ddiv                  
00001f6d  __aeabi_dmul                  
0000190d  __aeabi_dsub                  
000029a9  __aeabi_errno_addr            
0000275f  __aeabi_f2d                   
00002863  __aeabi_i2d                   
00000cbb  __aeabi_idiv0                 
00000cbb  __aeabi_ldiv0                 
00002359  __aeabi_memclr                
00002359  __aeabi_memclr4               
00002359  __aeabi_memclr8               
0000211b  __aeabi_memcpy                
0000211b  __aeabi_memcpy4               
0000211b  __aeabi_memcpy8               
0000235b  __aeabi_memset                
0000235b  __aeabi_memset4               
0000235b  __aeabi_memset8               
000021b7  __aeabi_uldivmod              
ffffffff  __binit__                     
ffffffff  __c_args__                    
UNDEFED   __mpu_init                    
20000270  __stack                       
20000000  __start___llvm_prf_cnts       
20000000  __stop___llvm_prf_cnts        
000027cd  _c_int00_noargs               
000029b8  _ctypes_                      
200022d2  _running                      
20001270  _sys_memory                   
UNDEFED   _system_post_cinit            
000029b1  _system_pre_init              
200022c4  _timeout_ticks                
000029b5  abort                         
00002609  atoi                          
ffffffff  binit                         
000028c9  copysign                      
000028c9  copysignl                     
200022d4  errno                         
000024a9  frexp                         
000024a9  frexpl                        
200022cc  g_end_time                    
20000000  g_pfnRAMVectors               
00000000  g_pfnVectors                  
200022c8  g_start_time                  
200022d0  g_state                       
00002973  lcd_clear                     
00000e91  lcd_gotoLine                  
00000cf9  lcd_init                      
00000ef7  lcd_printf                    
00000db9  lcd_putc                      
00000df1  lcd_puts                      
00000cbd  lcd_reverseNibble             
00000e0f  lcd_sendCommand               
00000e4d  lcd_sendNibble                
00000eb9  lcd_setCursorPos              
00001e5d  ldexp                         
00001e5d  ldexpl                        
00002801  main                          
000028ad  memccpy                       
0000211b  memcpy                        
00002361  memset                        
200022d1  overflow                      
0000119f  ping_getDistance              
00000fe5  ping_init                     
000010bb  ping_trigger                  
00001e5d  scalbn                        
00001e5d  scalbnl                       
00002913  strchr                        
000028fb  strcmp                        
00002929  strcpy                        
0000293d  strlen                        
00001613  timer_getMicros               
000015bb  timer_getMillis               
000014f5  timer_init                    
00001597  timer_pause                   
000015a9  timer_resume                  
0000156d  timer_stop                    
0000166d  timer_waitMicros              
0000169f  timer_waitMillis              
000026e1  vsnprintf                     
00002951  wcslen                        


GLOBAL SYMBOLS: SORTED BY Symbol Address 

address   name                          
-------   ----                          
00000000  __TI_static_base__            
00000000  g_pfnVectors                  
0000026d  __TI_printfi                  
00000cbb  __aeabi_idiv0                 
00000cbb  __aeabi_ldiv0                 
00000cbd  lcd_reverseNibble             
00000cf9  lcd_init                      
00000db9  lcd_putc                      
00000df1  lcd_puts                      
00000e0f  lcd_sendCommand               
00000e4d  lcd_sendNibble                
00000e91  lcd_gotoLine                  
00000eb9  lcd_setCursorPos              
00000ef7  lcd_printf                    
00000fe5  ping_init                     
00001000  __STACK_SIZE                  
00001000  __SYSMEM_SIZE                 
000010bb  ping_trigger                  
0000115b  TIMER3B_Handler               
0000119f  ping_getDistance              
000014f5  timer_init                    
0000156d  timer_stop                    
00001597  timer_pause                   
000015a9  timer_resume                  
000015bb  timer_getMillis               
00001613  timer_getMicros               
0000166d  timer_waitMicros              
0000169f  timer_waitMillis              
0000190d  __aeabi_dsub                  
00001917  __aeabi_dadd                  
00001c01  __aeabi_ddiv                  
00001e5d  ldexp                         
00001e5d  ldexpl                        
00001e5d  scalbn                        
00001e5d  scalbnl                       
00001f6d  __aeabi_dmul                  
0000211b  __aeabi_memcpy                
0000211b  __aeabi_memcpy4               
0000211b  __aeabi_memcpy8               
0000211b  memcpy                        
000021b7  __aeabi_uldivmod              
0000224d  __aeabi_cdcmpeq               
0000224d  __aeabi_cdcmple               
000022d3  __aeabi_cdrcmple              
00002359  __aeabi_memclr                
00002359  __aeabi_memclr4               
00002359  __aeabi_memclr8               
0000235b  __aeabi_memset                
0000235b  __aeabi_memset4               
0000235b  __aeabi_memset8               
00002361  memset                        
00002441  __TI_decompress_lzss          
000024a9  frexp                         
000024a9  frexpl                        
00002563  __TI_ltoa                     
00002609  atoi                          
00002655  __aeabi_d2iz                  
0000269d  __TI_auto_init_nobinit_nopinit
000026e1  vsnprintf                     
0000275f  __aeabi_f2d                   
00002799  IntRegister                   
000027cd  _c_int00_noargs               
00002801  main                          
00002863  __aeabi_i2d                   
00002891  __TI_zero_init_nomemset       
000028ad  memccpy                       
000028c9  copysign                      
000028c9  copysignl                     
000028fb  strcmp                        
00002913  strchr                        
00002929  strcpy                        
0000293d  strlen                        
00002951  wcslen                        
00002963  IntMasterEnable               
00002973  lcd_clear                     
00002983  __TI_decompress_none          
00002991  CPUcpsie                      
0000299d  ResetISR                      
000029a9  __aeabi_errno_addr            
000029b1  _system_pre_init              
000029b5  C$$EXIT                       
000029b5  abort                         
000029b8  _ctypes_                      
00002ac8  __TI_Handler_Table_Base       
00002ad4  __TI_Handler_Table_Limit      
00002af0  __TI_CINIT_Base               
00002b08  __TI_CINIT_Limit              
20000000  __start___llvm_prf_cnts       
20000000  __stop___llvm_prf_cnts        
20000000  g_pfnRAMVectors               
20000270  __stack                       
20000470  __STACK_TOP                   
20001270  __STACK_END                   
20001270  _sys_memory                   
200022c4  _timeout_ticks                
200022c8  g_start_time                  
200022cc  g_end_time                    
200022d0  g_state                       
200022d1  overflow                      
200022d2  _running                      
200022d4  errno                         
ffffffff  __TI_pprof_out_hndl           
ffffffff  __TI_prof_data_size           
ffffffff  __TI_prof_data_start          
ffffffff  __binit__                     
ffffffff  __c_args__                    
ffffffff  binit                         
UNDEFED   __mpu_init                    
UNDEFED   _system_post_cinit            

[109 symbols]
